Archive member included to satisfy reference by file (symbol)

/usr/lib/gcc/arm-none-eabi/9.2.1/thumb/v6-m/nofp/libgcc.a(_dvmd_tls.o)
                              CMakeFiles/picow_blink.dir/__/__/lib/pico-sdk/src/rp2_common/pico_divider/divider_hardware.S.o (__aeabi_idiv0)
/usr/lib/gcc/arm-none-eabi/9.2.1/../../../arm-none-eabi/lib/thumb/v6-m/nofp/libg.a(lib_a-atexit.o)
                              /usr/lib/gcc/arm-none-eabi/9.2.1/../../../arm-none-eabi/lib/thumb/v6-m/nofp/crt0.o (atexit)
/usr/lib/gcc/arm-none-eabi/9.2.1/../../../arm-none-eabi/lib/thumb/v6-m/nofp/libg.a(lib_a-calloc.o)
                              CMakeFiles/picow_blink.dir/__/__/lib/pico-sdk/src/rp2_common/pico_malloc/malloc.c.o (calloc)
/usr/lib/gcc/arm-none-eabi/9.2.1/../../../arm-none-eabi/lib/thumb/v6-m/nofp/libg.a(lib_a-callocr.o)
                              /usr/lib/gcc/arm-none-eabi/9.2.1/../../../arm-none-eabi/lib/thumb/v6-m/nofp/libg.a(lib_a-calloc.o) (_calloc_r)
/usr/lib/gcc/arm-none-eabi/9.2.1/../../../arm-none-eabi/lib/thumb/v6-m/nofp/libg.a(lib_a-fini.o)
                              /usr/lib/gcc/arm-none-eabi/9.2.1/../../../arm-none-eabi/lib/thumb/v6-m/nofp/crt0.o (__libc_fini_array)
/usr/lib/gcc/arm-none-eabi/9.2.1/../../../arm-none-eabi/lib/thumb/v6-m/nofp/libg.a(lib_a-impure.o)
                              /usr/lib/gcc/arm-none-eabi/9.2.1/../../../arm-none-eabi/lib/thumb/v6-m/nofp/libg.a(lib_a-calloc.o) (_impure_ptr)
/usr/lib/gcc/arm-none-eabi/9.2.1/../../../arm-none-eabi/lib/thumb/v6-m/nofp/libg.a(lib_a-init.o)
                              /usr/lib/gcc/arm-none-eabi/9.2.1/../../../arm-none-eabi/lib/thumb/v6-m/nofp/crt0.o (__libc_init_array)
/usr/lib/gcc/arm-none-eabi/9.2.1/../../../arm-none-eabi/lib/thumb/v6-m/nofp/libg.a(lib_a-lcltime_r.o)
                              CMakeFiles/picow_blink.dir/__/__/lib/pico-sdk/src/common/pico_util/datetime.c.o (localtime_r)
/usr/lib/gcc/arm-none-eabi/9.2.1/../../../arm-none-eabi/lib/thumb/v6-m/nofp/libg.a(lib_a-malloc.o)
                              CMakeFiles/picow_blink.dir/__/__/lib/pico-sdk/src/rp2_common/pico_malloc/malloc.c.o (malloc)
/usr/lib/gcc/arm-none-eabi/9.2.1/../../../arm-none-eabi/lib/thumb/v6-m/nofp/libg.a(lib_a-mallocr.o)
                              /usr/lib/gcc/arm-none-eabi/9.2.1/../../../arm-none-eabi/lib/thumb/v6-m/nofp/libg.a(lib_a-callocr.o) (_malloc_r)
/usr/lib/gcc/arm-none-eabi/9.2.1/../../../arm-none-eabi/lib/thumb/v6-m/nofp/libg.a(lib_a-memcmp.o)
                              CMakeFiles/picow_blink.dir/__/__/lib/pico-sdk/src/rp2_common/pico_atomic/atomic.c.o (memcmp)
/usr/lib/gcc/arm-none-eabi/9.2.1/../../../arm-none-eabi/lib/thumb/v6-m/nofp/libg.a(lib_a-memmove.o)
                              CMakeFiles/picow_blink.dir/__/__/lib/pico-sdk/lib/cyw43-driver/src/cyw43_ll.c.o (memmove)
/usr/lib/gcc/arm-none-eabi/9.2.1/../../../arm-none-eabi/lib/thumb/v6-m/nofp/libg.a(lib_a-mktime.o)
                              CMakeFiles/picow_blink.dir/__/__/lib/pico-sdk/src/common/pico_util/datetime.c.o (mktime)
/usr/lib/gcc/arm-none-eabi/9.2.1/../../../arm-none-eabi/lib/thumb/v6-m/nofp/libg.a(lib_a-mlock.o)
                              /usr/lib/gcc/arm-none-eabi/9.2.1/../../../arm-none-eabi/lib/thumb/v6-m/nofp/libg.a(lib_a-mallocr.o) (__malloc_lock)
/usr/lib/gcc/arm-none-eabi/9.2.1/../../../arm-none-eabi/lib/thumb/v6-m/nofp/libg.a(lib_a-month_lengths.o)
                              /usr/lib/gcc/arm-none-eabi/9.2.1/../../../arm-none-eabi/lib/thumb/v6-m/nofp/libg.a(lib_a-lcltime_r.o) (__month_lengths)
/usr/lib/gcc/arm-none-eabi/9.2.1/../../../arm-none-eabi/lib/thumb/v6-m/nofp/libg.a(lib_a-realloc.o)
                              CMakeFiles/picow_blink.dir/__/__/lib/pico-sdk/src/rp2_common/pico_malloc/malloc.c.o (realloc)
/usr/lib/gcc/arm-none-eabi/9.2.1/../../../arm-none-eabi/lib/thumb/v6-m/nofp/libg.a(lib_a-reallocr.o)
                              /usr/lib/gcc/arm-none-eabi/9.2.1/../../../arm-none-eabi/lib/thumb/v6-m/nofp/libg.a(lib_a-realloc.o) (_realloc_r)
/usr/lib/gcc/arm-none-eabi/9.2.1/../../../arm-none-eabi/lib/thumb/v6-m/nofp/libg.a(lib_a-sbrkr.o)
                              /usr/lib/gcc/arm-none-eabi/9.2.1/../../../arm-none-eabi/lib/thumb/v6-m/nofp/libg.a(lib_a-mallocr.o) (_sbrk_r)
/usr/lib/gcc/arm-none-eabi/9.2.1/../../../arm-none-eabi/lib/thumb/v6-m/nofp/libg.a(lib_a-strlen-stub.o)
                              CMakeFiles/picow_blink.dir/__/__/lib/pico-sdk/src/rp2_common/pico_stdio/stdio.c.o (strlen)
/usr/lib/gcc/arm-none-eabi/9.2.1/../../../arm-none-eabi/lib/thumb/v6-m/nofp/libg.a(lib_a-strncmp.o)
                              CMakeFiles/picow_blink.dir/__/__/lib/pico-sdk/lib/cyw43-driver/src/cyw43_ll.c.o (strncmp)
/usr/lib/gcc/arm-none-eabi/9.2.1/../../../arm-none-eabi/lib/thumb/v6-m/nofp/libg.a(lib_a-tzcalc_limits.o)
                              /usr/lib/gcc/arm-none-eabi/9.2.1/../../../arm-none-eabi/lib/thumb/v6-m/nofp/libg.a(lib_a-lcltime_r.o) (__tzcalc_limits)
[...]
Memory Configuration

Name             Origin             Length             Attributes
FLASH            0x0000000010000000 0x0000000000200000 xr
RAM              0x0000000020000000 0x0000000000040000 xrw
SCRATCH_X        0x0000000020040000 0x0000000000001000 xrw
SCRATCH_Y        0x0000000020041000 0x0000000000001000 xrw
*default*        0x0000000000000000 0xffffffffffffffff

Linker script and memory map

LOAD /usr/lib/gcc/arm-none-eabi/9.2.1/thumb/v6-m/nofp/crti.o
LOAD /usr/lib/gcc/arm-none-eabi/9.2.1/thumb/v6-m/nofp/crtbegin.o
LOAD /usr/lib/gcc/arm-none-eabi/9.2.1/../../../arm-none-eabi/lib/thumb/v6-m/nofp/crt0.o

.flash_begin    0x0000000010000000        0x0
                0x0000000010000000                __flash_binary_start = .

.boot2          0x0000000010000000      0x100
                0x0000000010000000                __boot2_start__ = .
 *(.boot2)
 .boot2         0x0000000010000000      0x100 ../../pico-sdk/src/rp2040/boot_stage2/CMakeFiles/bs2_default_library.dir/bs2_default_padded_checksummed.S.o
                0x0000000010000100                __boot2_end__ = .
                0x0000000000000001                ASSERT (((__boot2_end__ - __boot2_start__) == 0x100), ERROR: Pico second stage bootloader must be 256 bytes in size)

.text           0x0000000010000100     0xbf00
                0x0000000010000100                __logical_binary_start = .
 *(.vectors)
 .vectors       0x0000000010000100       0xd4 CMakeFiles/picow_blink.dir/__/__/lib/pico-sdk/src/rp2_common/pico_crt0/crt0.S.o
                0x0000000010000100                __vectors
                0x0000000010000100                __VECTOR_TABLE
                0x00000000100001c0                isr_invalid
                0x00000000100001c0                __default_isrs_start
                0x00000000100001c2                isr_nmi
                0x00000000100001c4                isr_hardfault
                0x00000000100001c6                isr_svcall
                0x00000000100001c8                isr_pendsv
                0x00000000100001ca                isr_systick
                0x00000000100001cc                isr_irq30
                0x00000000100001cc                __unhandled_user_irq
                0x00000000100001cc                isr_irq13
                0x00000000100001cc                isr_irq27
                0x00000000100001cc                isr_irq31
                0x00000000100001cc                isr_irq5
                0x00000000100001cc                isr_irq11
                0x00000000100001cc                isr_irq23
                0x00000000100001cc                isr_irq18
                0x00000000100001cc                isr_irq28
                0x00000000100001cc                isr_irq19
                0x00000000100001cc                isr_irq0
                0x00000000100001cc                isr_irq6
                0x00000000100001cc                isr_irq22
                0x00000000100001cc                isr_irq17
                0x00000000100001cc                isr_irq14
                0x00000000100001cc                isr_irq2
                0x00000000100001cc                isr_irq10
                0x00000000100001cc                isr_irq8
                0x00000000100001cc                isr_irq24
                0x00000000100001cc                isr_irq1
                0x00000000100001cc                isr_irq7
                0x00000000100001cc                isr_irq21
                0x00000000100001cc                isr_irq20
                0x00000000100001cc                isr_irq15
                0x00000000100001cc                isr_irq25
                0x00000000100001cc                isr_irq4
                0x00000000100001cc                isr_irq16
                0x00000000100001cc                isr_irq29
                0x00000000100001cc                isr_irq26
                0x00000000100001cc                __default_isrs_end
                0x00000000100001cc                isr_irq3
                0x00000000100001cc                isr_irq12
                0x00000000100001cc                isr_irq9
                0x00000000100001d2                unhandled_user_irq_num_in_r0
 *(.binary_info_header)
 .binary_info_header
                0x00000000100001d4       0x14 CMakeFiles/picow_blink.dir/__/__/lib/pico-sdk/src/rp2_common/pico_crt0/crt0.S.o
                0x00000000100001e8                __binary_info_header_end = .
 *(.embedded_block)
                0x00000000100001e8                __embedded_block_end = .
 *(.reset)
 .reset         0x00000000100001e8       0x9c CMakeFiles/picow_blink.dir/__/__/lib/pico-sdk/src/rp2_common/pico_crt0/crt0.S.o
                0x00000000100001e8                _entry_point
 *(.init)
 .init          0x0000000010000284        0x4 /usr/lib/gcc/arm-none-eabi/9.2.1/thumb/v6-m/nofp/crti.o
                0x0000000010000284                _init
 *(EXCLUDE_FILE(*libm.a: *libc.a:*lib_a-mem*.o *libgcc.a:) .text*)
 .text          0x0000000010000288       0x98 /usr/lib/gcc/arm-none-eabi/9.2.1/thumb/v6-m/nofp/crtbegin.o
 .text._Z8led_taskPv
                0x0000000010000320       0x24 CMakeFiles/picow_blink.dir/main.cpp.o
                0x0000000010000320                led_task(void*)
 .text.startup.main
                0x0000000010000344       0x44 CMakeFiles/picow_blink.dir/main.cpp.o
                0x0000000010000344                main
 .text.gpio_set_function
                0x0000000010000388       0x34 CMakeFiles/picow_blink.dir/__/__/lib/pico-sdk/src/rp2_common/hardware_gpio/gpio.c.o
                0x0000000010000388                gpio_set_function
 .text.gpio_set_pulls
                0x00000000100003bc       0x34 CMakeFiles/picow_blink.dir/__/__/lib/pico-sdk/src/rp2_common/hardware_gpio/gpio.c.o
                0x00000000100003bc                gpio_set_pulls
 .text.gpio_set_input_hysteresis_enabled
                0x00000000100003f0       0x28 CMakeFiles/picow_blink.dir/__/__/lib/pico-sdk/src/rp2_common/hardware_gpio/gpio.c.o
                0x00000000100003f0                gpio_set_input_hysteresis_enabled
 .text.gpio_set_irq_enabled
                0x0000000010000418       0x58 CMakeFiles/picow_blink.dir/__/__/lib/pico-sdk/src/rp2_common/hardware_gpio/gpio.c.o
                0x0000000010000418                gpio_set_irq_enabled
 .text.gpio_add_raw_irq_handler_with_order_priority_masked
                0x0000000010000470       0x44 CMakeFiles/picow_blink.dir/__/__/lib/pico-sdk/src/rp2_common/hardware_gpio/gpio.c.o
                0x0000000010000470                gpio_add_raw_irq_handler_with_order_priority_masked
 .text.gpio_remove_raw_irq_handler_masked
                0x00000000100004b4       0x20 CMakeFiles/picow_blink.dir/__/__/lib/pico-sdk/src/rp2_common/hardware_gpio/gpio.c.o
                0x00000000100004b4                gpio_remove_raw_irq_handler_masked
 .text.gpio_init
                0x00000000100004d4       0x40 CMakeFiles/picow_blink.dir/__/__/lib/pico-sdk/src/rp2_common/hardware_gpio/gpio.c.o
                0x00000000100004d4                gpio_init
 .text.panic    0x0000000010000514       0x30 CMakeFiles/picow_blink.dir/__/__/lib/pico-sdk/src/rp2_common/pico_platform_panic/panic.c.o
                0x0000000010000514                panic
 .text.panic_unsupported
                0x0000000010000544        0xc CMakeFiles/picow_blink.dir/__/__/lib/pico-sdk/src/rp2_common/pico_platform_panic/panic.c.o
                0x0000000010000544                panic_unsupported
 .text.hw_claim_lock
                0x0000000010000550       0x18 CMakeFiles/picow_blink.dir/__/__/lib/pico-sdk/src/common/hardware_claim/claim.c.o
                0x0000000010000550                hw_claim_lock
 .text.hw_claim_unlock
                0x0000000010000568       0x14 CMakeFiles/picow_blink.dir/__/__/lib/pico-sdk/src/common/hardware_claim/claim.c.o
                0x0000000010000568                hw_claim_unlock
 .text.hw_claim_or_assert
                0x000000001000057c       0x48 CMakeFiles/picow_blink.dir/__/__/lib/pico-sdk/src/common/hardware_claim/claim.c.o
                0x000000001000057c                hw_claim_or_assert
 .text.hw_claim_unused_from_range
                0x00000000100005c4       0x9c CMakeFiles/picow_blink.dir/__/__/lib/pico-sdk/src/common/hardware_claim/claim.c.o
                0x00000000100005c4                hw_claim_unused_from_range
 .text.hw_claim_clear
                0x0000000010000660       0x38 CMakeFiles/picow_blink.dir/__/__/lib/pico-sdk/src/common/hardware_claim/claim.c.o
                0x0000000010000660                hw_claim_clear
 .text.next_striped_spin_lock_num
                0x0000000010000698       0x18 CMakeFiles/picow_blink.dir/__/__/lib/pico-sdk/src/rp2_common/hardware_sync/sync.c.o
                0x0000000010000698                next_striped_spin_lock_num
 .text.spin_lock_claim
                0x00000000100006b0       0x18 CMakeFiles/picow_blink.dir/__/__/lib/pico-sdk/src/rp2_common/hardware_sync/sync.c.o
                0x00000000100006b0                spin_lock_claim
 .text.spin_locks_reset
                0x00000000100006c8       0x1c CMakeFiles/picow_blink.dir/__/__/lib/pico-sdk/src/rp2_common/hardware_sync_spin_lock/sync_spin_lock.c.o
                0x00000000100006c8                spin_locks_reset
 .text.runtime_init_per_core_irq_priorities
                0x00000000100006e4       0x24 CMakeFiles/picow_blink.dir/__/__/lib/pico-sdk/src/rp2_common/hardware_irq/irq.c.o
                0x00000000100006e4                runtime_init_per_core_irq_priorities
 .text.irq_set_enabled
                0x0000000010000708       0x24 CMakeFiles/picow_blink.dir/__/__/lib/pico-sdk/src/rp2_common/hardware_irq/irq.c.o
                0x0000000010000708                irq_set_enabled
 .text.irq_is_enabled
                0x000000001000072c       0x18 CMakeFiles/picow_blink.dir/__/__/lib/pico-sdk/src/rp2_common/hardware_irq/irq.c.o
                0x000000001000072c                irq_is_enabled
 .text.irq_set_pending
                0x0000000010000744       0x10 CMakeFiles/picow_blink.dir/__/__/lib/pico-sdk/src/rp2_common/hardware_irq/irq.c.o
                0x0000000010000744                irq_set_pending
 .text.irq_set_exclusive_handler
                0x0000000010000754       0x54 CMakeFiles/picow_blink.dir/__/__/lib/pico-sdk/src/rp2_common/hardware_irq/irq.c.o
                0x0000000010000754                irq_set_exclusive_handler
 .text.irq_add_shared_handler
                0x00000000100007a8      0x1c4 CMakeFiles/picow_blink.dir/__/__/lib/pico-sdk/src/rp2_common/hardware_irq/irq.c.o
                0x00000000100007a8                irq_add_shared_handler
 .text.irq_remove_handler
                0x000000001000096c      0x1c4 CMakeFiles/picow_blink.dir/__/__/lib/pico-sdk/src/rp2_common/hardware_irq/irq.c.o
                0x000000001000096c                irq_remove_handler
 .text.irq_set_priority
                0x0000000010000b30       0x28 CMakeFiles/picow_blink.dir/__/__/lib/pico-sdk/src/rp2_common/hardware_irq/irq.c.o
                0x0000000010000b30                irq_set_priority
 .text.irq_add_tail_to_free_list
                0x0000000010000b58       0xb4 CMakeFiles/picow_blink.dir/__/__/lib/pico-sdk/src/rp2_common/hardware_irq/irq.c.o
                0x0000000010000b58                irq_add_tail_to_free_list
 .text.user_irq_unclaim
                0x0000000010000c0c       0x14 CMakeFiles/picow_blink.dir/__/__/lib/pico-sdk/src/rp2_common/hardware_irq/irq.c.o
                0x0000000010000c0c                user_irq_unclaim
 .text.user_irq_claim_unused
                0x0000000010000c20       0x28 CMakeFiles/picow_blink.dir/__/__/lib/pico-sdk/src/rp2_common/hardware_irq/irq.c.o
                0x0000000010000c20                user_irq_claim_unused
 .text.sem_init
                0x0000000010000c48       0x20 CMakeFiles/picow_blink.dir/__/__/lib/pico-sdk/src/common/pico_sync/sem.c.o
                0x0000000010000c48                sem_init
 .text.lock_init
                0x0000000010000c68       0x10 CMakeFiles/picow_blink.dir/__/__/lib/pico-sdk/src/common/pico_sync/lock_core.c.o
                0x0000000010000c68                lock_init
 .text.runtime_init_mutex
                0x0000000010000c78       0x68 CMakeFiles/picow_blink.dir/__/__/lib/pico-sdk/src/common/pico_sync/mutex.c.o
                0x0000000010000c78                runtime_init_mutex
 .text.recursive_mutex_init
                0x0000000010000ce0       0x20 CMakeFiles/picow_blink.dir/__/__/lib/pico-sdk/src/common/pico_sync/mutex.c.o
                0x0000000010000ce0                recursive_mutex_init
 .text.alarm_pool_irq_handler
                0x0000000010000d00      0x308 CMakeFiles/picow_blink.dir/__/__/lib/pico-sdk/src/common/pico_time/time.c.o
 .text.sleep_until_callback
                0x0000000010001008       0x24 CMakeFiles/picow_blink.dir/__/__/lib/pico-sdk/src/common/pico_time/time.c.o
 .text.runtime_init_default_alarm_pool
                0x000000001000102c       0xdc CMakeFiles/picow_blink.dir/__/__/lib/pico-sdk/src/common/pico_time/time.c.o
                0x000000001000102c                runtime_init_default_alarm_pool
 .text.alarm_pool_get_default
                0x0000000010001108        0x8 CMakeFiles/picow_blink.dir/__/__/lib/pico-sdk/src/common/pico_time/time.c.o
                0x0000000010001108                alarm_pool_get_default
 .text.alarm_pool_create_on_timer_with_unused_hardware_alarm
                0x0000000010001110       0xa8 CMakeFiles/picow_blink.dir/__/__/lib/pico-sdk/src/common/pico_time/time.c.o
                0x0000000010001110                alarm_pool_create_on_timer_with_unused_hardware_alarm
 .text.alarm_pool_destroy
                0x00000000100011b8       0x5c CMakeFiles/picow_blink.dir/__/__/lib/pico-sdk/src/common/pico_time/time.c.o
                0x00000000100011b8                alarm_pool_destroy
 .text.alarm_pool_add_alarm_at
                0x0000000010001214       0xc8 CMakeFiles/picow_blink.dir/__/__/lib/pico-sdk/src/common/pico_time/time.c.o
                0x0000000010001214                alarm_pool_add_alarm_at
 .text.alarm_pool_add_alarm_at_force_in_context
                0x00000000100012dc       0xa8 CMakeFiles/picow_blink.dir/__/__/lib/pico-sdk/src/common/pico_time/time.c.o
                0x00000000100012dc                alarm_pool_add_alarm_at_force_in_context
 .text.alarm_pool_cancel_alarm
                0x0000000010001384       0x7c CMakeFiles/picow_blink.dir/__/__/lib/pico-sdk/src/common/pico_time/time.c.o
                0x0000000010001384                alarm_pool_cancel_alarm
 .text.alarm_pool_core_num
                0x0000000010001400        0x4 CMakeFiles/picow_blink.dir/__/__/lib/pico-sdk/src/common/pico_time/time.c.o
                0x0000000010001400                alarm_pool_core_num
 .text.sleep_until
                0x0000000010001404       0xcc CMakeFiles/picow_blink.dir/__/__/lib/pico-sdk/src/common/pico_time/time.c.o
                0x0000000010001404                sleep_until
 .text.sleep_ms
                0x00000000100014d0       0x34 CMakeFiles/picow_blink.dir/__/__/lib/pico-sdk/src/common/pico_time/time.c.o
                0x00000000100014d0                sleep_ms
 .text.best_effort_wfe_or_timeout
                0x0000000010001504       0xfc CMakeFiles/picow_blink.dir/__/__/lib/pico-sdk/src/common/pico_time/time.c.o
                0x0000000010001504                best_effort_wfe_or_timeout
 .text.alarm_pool_get_default_timer
                0x0000000010001600        0x8 CMakeFiles/picow_blink.dir/__/__/lib/pico-sdk/src/common/pico_time/time.c.o
                0x0000000010001600                alarm_pool_get_default_timer
 .text.timer_hardware_alarm_claim
                0x0000000010001608       0x14 CMakeFiles/picow_blink.dir/__/__/lib/pico-sdk/src/rp2_common/hardware_timer/timer.c.o
                0x0000000010001608                timer_hardware_alarm_claim
 .text.hardware_alarm_unclaim
                0x000000001000161c       0x10 CMakeFiles/picow_blink.dir/__/__/lib/pico-sdk/src/rp2_common/hardware_timer/timer.c.o
                0x000000001000161c                hardware_alarm_unclaim
 .text.timer_hardware_alarm_claim_unused
                0x000000001000162c       0x20 CMakeFiles/picow_blink.dir/__/__/lib/pico-sdk/src/rp2_common/hardware_timer/timer.c.o
                0x000000001000162c                timer_hardware_alarm_claim_unused
 .text.timer_time_us_64
                0x000000001000164c       0x10 CMakeFiles/picow_blink.dir/__/__/lib/pico-sdk/src/rp2_common/hardware_timer/timer.c.o
                0x000000001000164c                timer_time_us_64
 .text.time_us_64
                0x000000001000165c       0x14 CMakeFiles/picow_blink.dir/__/__/lib/pico-sdk/src/rp2_common/hardware_timer/timer.c.o
                0x000000001000165c                time_us_64
 .text.busy_wait_us
                0x0000000010001670       0x54 CMakeFiles/picow_blink.dir/__/__/lib/pico-sdk/src/rp2_common/hardware_timer/timer.c.o
                0x0000000010001670                busy_wait_us
 .text.busy_wait_until
                0x00000000100016c4       0x20 CMakeFiles/picow_blink.dir/__/__/lib/pico-sdk/src/rp2_common/hardware_timer/timer.c.o
                0x00000000100016c4                busy_wait_until
 .text.uart_init
                0x00000000100016e4      0x11c CMakeFiles/picow_blink.dir/__/__/lib/pico-sdk/src/rp2_common/hardware_uart/uart.c.o
                0x00000000100016e4                uart_init
 .text.clock_configure_int_divider
                0x0000000010001800       0xf4 CMakeFiles/picow_blink.dir/__/__/lib/pico-sdk/src/rp2_common/hardware_clocks/clocks.c.o
                0x0000000010001800                clock_configure_int_divider
 .text.clock_configure_undivided
                0x00000000100018f4       0xe4 CMakeFiles/picow_blink.dir/__/__/lib/pico-sdk/src/rp2_common/hardware_clocks/clocks.c.o
                0x00000000100018f4                clock_configure_undivided
 .text.clock_get_hz
                0x00000000100019d8        0xc CMakeFiles/picow_blink.dir/__/__/lib/pico-sdk/src/rp2_common/hardware_clocks/clocks.c.o
                0x00000000100019d8                clock_get_hz
 .text.pll_init
                0x00000000100019e4       0xa0 CMakeFiles/picow_blink.dir/__/__/lib/pico-sdk/src/rp2_common/hardware_pll/pll.c.o
                0x00000000100019e4                pll_init
 .text.tick_start
                0x0000000010001a84       0x10 CMakeFiles/picow_blink.dir/__/__/lib/pico-sdk/src/rp2_common/hardware_ticks/ticks.c.o
                0x0000000010001a84                tick_start
 .text.rom_func_lookup
                0x0000000010001a94       0x10 CMakeFiles/picow_blink.dir/__/__/lib/pico-sdk/src/rp2_common/pico_bootrom/bootrom.c.o
                0x0000000010001a94                rom_func_lookup
 .text.rom_data_lookup
                0x0000000010001aa4       0x10 CMakeFiles/picow_blink.dir/__/__/lib/pico-sdk/src/rp2_common/pico_bootrom/bootrom.c.o
                0x0000000010001aa4                rom_data_lookup
 .text.rom_funcs_lookup
                0x0000000010001ab4       0x3c CMakeFiles/picow_blink.dir/__/__/lib/pico-sdk/src/rp2_common/pico_bootrom/bootrom.c.o
                0x0000000010001ab4                rom_funcs_lookup
 .text.xosc_init
                0x0000000010001af0       0x28 CMakeFiles/picow_blink.dir/__/__/lib/pico-sdk/src/rp2_common/hardware_xosc/xosc.c.o
                0x0000000010001af0                xosc_init
 .text.first_per_core_initializer
                0x0000000010001b18        0x4 CMakeFiles/picow_blink.dir/__/__/lib/pico-sdk/src/rp2_common/pico_runtime/runtime.c.o
 .text.hard_assertion_failure
                0x0000000010001b1c        0xc CMakeFiles/picow_blink.dir/__/__/lib/pico-sdk/src/rp2_common/pico_runtime/runtime.c.o
                0x0000000010001b1c                hard_assertion_failure
 .text.runtime_run_initializers
                0x0000000010001b28       0x28 CMakeFiles/picow_blink.dir/__/__/lib/pico-sdk/src/rp2_common/pico_runtime/runtime.c.o
                0x0000000010001b28                runtime_run_initializers
 .text.runtime_run_per_core_initializers
                0x0000000010001b50       0x28 CMakeFiles/picow_blink.dir/__/__/lib/pico-sdk/src/rp2_common/pico_runtime/runtime.c.o
                0x0000000010001b50                runtime_run_per_core_initializers
 .text.runtime_init_early_resets
                0x0000000010001b78       0x2c CMakeFiles/picow_blink.dir/__/__/lib/pico-sdk/src/rp2_common/pico_runtime_init/runtime_init.c.o
                0x0000000010001b78                runtime_init_early_resets
 .text.runtime_init_usb_power_down
                0x0000000010001ba4       0x1c CMakeFiles/picow_blink.dir/__/__/lib/pico-sdk/src/rp2_common/pico_runtime_init/runtime_init.c.o
                0x0000000010001ba4                runtime_init_usb_power_down
 .text.runtime_init_post_clock_resets
                0x0000000010001bc0       0x20 CMakeFiles/picow_blink.dir/__/__/lib/pico-sdk/src/rp2_common/pico_runtime_init/runtime_init.c.o
                0x0000000010001bc0                runtime_init_post_clock_resets
 .text.runtime_init_rp2040_gpio_ie_disable
                0x0000000010001be0       0x14 CMakeFiles/picow_blink.dir/__/__/lib/pico-sdk/src/rp2_common/pico_runtime_init/runtime_init.c.o
                0x0000000010001be0                runtime_init_rp2040_gpio_ie_disable
 .text.runtime_init_spin_locks_reset
                0x0000000010001bf4        0x8 CMakeFiles/picow_blink.dir/__/__/lib/pico-sdk/src/rp2_common/pico_runtime_init/runtime_init.c.o
                0x0000000010001bf4                runtime_init_spin_locks_reset
 .text.runtime_init_install_ram_vector_table
                0x0000000010001bfc       0x1c CMakeFiles/picow_blink.dir/__/__/lib/pico-sdk/src/rp2_common/pico_runtime_init/runtime_init.c.o
                0x0000000010001bfc                runtime_init_install_ram_vector_table
 .text.runtime_init_clocks
                0x0000000010001c18       0xd8 CMakeFiles/picow_blink.dir/__/__/lib/pico-sdk/src/rp2_common/pico_runtime_init/runtime_init_clocks.c.o
                0x0000000010001c18                runtime_init_clocks
 .text          0x0000000010001cf0       0x10 CMakeFiles/picow_blink.dir/__/__/lib/pico-sdk/src/rp2_common/pico_bit_ops/bit_ops_aeabi.S.o
 .text.ctzsi    0x0000000010001d00        0xc CMakeFiles/picow_blink.dir/__/__/lib/pico-sdk/src/rp2_common/pico_bit_ops/bit_ops_aeabi.S.o
                0x0000000010001d00                __wrap___ctzsi2
 .text.__wrap___aeabi_idiv
                0x0000000010001d0c       0x50 CMakeFiles/picow_blink.dir/__/__/lib/pico-sdk/src/rp2_common/pico_divider/divider_hardware.S.o
                0x0000000010001d0c                __wrap___aeabi_idivmod
                0x0000000010001d0c                divmod_s32s32
                0x0000000010001d0c                div_s32s32
                0x0000000010001d0c                __wrap___aeabi_idiv
                0x0000000010001d14                divmod_s32s32_unsafe
                0x0000000010001d40                divmod_s32s32_savestate
 .text.__wrap___aeabi_uidiv
                0x0000000010001d5c       0x4c CMakeFiles/picow_blink.dir/__/__/lib/pico-sdk/src/rp2_common/pico_divider/divider_hardware.S.o
                0x0000000010001d5c                __wrap___aeabi_uidiv
                0x0000000010001d5c                __wrap___aeabi_uidivmod
                0x0000000010001d5c                div_u32u32
                0x0000000010001d5c                divmod_u32u32
                0x0000000010001d64                divmod_u32u32_unsafe
                0x0000000010001d8c                divmod_u32u32_savestate
 .text.__wrap___aeabi_ldiv
                0x0000000010001da8      0x424 CMakeFiles/picow_blink.dir/__/__/lib/pico-sdk/src/rp2_common/pico_divider/divider_hardware.S.o
                0x0000000010001da8                div_s64s64
                0x0000000010001da8                divmod_s64s64
                0x0000000010001da8                __wrap___aeabi_ldivmod
                0x0000000010001dd8                div_u64u64
                0x0000000010001dd8                divmod_u64u64
                0x0000000010001dd8                __wrap___aeabi_uldivmod
                0x0000000010001de8                divmod_u64u64_savestate
                0x0000000010001e08                divmod_s64s64_unsafe
                0x0000000010001e90                divmod_u64u64_unsafe
 .text.__wrap___aeabi_darithmetic
                0x00000000100021cc       0x60 CMakeFiles/picow_blink.dir/__/__/lib/pico-sdk/src/rp2_common/pico_double/double_aeabi_rp2040.S.o
                0x00000000100021cc                __wrap___aeabi_drsub
                0x00000000100021d2                __wrap___aeabi_dsub
                0x00000000100021dc                __wrap___aeabi_dadd
                0x00000000100021e6                __wrap___aeabi_ddiv
                0x000000001000221a                __wrap___aeabi_dmul
 .text.__wrap___aeabi_cdcmple
                0x000000001000222c       0x6c CMakeFiles/picow_blink.dir/__/__/lib/pico-sdk/src/rp2_common/pico_double/double_aeabi_rp2040.S.o
                0x000000001000222c                __wrap___aeabi_cdrcmple
                0x000000001000223c                __wrap___aeabi_cdcmple
                0x000000001000223c                __wrap___aeabi_cdcmpeq
 .text.__wrap___aeabi_dcmplt
                0x0000000010002298        0xc CMakeFiles/picow_blink.dir/__/__/lib/pico-sdk/src/rp2_common/pico_double/double_aeabi_rp2040.S.o
                0x0000000010002298                __wrap___aeabi_dcmplt
 .text.__wrap___aeabi_dcmple
                0x00000000100022a4       0x10 CMakeFiles/picow_blink.dir/__/__/lib/pico-sdk/src/rp2_common/pico_double/double_aeabi_rp2040.S.o
                0x00000000100022a4                __wrap___aeabi_dcmple
 .text.__wrap___aeabi_dcmpge
                0x00000000100022b4       0x10 CMakeFiles/picow_blink.dir/__/__/lib/pico-sdk/src/rp2_common/pico_double/double_aeabi_rp2040.S.o
                0x00000000100022b4                __wrap___aeabi_dcmpge
 .text.__wrap___aeabi_dcmpgt
                0x00000000100022c4        0xa CMakeFiles/picow_blink.dir/__/__/lib/pico-sdk/src/rp2_common/pico_double/double_aeabi_rp2040.S.o
                0x00000000100022c4                __wrap___aeabi_dcmpgt
 .text.__wrap___aeabi_dcmpun
                0x00000000100022ce       0x18 CMakeFiles/picow_blink.dir/__/__/lib/pico-sdk/src/rp2_common/pico_double/double_aeabi_rp2040.S.o
                0x00000000100022ce                __wrap___aeabi_dcmpun
 *fill*         0x00000000100022e6        0x2 
 .text.__wrap___aeabi_i2d
                0x00000000100022e8       0x38 CMakeFiles/picow_blink.dir/__/__/lib/pico-sdk/src/rp2_common/pico_double/double_aeabi_rp2040.S.o
                0x00000000100022e8                __wrap___aeabi_ui2d
                0x00000000100022e8                uint2double
                0x00000000100022f0                __wrap___aeabi_i2d
                0x00000000100022f0                int2double
 .text.__wrap___aeabi_d2iz
                0x0000000010002320       0x48 CMakeFiles/picow_blink.dir/__/__/lib/pico-sdk/src/rp2_common/pico_double/double_aeabi_rp2040.S.o
                0x0000000010002320                __wrap___aeabi_d2iz
                0x0000000010002320                double2int_z
 .text.__wrap___aeabi_d2uiz
                0x0000000010002368       0x10 CMakeFiles/picow_blink.dir/__/__/lib/pico-sdk/src/rp2_common/pico_double/double_aeabi_rp2040.S.o
                0x0000000010002368                double2uint_z
                0x0000000010002368                double2uint
                0x0000000010002368                __wrap___aeabi_d2uiz
 .text.missing_double_func_shim
                0x0000000010002378        0xc CMakeFiles/picow_blink.dir/__/__/lib/pico-sdk/src/rp2_common/pico_double/double_init_rom_rp2040.c.o
 .text.__aeabi_double_init
                0x0000000010002384       0xcc CMakeFiles/picow_blink.dir/__/__/lib/pico-sdk/src/rp2_common/pico_double/double_init_rom_rp2040.c.o
                0x0000000010002384                __aeabi_double_init
 .text.double_table_shim_on_use_helper
                0x0000000010002450       0x2c CMakeFiles/picow_blink.dir/__/__/lib/pico-sdk/src/rp2_common/pico_double/double_v1_rom_shim_rp2040.S.o
                0x0000000010002450                double_table_shim_on_use_helper
 .text.__aeabi_lmul
                0x000000001000247c       0x32 CMakeFiles/picow_blink.dir/__/__/lib/pico-sdk/src/rp2_common/pico_int64_ops/pico_int64_ops_aeabi.S.o
                0x000000001000247c                __wrap___aeabi_lmul
 *fill*         0x00000000100024ae        0x2 
 .text.missing_float_func_shim
                0x00000000100024b0        0xc CMakeFiles/picow_blink.dir/__/__/lib/pico-sdk/src/rp2_common/pico_float/float_init_rom_rp2040.c.o
 .text.__aeabi_float_init
                0x00000000100024bc       0x5c CMakeFiles/picow_blink.dir/__/__/lib/pico-sdk/src/rp2_common/pico_float/float_init_rom_rp2040.c.o
                0x00000000100024bc                __aeabi_float_init
 .text.__wrap_malloc
                0x0000000010002518       0x3c CMakeFiles/picow_blink.dir/__/__/lib/pico-sdk/src/rp2_common/pico_malloc/malloc.c.o
                0x0000000010002518                __wrap_malloc
 .text.__wrap_calloc
                0x0000000010002554       0x44 CMakeFiles/picow_blink.dir/__/__/lib/pico-sdk/src/rp2_common/pico_malloc/malloc.c.o
                0x0000000010002554                __wrap_calloc
 .text.__wrap_free
                0x0000000010002598       0x20 CMakeFiles/picow_blink.dir/__/__/lib/pico-sdk/src/rp2_common/pico_malloc/malloc.c.o
                0x0000000010002598                __wrap_free
 .text          0x00000000100025b8       0x10 CMakeFiles/picow_blink.dir/__/__/lib/pico-sdk/src/rp2_common/pico_mem_ops/mem_ops_aeabi.S.o
                0x00000000100025b8                __aeabi_mem_init
 .text.memset   0x00000000100025c8        0xc CMakeFiles/picow_blink.dir/__/__/lib/pico-sdk/src/rp2_common/pico_mem_ops/mem_ops_aeabi.S.o
                0x00000000100025c8                __wrap_memset
 .text.memcpy   0x00000000100025d4        0xc CMakeFiles/picow_blink.dir/__/__/lib/pico-sdk/src/rp2_common/pico_mem_ops/mem_ops_aeabi.S.o
                0x00000000100025d4                __wrap___aeabi_memcpy
                0x00000000100025d4                __wrap_memcpy
 .text._out_null
                0x00000000100025e0        0x4 CMakeFiles/picow_blink.dir/__/__/lib/pico-sdk/src/rp2_common/pico_printf/printf.c.o
 .text._out_rev
                0x00000000100025e4       0xd0 CMakeFiles/picow_blink.dir/__/__/lib/pico-sdk/src/rp2_common/pico_printf/printf.c.o
 .text._ntoa_format
                0x00000000100026b4      0x1d0 CMakeFiles/picow_blink.dir/__/__/lib/pico-sdk/src/rp2_common/pico_printf/printf.c.o
 .text._out_char
                0x0000000010002884       0x10 CMakeFiles/picow_blink.dir/__/__/lib/pico-sdk/src/rp2_common/pico_printf/printf.c.o
 .text._out_fct
                0x0000000010002894       0x10 CMakeFiles/picow_blink.dir/__/__/lib/pico-sdk/src/rp2_common/pico_printf/printf.c.o
 .text._etoa    0x00000000100028a4      0x478 CMakeFiles/picow_blink.dir/__/__/lib/pico-sdk/src/rp2_common/pico_printf/printf.c.o
 .text._ftoa    0x0000000010002d1c      0x3e0 CMakeFiles/picow_blink.dir/__/__/lib/pico-sdk/src/rp2_common/pico_printf/printf.c.o
 .text._vsnprintf
                0x00000000100030fc      0xb08 CMakeFiles/picow_blink.dir/__/__/lib/pico-sdk/src/rp2_common/pico_printf/printf.c.o
 .text.vfctprintf
                0x0000000010003c04       0x20 CMakeFiles/picow_blink.dir/__/__/lib/pico-sdk/src/rp2_common/pico_printf/printf.c.o
                0x0000000010003c04                vfctprintf
 .text.weak_raw_vprintf
                0x0000000010003c24       0x30 CMakeFiles/picow_blink.dir/__/__/lib/pico-sdk/src/rp2_common/pico_printf/printf.c.o
                0x0000000010003c24                weak_raw_vprintf
 .text._exit    0x0000000010003c54        0x4 CMakeFiles/picow_blink.dir/__/__/lib/pico-sdk/src/rp2_common/pico_clib_interface/newlib_interface.c.o
                0x0000000010003c54                _exit
 .text._sbrk    0x0000000010003c58       0x34 CMakeFiles/picow_blink.dir/__/__/lib/pico-sdk/src/rp2_common/pico_clib_interface/newlib_interface.c.o
                0x0000000010003c58                _sbrk
 .text.exit     0x0000000010003c8c        0x8 CMakeFiles/picow_blink.dir/__/__/lib/pico-sdk/src/rp2_common/pico_clib_interface/newlib_interface.c.o
                0x0000000010003c8c                exit
 .text.runtime_init
                0x0000000010003c94       0x2c CMakeFiles/picow_blink.dir/__/__/lib/pico-sdk/src/rp2_common/pico_clib_interface/newlib_interface.c.o
                0x0000000010003c94                runtime_init
 .text.stdio_out_chars_no_crlf
                0x0000000010003cc0       0x10 CMakeFiles/picow_blink.dir/__/__/lib/pico-sdk/src/rp2_common/pico_stdio/stdio.c.o
 .text.stdio_out_chars_crlf
                0x0000000010003cd0       0x94 CMakeFiles/picow_blink.dir/__/__/lib/pico-sdk/src/rp2_common/pico_stdio/stdio.c.o
 .text.stdio_buffered_printer
                0x0000000010003d64       0x64 CMakeFiles/picow_blink.dir/__/__/lib/pico-sdk/src/rp2_common/pico_stdio/stdio.c.o
 .text.stdio_put_string
                0x0000000010003dc8      0x100 CMakeFiles/picow_blink.dir/__/__/lib/pico-sdk/src/rp2_common/pico_stdio/stdio.c.o
                0x0000000010003dc8                stdio_put_string
 .text.stdio_set_driver_enabled
                0x0000000010003ec8       0x30 CMakeFiles/picow_blink.dir/__/__/lib/pico-sdk/src/rp2_common/pico_stdio/stdio.c.o
                0x0000000010003ec8                stdio_set_driver_enabled
 .text.stdio_init_all
                0x0000000010003ef8        0xc CMakeFiles/picow_blink.dir/__/__/lib/pico-sdk/src/rp2_common/pico_stdio/stdio.c.o
                0x0000000010003ef8                stdio_init_all
 .text.__wrap_putchar
                0x0000000010003f04       0x98 CMakeFiles/picow_blink.dir/__/__/lib/pico-sdk/src/rp2_common/pico_stdio/stdio.c.o
                0x0000000010003f04                stdio_putchar
                0x0000000010003f04                __wrap_putchar
 .text.__wrap_puts
                0x0000000010003f9c       0x3c CMakeFiles/picow_blink.dir/__/__/lib/pico-sdk/src/rp2_common/pico_stdio/stdio.c.o
                0x0000000010003f9c                __wrap_puts
                0x0000000010003f9c                stdio_puts
 .text.__wrap_vprintf
                0x0000000010003fd8       0xd8 CMakeFiles/picow_blink.dir/__/__/lib/pico-sdk/src/rp2_common/pico_stdio/stdio.c.o
                0x0000000010003fd8                __wrap_vprintf
                0x0000000010003fd8                stdio_vprintf
 .text.__wrap_printf
                0x00000000100040b0       0x18 CMakeFiles/picow_blink.dir/__/__/lib/pico-sdk/src/rp2_common/pico_stdio/stdio.c.o
                0x00000000100040b0                stdio_printf
                0x00000000100040b0                __wrap_printf
 .text.stdio_uart_out_chars
                0x00000000100040c8       0x4c CMakeFiles/picow_blink.dir/__/__/lib/pico-sdk/src/rp2_common/pico_stdio_uart/stdio_uart.c.o
 .text.stdio_uart_in_chars
                0x0000000010004114       0x84 CMakeFiles/picow_blink.dir/__/__/lib/pico-sdk/src/rp2_common/pico_stdio_uart/stdio_uart.c.o
                0x0000000010004114                stdio_uart_in_chars
 .text.on_uart_rx
                0x0000000010004198       0x28 CMakeFiles/picow_blink.dir/__/__/lib/pico-sdk/src/rp2_common/pico_stdio_uart/stdio_uart.c.o
 .text.stdio_uart_out_flush
                0x00000000100041c0       0x14 CMakeFiles/picow_blink.dir/__/__/lib/pico-sdk/src/rp2_common/pico_stdio_uart/stdio_uart.c.o
 .text.stdio_uart_set_chars_available_callback
                0x00000000100041d4       0x88 CMakeFiles/picow_blink.dir/__/__/lib/pico-sdk/src/rp2_common/pico_stdio_uart/stdio_uart.c.o
 .text.stdio_uart_init
                0x000000001000425c       0x50 CMakeFiles/picow_blink.dir/__/__/lib/pico-sdk/src/rp2_common/pico_stdio_uart/stdio_uart.c.o
                0x000000001000425c                stdio_uart_init
 .text.cyw43_arch_set_async_context
                0x00000000100042ac        0xc CMakeFiles/picow_blink.dir/__/__/lib/pico-sdk/src/rp2_common/pico_cyw43_arch/cyw43_arch.c.o
                0x00000000100042ac                cyw43_arch_set_async_context
 .text.cyw43_arch_gpio_put
                0x00000000100042b8       0x14 CMakeFiles/picow_blink.dir/__/__/lib/pico-sdk/src/rp2_common/pico_cyw43_arch/cyw43_arch.c.o
                0x00000000100042b8                cyw43_arch_gpio_put
 .text.cyw43_arch_async_context
                0x00000000100042cc        0xc CMakeFiles/picow_blink.dir/__/__/lib/pico-sdk/src/rp2_common/pico_cyw43_arch/cyw43_arch.c.o
                0x00000000100042cc                cyw43_arch_async_context
 .text.cyw43_arch_init
                0x00000000100042d8       0x6c CMakeFiles/picow_blink.dir/__/__/lib/pico-sdk/src/rp2_common/pico_cyw43_arch/cyw43_arch_threadsafe_background.c.o
                0x00000000100042d8                cyw43_arch_init
 .text.startup._retrieve_unique_id_on_boot
                0x0000000010004344       0x10 CMakeFiles/picow_blink.dir/__/__/lib/pico-sdk/src/rp2_common/pico_unique_id/unique_id.c.o
 .text.pico_get_unique_board_id
                0x0000000010004354       0x10 CMakeFiles/picow_blink.dir/__/__/lib/pico-sdk/src/rp2_common/pico_unique_id/unique_id.c.o
                0x0000000010004354                pico_get_unique_board_id
 .text.flash_get_unique_id
                0x0000000010004364       0x40 CMakeFiles/picow_blink.dir/__/__/lib/pico-sdk/src/rp2_common/hardware_flash/flash.c.o
                0x0000000010004364                flash_get_unique_id
 .text.ns_delay.constprop.0
                0x00000000100043a4       0x20 CMakeFiles/picow_blink.dir/__/__/lib/pico-sdk/src/rp2_common/pico_cyw43_driver/cyw43_bus_pio_spi.c.o
 .text.cyw43_spi_deinit
                0x00000000100043c4       0x6c CMakeFiles/picow_blink.dir/__/__/lib/pico-sdk/src/rp2_common/pico_cyw43_driver/cyw43_bus_pio_spi.c.o
                0x00000000100043c4                cyw43_spi_deinit
 .text.cyw43_spi_init
                0x0000000010004430      0x12c CMakeFiles/picow_blink.dir/__/__/lib/pico-sdk/src/rp2_common/pico_cyw43_driver/cyw43_bus_pio_spi.c.o
                0x0000000010004430                cyw43_spi_init
 .text.cyw43_spi_transfer
                0x000000001000455c      0x410 CMakeFiles/picow_blink.dir/__/__/lib/pico-sdk/src/rp2_common/pico_cyw43_driver/cyw43_bus_pio_spi.c.o
                0x000000001000455c                cyw43_spi_transfer
 .text.cyw43_spi_gpio_setup
                0x000000001000496c       0x3c CMakeFiles/picow_blink.dir/__/__/lib/pico-sdk/src/rp2_common/pico_cyw43_driver/cyw43_bus_pio_spi.c.o
                0x000000001000496c                cyw43_spi_gpio_setup
 .text.cyw43_spi_reset
                0x00000000100049a8       0x28 CMakeFiles/picow_blink.dir/__/__/lib/pico-sdk/src/rp2_common/pico_cyw43_driver/cyw43_bus_pio_spi.c.o
                0x00000000100049a8                cyw43_spi_reset
 .text.read_reg_u32_swap
                0x00000000100049d0       0x3c CMakeFiles/picow_blink.dir/__/__/lib/pico-sdk/src/rp2_common/pico_cyw43_driver/cyw43_bus_pio_spi.c.o
                0x00000000100049d0                read_reg_u32_swap
 .text.cyw43_read_reg_u32
                0x0000000010004a0c       0x68 CMakeFiles/picow_blink.dir/__/__/lib/pico-sdk/src/rp2_common/pico_cyw43_driver/cyw43_bus_pio_spi.c.o
                0x0000000010004a0c                cyw43_read_reg_u32
 .text.cyw43_read_reg_u16
                0x0000000010004a74       0x68 CMakeFiles/picow_blink.dir/__/__/lib/pico-sdk/src/rp2_common/pico_cyw43_driver/cyw43_bus_pio_spi.c.o
                0x0000000010004a74                cyw43_read_reg_u16
 .text.cyw43_read_reg_u8
                0x0000000010004adc       0x68 CMakeFiles/picow_blink.dir/__/__/lib/pico-sdk/src/rp2_common/pico_cyw43_driver/cyw43_bus_pio_spi.c.o
                0x0000000010004adc                cyw43_read_reg_u8
 .text.write_reg_u32_swap
                0x0000000010004b44      0x210 CMakeFiles/picow_blink.dir/__/__/lib/pico-sdk/src/rp2_common/pico_cyw43_driver/cyw43_bus_pio_spi.c.o
                0x0000000010004b44                write_reg_u32_swap
 .text.cyw43_write_reg_u32
                0x0000000010004d54      0x230 CMakeFiles/picow_blink.dir/__/__/lib/pico-sdk/src/rp2_common/pico_cyw43_driver/cyw43_bus_pio_spi.c.o
                0x0000000010004d54                cyw43_write_reg_u32
 .text.cyw43_write_reg_u16
                0x0000000010004f84      0x230 CMakeFiles/picow_blink.dir/__/__/lib/pico-sdk/src/rp2_common/pico_cyw43_driver/cyw43_bus_pio_spi.c.o
                0x0000000010004f84                cyw43_write_reg_u16
 .text.cyw43_write_reg_u8
                0x00000000100051b4      0x230 CMakeFiles/picow_blink.dir/__/__/lib/pico-sdk/src/rp2_common/pico_cyw43_driver/cyw43_bus_pio_spi.c.o
                0x00000000100051b4                cyw43_write_reg_u8
 .text.cyw43_read_bytes
                0x00000000100053e4       0x78 CMakeFiles/picow_blink.dir/__/__/lib/pico-sdk/src/rp2_common/pico_cyw43_driver/cyw43_bus_pio_spi.c.o
                0x00000000100053e4                cyw43_read_bytes
 .text.cyw43_write_bytes
                0x000000001000545c       0xec CMakeFiles/picow_blink.dir/__/__/lib/pico-sdk/src/rp2_common/pico_cyw43_driver/cyw43_bus_pio_spi.c.o
                0x000000001000545c                cyw43_write_bytes
 .text.cyw43_set_backplane_window
                0x0000000010005548       0x64 CMakeFiles/picow_blink.dir/__/__/lib/pico-sdk/lib/cyw43-driver/src/cyw43_ll.c.o
 .text.cyw43_ll_parse_async_event
                0x00000000100055ac      0x158 CMakeFiles/picow_blink.dir/__/__/lib/pico-sdk/lib/cyw43-driver/src/cyw43_ll.c.o
 .text.cyw43_kso_set
                0x0000000010005704       0xa0 CMakeFiles/picow_blink.dir/__/__/lib/pico-sdk/lib/cyw43-driver/src/cyw43_ll.c.o
 .text.cyw43_ll_sdpcm_poll_device
                0x00000000100057a4      0x238 CMakeFiles/picow_blink.dir/__/__/lib/pico-sdk/lib/cyw43-driver/src/cyw43_ll.c.o
 .text.cyw43_sdpcm_send_common
                0x00000000100059dc       0xf8 CMakeFiles/picow_blink.dir/__/__/lib/pico-sdk/lib/cyw43-driver/src/cyw43_ll.c.o
 .text.cyw43_do_ioctl.part.0
                0x0000000010005ad4       0xc4 CMakeFiles/picow_blink.dir/__/__/lib/pico-sdk/lib/cyw43-driver/src/cyw43_ll.c.o
 .text.cyw43_write_backplane
                0x0000000010005b98      0x104 CMakeFiles/picow_blink.dir/__/__/lib/pico-sdk/lib/cyw43-driver/src/cyw43_ll.c.o
 .text.cyw43_read_backplane.constprop.0
                0x0000000010005c9c       0xdc CMakeFiles/picow_blink.dir/__/__/lib/pico-sdk/lib/cyw43-driver/src/cyw43_ll.c.o
 .text.cyw43_write_iovar_n
                0x0000000010005d78       0x90 CMakeFiles/picow_blink.dir/__/__/lib/pico-sdk/lib/cyw43-driver/src/cyw43_ll.c.o
 .text.cyw43_write_iovar_u32
                0x0000000010005e08       0xa4 CMakeFiles/picow_blink.dir/__/__/lib/pico-sdk/lib/cyw43-driver/src/cyw43_ll.c.o
 .text.reset_device_core.constprop.0
                0x0000000010005eac      0x3f0 CMakeFiles/picow_blink.dir/__/__/lib/pico-sdk/lib/cyw43-driver/src/cyw43_ll.c.o
 .text.cyw43_ll_init
                0x000000001000629c       0x1c CMakeFiles/picow_blink.dir/__/__/lib/pico-sdk/lib/cyw43-driver/src/cyw43_ll.c.o
                0x000000001000629c                cyw43_ll_init
 .text.cyw43_ll_deinit
                0x00000000100062b8        0x8 CMakeFiles/picow_blink.dir/__/__/lib/pico-sdk/lib/cyw43-driver/src/cyw43_ll.c.o
                0x00000000100062b8                cyw43_ll_deinit
 .text.cyw43_ll_process_packets
                0x00000000100062c0       0x54 CMakeFiles/picow_blink.dir/__/__/lib/pico-sdk/lib/cyw43-driver/src/cyw43_ll.c.o
                0x00000000100062c0                cyw43_ll_process_packets
 .text.cyw43_ll_ioctl
                0x0000000010006314       0x80 CMakeFiles/picow_blink.dir/__/__/lib/pico-sdk/lib/cyw43-driver/src/cyw43_ll.c.o
                0x0000000010006314                cyw43_ll_ioctl
 .text.cyw43_ll_bus_sleep
                0x0000000010006394       0x34 CMakeFiles/picow_blink.dir/__/__/lib/pico-sdk/lib/cyw43-driver/src/cyw43_ll.c.o
                0x0000000010006394                cyw43_ll_bus_sleep
 .text.cyw43_ll_wifi_get_mac
                0x00000000100063c8       0x74 CMakeFiles/picow_blink.dir/__/__/lib/pico-sdk/lib/cyw43-driver/src/cyw43_ll.c.o
                0x00000000100063c8                cyw43_ll_wifi_get_mac
 .text.cyw43_ll_bus_init
                0x000000001000643c      0xa24 CMakeFiles/picow_blink.dir/__/__/lib/pico-sdk/lib/cyw43-driver/src/cyw43_ll.c.o
                0x000000001000643c                cyw43_ll_bus_init
 .text.cyw43_ll_wifi_set_wpa_auth
                0x0000000010006e60       0x4c CMakeFiles/picow_blink.dir/__/__/lib/pico-sdk/lib/cyw43-driver/src/cyw43_ll.c.o
                0x0000000010006e60                cyw43_ll_wifi_set_wpa_auth
 .text.cyw43_ll_wifi_rejoin
                0x0000000010006eac       0x58 CMakeFiles/picow_blink.dir/__/__/lib/pico-sdk/lib/cyw43-driver/src/cyw43_ll.c.o
                0x0000000010006eac                cyw43_ll_wifi_rejoin
 .text.cyw43_ll_gpio_set
                0x0000000010006f04       0x9c CMakeFiles/picow_blink.dir/__/__/lib/pico-sdk/lib/cyw43-driver/src/cyw43_ll.c.o
                0x0000000010006f04                cyw43_ll_gpio_set
 .text.cyw43_ll_has_work
                0x0000000010006fa0       0x14 CMakeFiles/picow_blink.dir/__/__/lib/pico-sdk/lib/cyw43-driver/src/cyw43_ll.c.o
                0x0000000010006fa0                cyw43_ll_has_work
 .text.cyw43_poll_func
                0x0000000010006fb4       0xc0 CMakeFiles/picow_blink.dir/__/__/lib/pico-sdk/lib/cyw43-driver/src/cyw43_ctrl.c.o
 .text.cyw43_init
                0x0000000010007074       0x6c CMakeFiles/picow_blink.dir/__/__/lib/pico-sdk/lib/cyw43-driver/src/cyw43_ctrl.c.o
                0x0000000010007074                cyw43_init
 .text.cyw43_deinit
                0x00000000100070e0       0x90 CMakeFiles/picow_blink.dir/__/__/lib/pico-sdk/lib/cyw43-driver/src/cyw43_ctrl.c.o
                0x00000000100070e0                cyw43_deinit
 .text.cyw43_cb_read_host_interrupt_pin
                0x0000000010007170        0xc CMakeFiles/picow_blink.dir/__/__/lib/pico-sdk/lib/cyw43-driver/src/cyw43_ctrl.c.o
                0x0000000010007170                cyw43_cb_read_host_interrupt_pin
 .text.cyw43_cb_ensure_awake
                0x000000001000717c        0xc CMakeFiles/picow_blink.dir/__/__/lib/pico-sdk/lib/cyw43-driver/src/cyw43_ctrl.c.o
                0x000000001000717c                cyw43_cb_ensure_awake
 .text.cyw43_cb_process_async_event
                0x0000000010007188      0x234 CMakeFiles/picow_blink.dir/__/__/lib/pico-sdk/lib/cyw43-driver/src/cyw43_ctrl.c.o
                0x0000000010007188                cyw43_cb_process_async_event
 .text.cyw43_gpio_set
                0x00000000100073bc       0xa0 CMakeFiles/picow_blink.dir/__/__/lib/pico-sdk/lib/cyw43-driver/src/cyw43_ctrl.c.o
                0x00000000100073bc                cyw43_gpio_set
 .text.pio_sm_set_pindirs_with_mask64
                0x000000001000745c       0xa4 CMakeFiles/picow_blink.dir/__/__/lib/pico-sdk/src/rp2_common/hardware_pio/pio.c.o
                0x000000001000745c                pio_sm_set_pindirs_with_mask64
 .text.pio_sm_set_consecutive_pindirs
                0x0000000010007500       0xbc CMakeFiles/picow_blink.dir/__/__/lib/pico-sdk/src/rp2_common/hardware_pio/pio.c.o
                0x0000000010007500                pio_sm_set_consecutive_pindirs
 .text.pio_claim_free_sm_and_add_program_for_gpio_range
                0x00000000100075bc      0x184 CMakeFiles/picow_blink.dir/__/__/lib/pico-sdk/src/rp2_common/hardware_pio/pio.c.o
                0x00000000100075bc                pio_claim_free_sm_and_add_program_for_gpio_range
 .text.pio_remove_program_and_unclaim_sm
                0x0000000010007740       0x40 CMakeFiles/picow_blink.dir/__/__/lib/pico-sdk/src/rp2_common/hardware_pio/pio.c.o
                0x0000000010007740                pio_remove_program_and_unclaim_sm
 .text.dma_channel_unclaim
                0x0000000010007780       0x10 CMakeFiles/picow_blink.dir/__/__/lib/pico-sdk/src/rp2_common/hardware_dma/dma.c.o
                0x0000000010007780                dma_channel_unclaim
 .text.dma_claim_unused_channel
                0x0000000010007790       0x20 CMakeFiles/picow_blink.dir/__/__/lib/pico-sdk/src/rp2_common/hardware_dma/dma.c.o
                0x0000000010007790                dma_claim_unused_channel
 .text.dma_channel_cleanup
                0x00000000100077b0       0x64 CMakeFiles/picow_blink.dir/__/__/lib/pico-sdk/src/rp2_common/hardware_dma/dma.c.o
                0x00000000100077b0                dma_channel_cleanup
 .text.exception_set_exclusive_handler
                0x0000000010007814       0x48 CMakeFiles/picow_blink.dir/__/__/lib/pico-sdk/src/rp2_common/hardware_exception/exception.c.o
                0x0000000010007814                exception_set_exclusive_handler
 .text.cyw43_sleep_timeout_reached
                0x000000001000785c       0x10 CMakeFiles/picow_blink.dir/__/__/lib/pico-sdk/src/rp2_common/pico_cyw43_driver/cyw43_driver.c.o
 .text.cyw43_irq_init
                0x000000001000786c       0x28 CMakeFiles/picow_blink.dir/__/__/lib/pico-sdk/src/rp2_common/pico_cyw43_driver/cyw43_driver.c.o
                0x000000001000786c                cyw43_irq_init
 .text.cyw43_irq_deinit
                0x0000000010007894       0x20 CMakeFiles/picow_blink.dir/__/__/lib/pico-sdk/src/rp2_common/pico_cyw43_driver/cyw43_driver.c.o
                0x0000000010007894                cyw43_irq_deinit
 .text.cyw43_gpio_irq_handler
                0x00000000100078b4       0x44 CMakeFiles/picow_blink.dir/__/__/lib/pico-sdk/src/rp2_common/pico_cyw43_driver/cyw43_driver.c.o
 .text.cyw43_do_poll
                0x00000000100078f8       0x6c CMakeFiles/picow_blink.dir/__/__/lib/pico-sdk/src/rp2_common/pico_cyw43_driver/cyw43_driver.c.o
 .text.cyw43_post_poll_hook
                0x0000000010007964       0x10 CMakeFiles/picow_blink.dir/__/__/lib/pico-sdk/src/rp2_common/pico_cyw43_driver/cyw43_driver.c.o
                0x0000000010007964                cyw43_post_poll_hook
 .text.cyw43_schedule_internal_poll_dispatch
                0x0000000010007974       0x18 CMakeFiles/picow_blink.dir/__/__/lib/pico-sdk/src/rp2_common/pico_cyw43_driver/cyw43_driver.c.o
                0x0000000010007974                cyw43_schedule_internal_poll_dispatch
 .text.cyw43_driver_init
                0x000000001000798c       0x38 CMakeFiles/picow_blink.dir/__/__/lib/pico-sdk/src/rp2_common/pico_cyw43_driver/cyw43_driver.c.o
                0x000000001000798c                cyw43_driver_init
 .text.cyw43_driver_deinit
                0x00000000100079c4       0x44 CMakeFiles/picow_blink.dir/__/__/lib/pico-sdk/src/rp2_common/pico_cyw43_driver/cyw43_driver.c.o
                0x00000000100079c4                cyw43_driver_deinit
 .text.cyw43_hal_generate_laa_mac
                0x0000000010007a08       0x28 CMakeFiles/picow_blink.dir/__/__/lib/pico-sdk/src/rp2_common/pico_cyw43_driver/cyw43_driver.c.o
                0x0000000010007a08                cyw43_hal_generate_laa_mac
 .text.cyw43_thread_enter
                0x0000000010007a30       0x14 CMakeFiles/picow_blink.dir/__/__/lib/pico-sdk/src/rp2_common/pico_cyw43_driver/cyw43_driver.c.o
                0x0000000010007a30                cyw43_thread_enter
 .text.cyw43_thread_exit
                0x0000000010007a44       0x14 CMakeFiles/picow_blink.dir/__/__/lib/pico-sdk/src/rp2_common/pico_cyw43_driver/cyw43_driver.c.o
                0x0000000010007a44                cyw43_thread_exit
 .text.cyw43_await_background_or_timeout_us
                0x0000000010007a58       0x60 CMakeFiles/picow_blink.dir/__/__/lib/pico-sdk/src/rp2_common/pico_cyw43_driver/cyw43_driver.c.o
                0x0000000010007a58                cyw43_await_background_or_timeout_us
 .text.cyw43_delay_ms
                0x0000000010007ab8       0x44 CMakeFiles/picow_blink.dir/__/__/lib/pico-sdk/src/rp2_common/pico_cyw43_driver/cyw43_driver.c.o
                0x0000000010007ab8                cyw43_delay_ms
 .text.cyw43_cb_tcpip_deinit
                0x0000000010007afc        0x4 CMakeFiles/picow_blink.dir/__/__/lib/pico-sdk/src/rp2_common/pico_cyw43_driver/cyw43_driver.c.o
                0x0000000010007afc                cyw43_cb_tcpip_deinit
 .text.cyw43_cb_tcpip_set_link_up
                0x0000000010007b00        0xc CMakeFiles/picow_blink.dir/__/__/lib/pico-sdk/src/rp2_common/pico_cyw43_driver/cyw43_driver.c.o
                0x0000000010007b00                cyw43_cb_tcpip_set_link_up
 .text.cyw43_cb_tcpip_set_link_down
                0x0000000010007b0c        0xc CMakeFiles/picow_blink.dir/__/__/lib/pico-sdk/src/rp2_common/pico_cyw43_driver/cyw43_driver.c.o
                0x0000000010007b0c                cyw43_cb_tcpip_set_link_down
 .text.cyw43_cb_process_ethernet
                0x0000000010007b18        0xc CMakeFiles/picow_blink.dir/__/__/lib/pico-sdk/src/rp2_common/pico_cyw43_driver/cyw43_driver.c.o
                0x0000000010007b18                cyw43_cb_process_ethernet
 .text.handle_sync_func_call
                0x0000000010007b24       0x24 CMakeFiles/picow_blink.dir/__/__/lib/pico-sdk/src/rp2_common/pico_async_context/async_context_threadsafe_background.c.o
 .text.async_context_threadsafe_background_acquire_lock_blocking
                0x0000000010007b48        0xc CMakeFiles/picow_blink.dir/__/__/lib/pico-sdk/src/rp2_common/pico_async_context/async_context_threadsafe_background.c.o
 .text.process_under_lock
                0x0000000010007b54       0xe0 CMakeFiles/picow_blink.dir/__/__/lib/pico-sdk/src/rp2_common/pico_async_context/async_context_threadsafe_background.c.o
 .text.async_context_threadsafe_background_deinit
                0x0000000010007c34       0x64 CMakeFiles/picow_blink.dir/__/__/lib/pico-sdk/src/rp2_common/pico_async_context/async_context_threadsafe_background.c.o
 .text.low_priority_irq_handler
                0x0000000010007c98       0x40 CMakeFiles/picow_blink.dir/__/__/lib/pico-sdk/src/rp2_common/pico_async_context/async_context_threadsafe_background.c.o
 .text.async_context_threadsafe_background_wait_for_work_until
                0x0000000010007cd8        0xc CMakeFiles/picow_blink.dir/__/__/lib/pico-sdk/src/rp2_common/pico_async_context/async_context_threadsafe_background.c.o
 .text.async_context_threadsafe_background_wait_until
                0x0000000010007ce4       0x1c CMakeFiles/picow_blink.dir/__/__/lib/pico-sdk/src/rp2_common/pico_async_context/async_context_threadsafe_background.c.o
 .text.async_context_threadsafe_background_lock_check
                0x0000000010007d00       0x20 CMakeFiles/picow_blink.dir/__/__/lib/pico-sdk/src/rp2_common/pico_async_context/async_context_threadsafe_background.c.o
 .text.async_context_threadsafe_background_execute_sync
                0x0000000010007d20       0xec CMakeFiles/picow_blink.dir/__/__/lib/pico-sdk/src/rp2_common/pico_async_context/async_context_threadsafe_background.c.o
                0x0000000010007d20                async_context_threadsafe_background_execute_sync
 .text.async_context_threadsafe_background_set_work_pending
                0x0000000010007e0c       0x50 CMakeFiles/picow_blink.dir/__/__/lib/pico-sdk/src/rp2_common/pico_async_context/async_context_threadsafe_background.c.o
 .text.alarm_handler
                0x0000000010007e5c       0x58 CMakeFiles/picow_blink.dir/__/__/lib/pico-sdk/src/rp2_common/pico_async_context/async_context_threadsafe_background.c.o
 .text.async_context_threadsafe_background_release_lock
                0x0000000010007eb4       0x7c CMakeFiles/picow_blink.dir/__/__/lib/pico-sdk/src/rp2_common/pico_async_context/async_context_threadsafe_background.c.o
 .text.async_context_threadsafe_background_add_when_pending_worker
                0x0000000010007f30       0x94 CMakeFiles/picow_blink.dir/__/__/lib/pico-sdk/src/rp2_common/pico_async_context/async_context_threadsafe_background.c.o
 .text.async_context_threadsafe_background_add_at_time_worker
                0x0000000010007fc4       0x94 CMakeFiles/picow_blink.dir/__/__/lib/pico-sdk/src/rp2_common/pico_async_context/async_context_threadsafe_background.c.o
 .text.async_context_threadsafe_background_when_pending_worker
                0x0000000010008058       0x94 CMakeFiles/picow_blink.dir/__/__/lib/pico-sdk/src/rp2_common/pico_async_context/async_context_threadsafe_background.c.o
 .text.async_context_threadsafe_background_remove_at_time_worker
                0x00000000100080ec       0x94 CMakeFiles/picow_blink.dir/__/__/lib/pico-sdk/src/rp2_common/pico_async_context/async_context_threadsafe_background.c.o
 .text.async_context_threadsafe_background_default_config
                0x0000000010008180        0xc CMakeFiles/picow_blink.dir/__/__/lib/pico-sdk/src/rp2_common/pico_async_context/async_context_threadsafe_background.c.o
                0x0000000010008180                async_context_threadsafe_background_default_config
 .text.async_context_threadsafe_background_init
                0x000000001000818c       0xa8 CMakeFiles/picow_blink.dir/__/__/lib/pico-sdk/src/rp2_common/pico_async_context/async_context_threadsafe_background.c.o
                0x000000001000818c                async_context_threadsafe_background_init
 .text.async_context_base_add_at_time_worker
                0x0000000010008234       0x28 CMakeFiles/picow_blink.dir/__/__/lib/pico-sdk/src/rp2_common/pico_async_context/async_context_base.c.o
                0x0000000010008234                async_context_base_add_at_time_worker
 .text.async_context_base_remove_at_time_worker
                0x000000001000825c       0x28 CMakeFiles/picow_blink.dir/__/__/lib/pico-sdk/src/rp2_common/pico_async_context/async_context_base.c.o
                0x000000001000825c                async_context_base_remove_at_time_worker
 .text.async_context_base_add_when_pending_worker
                0x0000000010008284       0x24 CMakeFiles/picow_blink.dir/__/__/lib/pico-sdk/src/rp2_common/pico_async_context/async_context_base.c.o
                0x0000000010008284                async_context_base_add_when_pending_worker
 .text.async_context_base_remove_when_pending_worker
                0x00000000100082a8       0x28 CMakeFiles/picow_blink.dir/__/__/lib/pico-sdk/src/rp2_common/pico_async_context/async_context_base.c.o
                0x00000000100082a8                async_context_base_remove_when_pending_worker
 .text.async_context_base_execute_once
                0x00000000100082d0       0xe4 CMakeFiles/picow_blink.dir/__/__/lib/pico-sdk/src/rp2_common/pico_async_context/async_context_base.c.o
                0x00000000100082d0                async_context_base_execute_once
 .text.async_context_base_needs_servicing
                0x00000000100083b4       0x54 CMakeFiles/picow_blink.dir/__/__/lib/pico-sdk/src/rp2_common/pico_async_context/async_context_base.c.o
                0x00000000100083b4                async_context_base_needs_servicing
 .text.pvPortMalloc
                0x0000000010008408      0x114 CMakeFiles/picow_blink.dir/__/__/lib/FreeRTOS-Kernel/portable/MemMang/heap_4.c.o
                0x0000000010008408                pvPortMalloc
 .text.vPortFree
                0x000000001000851c       0x8c CMakeFiles/picow_blink.dir/__/__/lib/FreeRTOS-Kernel/portable/MemMang/heap_4.c.o
                0x000000001000851c                vPortFree
 *fill*         0x00000000100085a8        0x8 
 .text.vPortStartFirstTask
                0x00000000100085b0       0x38 CMakeFiles/picow_blink.dir/__/__/lib/FreeRTOS-Kernel/portable/ThirdParty/GCC/RP2040/port.c.o
 .text.prvFIFOInterruptHandler
                0x00000000100085e8       0x2c CMakeFiles/picow_blink.dir/__/__/lib/FreeRTOS-Kernel/portable/ThirdParty/GCC/RP2040/port.c.o
 *fill*         0x0000000010008614        0xc 
 .text.xPortPendSVHandler
                0x0000000010008620       0x78 CMakeFiles/picow_blink.dir/__/__/lib/FreeRTOS-Kernel/portable/ThirdParty/GCC/RP2040/port.c.o
                0x0000000010008620                xPortPendSVHandler
 .text.prvTaskExitError
                0x0000000010008698        0x8 CMakeFiles/picow_blink.dir/__/__/lib/FreeRTOS-Kernel/portable/ThirdParty/GCC/RP2040/port.c.o
 .text.xPortSysTickHandler
                0x00000000100086a0       0x24 CMakeFiles/picow_blink.dir/__/__/lib/FreeRTOS-Kernel/portable/ThirdParty/GCC/RP2040/port.c.o
                0x00000000100086a0                xPortSysTickHandler
 .text.vPortSVCHandler
                0x00000000100086c4        0x4 CMakeFiles/picow_blink.dir/__/__/lib/FreeRTOS-Kernel/portable/ThirdParty/GCC/RP2040/port.c.o
                0x00000000100086c4                vPortSVCHandler
 .text.pxPortInitialiseStack
                0x00000000100086c8       0x20 CMakeFiles/picow_blink.dir/__/__/lib/FreeRTOS-Kernel/portable/ThirdParty/GCC/RP2040/port.c.o
                0x00000000100086c8                pxPortInitialiseStack
 .text.vPortYield
                0x00000000100086e8       0x18 CMakeFiles/picow_blink.dir/__/__/lib/FreeRTOS-Kernel/portable/ThirdParty/GCC/RP2040/port.c.o
                0x00000000100086e8                vPortYield
 .text.ulSetInterruptMaskFromISR
                0x0000000010008700        0x8 CMakeFiles/picow_blink.dir/__/__/lib/FreeRTOS-Kernel/portable/ThirdParty/GCC/RP2040/port.c.o
                0x0000000010008700                ulSetInterruptMaskFromISR
 .text.vClearInterruptMaskFromISR
                0x0000000010008708        0x8 CMakeFiles/picow_blink.dir/__/__/lib/FreeRTOS-Kernel/portable/ThirdParty/GCC/RP2040/port.c.o
                0x0000000010008708                vClearInterruptMaskFromISR
 .text.vYieldCore
                0x0000000010008710        0xc CMakeFiles/picow_blink.dir/__/__/lib/FreeRTOS-Kernel/portable/ThirdParty/GCC/RP2040/port.c.o
                0x0000000010008710                vYieldCore
 .text.vPortSetupTimerInterrupt
                0x000000001000871c       0x34 CMakeFiles/picow_blink.dir/__/__/lib/FreeRTOS-Kernel/portable/ThirdParty/GCC/RP2040/port.c.o
                0x000000001000871c                vPortSetupTimerInterrupt
 .text.xPortStartSchedulerOnCore
                0x0000000010008750       0xa4 CMakeFiles/picow_blink.dir/__/__/lib/FreeRTOS-Kernel/portable/ThirdParty/GCC/RP2040/port.c.o
 .text.xPortStartScheduler
                0x00000000100087f4       0x2c CMakeFiles/picow_blink.dir/__/__/lib/FreeRTOS-Kernel/portable/ThirdParty/GCC/RP2040/port.c.o
                0x00000000100087f4                xPortStartScheduler
 .text.prvDisableInterruptsAndPortStartSchedulerOnCore
                0x0000000010008820        0x8 CMakeFiles/picow_blink.dir/__/__/lib/FreeRTOS-Kernel/portable/ThirdParty/GCC/RP2040/port.c.o
 .text.ulPortLockGetCurrentOwnerId
                0x0000000010008828       0x30 CMakeFiles/picow_blink.dir/__/__/lib/FreeRTOS-Kernel/portable/ThirdParty/GCC/RP2040/port.c.o
                0x0000000010008828                ulPortLockGetCurrentOwnerId
 .text.vPortLockInternalSpinUnlockWithWait
                0x0000000010008858       0x68 CMakeFiles/picow_blink.dir/__/__/lib/FreeRTOS-Kernel/portable/ThirdParty/GCC/RP2040/port.c.o
                0x0000000010008858                vPortLockInternalSpinUnlockWithWait
 .text.vPortLockInternalSpinUnlockWithNotify
                0x00000000100088c0       0x88 CMakeFiles/picow_blink.dir/__/__/lib/FreeRTOS-Kernel/portable/ThirdParty/GCC/RP2040/port.c.o
                0x00000000100088c0                vPortLockInternalSpinUnlockWithNotify
 .text.xPortLockInternalSpinUnlockWithBestEffortWaitOrTimeout
                0x0000000010008948       0xe4 CMakeFiles/picow_blink.dir/__/__/lib/FreeRTOS-Kernel/portable/ThirdParty/GCC/RP2040/port.c.o
                0x0000000010008948                xPortLockInternalSpinUnlockWithBestEffortWaitOrTimeout
 .text.startup.prvRuntimeInitializer
                0x0000000010008a2c       0x10 CMakeFiles/picow_blink.dir/__/__/lib/FreeRTOS-Kernel/portable/ThirdParty/GCC/RP2040/port.c.o
 .text.vEventGroupSetBitsCallback
                0x0000000010008a3c       0x8c CMakeFiles/picow_blink.dir/__/__/lib/FreeRTOS-Kernel/event_groups.c.o
                0x0000000010008a3c                vEventGroupSetBitsCallback
 .text.xEventGroupCreate
                0x0000000010008ac8       0x18 CMakeFiles/picow_blink.dir/__/__/lib/FreeRTOS-Kernel/event_groups.c.o
                0x0000000010008ac8                xEventGroupCreate
 .text.xEventGroupWaitBits
                0x0000000010008ae0       0xb8 CMakeFiles/picow_blink.dir/__/__/lib/FreeRTOS-Kernel/event_groups.c.o
                0x0000000010008ae0                xEventGroupWaitBits
 .text.xEventGroupSetBits
                0x0000000010008b98       0x90 CMakeFiles/picow_blink.dir/__/__/lib/FreeRTOS-Kernel/event_groups.c.o
                0x0000000010008b98                xEventGroupSetBits
 .text.xEventGroupSetBitsFromISR
                0x0000000010008c28       0x14 CMakeFiles/picow_blink.dir/__/__/lib/FreeRTOS-Kernel/event_groups.c.o
                0x0000000010008c28                xEventGroupSetBitsFromISR
 .text.vListInitialise
                0x0000000010008c3c       0x18 CMakeFiles/picow_blink.dir/__/__/lib/FreeRTOS-Kernel/list.c.o
                0x0000000010008c3c                vListInitialise
 .text.vListInitialiseItem
                0x0000000010008c54        0x8 CMakeFiles/picow_blink.dir/__/__/lib/FreeRTOS-Kernel/list.c.o
                0x0000000010008c54                vListInitialiseItem
 .text.vListInsertEnd
                0x0000000010008c5c       0x18 CMakeFiles/picow_blink.dir/__/__/lib/FreeRTOS-Kernel/list.c.o
                0x0000000010008c5c                vListInsertEnd
 .text.vListInsert
                0x0000000010008c74       0x30 CMakeFiles/picow_blink.dir/__/__/lib/FreeRTOS-Kernel/list.c.o
                0x0000000010008c74                vListInsert
 .text.uxListRemove
                0x0000000010008ca4       0x20 CMakeFiles/picow_blink.dir/__/__/lib/FreeRTOS-Kernel/list.c.o
                0x0000000010008ca4                uxListRemove
 .text.prvUnlockQueue
                0x0000000010008cc4      0x148 CMakeFiles/picow_blink.dir/__/__/lib/FreeRTOS-Kernel/queue.c.o
 .text.prvNotifyQueueSetContainer
                0x0000000010008e0c       0x9c CMakeFiles/picow_blink.dir/__/__/lib/FreeRTOS-Kernel/queue.c.o
 .text.xQueueGenericCreate
                0x0000000010008ea8       0xa0 CMakeFiles/picow_blink.dir/__/__/lib/FreeRTOS-Kernel/queue.c.o
                0x0000000010008ea8                xQueueGenericCreate
 .text.xQueueGenericSendFromISR
                0x0000000010008f48      0x134 CMakeFiles/picow_blink.dir/__/__/lib/FreeRTOS-Kernel/queue.c.o
                0x0000000010008f48                xQueueGenericSendFromISR
 .text.xQueueReceive
                0x000000001000907c      0x124 CMakeFiles/picow_blink.dir/__/__/lib/FreeRTOS-Kernel/queue.c.o
                0x000000001000907c                xQueueReceive
 .text.vQueueAddToRegistry
                0x00000000100091a0       0xec CMakeFiles/picow_blink.dir/__/__/lib/FreeRTOS-Kernel/queue.c.o
                0x00000000100091a0                vQueueAddToRegistry
 .text.vQueueWaitForMessageRestricted
                0x000000001000928c       0x48 CMakeFiles/picow_blink.dir/__/__/lib/FreeRTOS-Kernel/queue.c.o
                0x000000001000928c                vQueueWaitForMessageRestricted
 .text.prvPassiveIdleTask
                0x00000000100092d4       0x20 CMakeFiles/picow_blink.dir/__/__/lib/FreeRTOS-Kernel/tasks.c.o
 .text.prvYieldForTask
                0x00000000100092f4       0xc0 CMakeFiles/picow_blink.dir/__/__/lib/FreeRTOS-Kernel/tasks.c.o
 .text.prvAddCurrentTaskToDelayedList
                0x00000000100093b4      0x144 CMakeFiles/picow_blink.dir/__/__/lib/FreeRTOS-Kernel/tasks.c.o
 .text.prvCheckForRunStateChange
                0x00000000100094f8      0x140 CMakeFiles/picow_blink.dir/__/__/lib/FreeRTOS-Kernel/tasks.c.o
 .text.xTaskIncrementTick.part.0
                0x0000000010009638      0x1f0 CMakeFiles/picow_blink.dir/__/__/lib/FreeRTOS-Kernel/tasks.c.o
 .text.vTaskSuspendAll.part.0
                0x0000000010009828       0xb8 CMakeFiles/picow_blink.dir/__/__/lib/FreeRTOS-Kernel/tasks.c.o
 .text.vTaskSuspendAll
                0x00000000100098e0       0xc4 CMakeFiles/picow_blink.dir/__/__/lib/FreeRTOS-Kernel/tasks.c.o
                0x00000000100098e0                vTaskSuspendAll
 .text.xTaskGetTickCount
                0x00000000100099a4        0xc CMakeFiles/picow_blink.dir/__/__/lib/FreeRTOS-Kernel/tasks.c.o
                0x00000000100099a4                xTaskGetTickCount
 .text.uxTaskGetNumberOfTasks
                0x00000000100099b0        0xc CMakeFiles/picow_blink.dir/__/__/lib/FreeRTOS-Kernel/tasks.c.o
                0x00000000100099b0                uxTaskGetNumberOfTasks
 .text.xTaskIncrementTick
                0x00000000100099bc       0x24 CMakeFiles/picow_blink.dir/__/__/lib/FreeRTOS-Kernel/tasks.c.o
                0x00000000100099bc                xTaskIncrementTick
 .text.vTaskSwitchContext
                0x00000000100099e0      0x2e8 CMakeFiles/picow_blink.dir/__/__/lib/FreeRTOS-Kernel/tasks.c.o
                0x00000000100099e0                vTaskSwitchContext
 .text.vTaskPlaceOnEventList
                0x0000000010009cc8      0x148 CMakeFiles/picow_blink.dir/__/__/lib/FreeRTOS-Kernel/tasks.c.o
                0x0000000010009cc8                vTaskPlaceOnEventList
 .text.vTaskPlaceOnUnorderedEventList
                0x0000000010009e10       0x9c CMakeFiles/picow_blink.dir/__/__/lib/FreeRTOS-Kernel/tasks.c.o
                0x0000000010009e10                vTaskPlaceOnUnorderedEventList
 .text.vTaskPlaceOnEventListRestricted
                0x0000000010009eac       0x8c CMakeFiles/picow_blink.dir/__/__/lib/FreeRTOS-Kernel/tasks.c.o
                0x0000000010009eac                vTaskPlaceOnEventListRestricted
 .text.xTaskRemoveFromEventList
                0x0000000010009f38       0xd4 CMakeFiles/picow_blink.dir/__/__/lib/FreeRTOS-Kernel/tasks.c.o
                0x0000000010009f38                xTaskRemoveFromEventList
 .text.vTaskInternalSetTimeOutState
                0x000000001000a00c       0x18 CMakeFiles/picow_blink.dir/__/__/lib/FreeRTOS-Kernel/tasks.c.o
                0x000000001000a00c                vTaskInternalSetTimeOutState
 .text.xTaskCheckForTimeOut
                0x000000001000a024      0x1fc CMakeFiles/picow_blink.dir/__/__/lib/FreeRTOS-Kernel/tasks.c.o
                0x000000001000a024                xTaskCheckForTimeOut
 .text.vTaskMissedYield
                0x000000001000a220       0x14 CMakeFiles/picow_blink.dir/__/__/lib/FreeRTOS-Kernel/tasks.c.o
                0x000000001000a220                vTaskMissedYield
 .text.xTaskGetCurrentTaskHandle
                0x000000001000a234       0x1c CMakeFiles/picow_blink.dir/__/__/lib/FreeRTOS-Kernel/tasks.c.o
                0x000000001000a234                xTaskGetCurrentTaskHandle
 .text.xTaskPriorityDisinherit
                0x000000001000a250       0xb4 CMakeFiles/picow_blink.dir/__/__/lib/FreeRTOS-Kernel/tasks.c.o
                0x000000001000a250                xTaskPriorityDisinherit
 .text.vTaskYieldWithinAPI
                0x000000001000a304       0x34 CMakeFiles/picow_blink.dir/__/__/lib/FreeRTOS-Kernel/tasks.c.o
                0x000000001000a304                vTaskYieldWithinAPI
 .text.vTaskEnterCritical
                0x000000001000a338       0xc0 CMakeFiles/picow_blink.dir/__/__/lib/FreeRTOS-Kernel/tasks.c.o
                0x000000001000a338                vTaskEnterCritical
 .text.vTaskEnterCriticalFromISR
                0x000000001000a3f8       0x78 CMakeFiles/picow_blink.dir/__/__/lib/FreeRTOS-Kernel/tasks.c.o
                0x000000001000a3f8                vTaskEnterCriticalFromISR
 .text.vTaskExitCritical
                0x000000001000a470       0x88 CMakeFiles/picow_blink.dir/__/__/lib/FreeRTOS-Kernel/tasks.c.o
                0x000000001000a470                vTaskExitCritical
 .text.prvAddNewTaskToReadyList
                0x000000001000a4f8       0xf0 CMakeFiles/picow_blink.dir/__/__/lib/FreeRTOS-Kernel/tasks.c.o
 .text.xTaskCreate
                0x000000001000a5e8      0x194 CMakeFiles/picow_blink.dir/__/__/lib/FreeRTOS-Kernel/tasks.c.o
                0x000000001000a5e8                xTaskCreate
 .text.xTaskCreateAffinitySet
                0x000000001000a77c      0x194 CMakeFiles/picow_blink.dir/__/__/lib/FreeRTOS-Kernel/tasks.c.o
                0x000000001000a77c                xTaskCreateAffinitySet
 .text.vTaskStartScheduler
                0x000000001000a910      0x160 CMakeFiles/picow_blink.dir/__/__/lib/FreeRTOS-Kernel/tasks.c.o
                0x000000001000a910                vTaskStartScheduler
 .text.xTaskResumeAll.part.0
                0x000000001000aa70      0x180 CMakeFiles/picow_blink.dir/__/__/lib/FreeRTOS-Kernel/tasks.c.o
 .text.xTaskResumeAll
                0x000000001000abf0       0x18 CMakeFiles/picow_blink.dir/__/__/lib/FreeRTOS-Kernel/tasks.c.o
                0x000000001000abf0                xTaskResumeAll
 .text.vTaskDelay
                0x000000001000ac08       0x70 CMakeFiles/picow_blink.dir/__/__/lib/FreeRTOS-Kernel/tasks.c.o
                0x000000001000ac08                vTaskDelay
 .text.vTaskRemoveFromUnorderedEventList
                0x000000001000ac78       0x90 CMakeFiles/picow_blink.dir/__/__/lib/FreeRTOS-Kernel/tasks.c.o
                0x000000001000ac78                vTaskRemoveFromUnorderedEventList
 .text.prvIdleTask
                0x000000001000ad08      0x158 CMakeFiles/picow_blink.dir/__/__/lib/FreeRTOS-Kernel/tasks.c.o
 .text.vTaskExitCriticalFromISR
                0x000000001000ae60       0x58 CMakeFiles/picow_blink.dir/__/__/lib/FreeRTOS-Kernel/tasks.c.o
                0x000000001000ae60                vTaskExitCriticalFromISR
 .text.uxTaskResetEventItemValue
                0x000000001000aeb8       0x48 CMakeFiles/picow_blink.dir/__/__/lib/FreeRTOS-Kernel/tasks.c.o
                0x000000001000aeb8                uxTaskResetEventItemValue
 .text.prvTimerTask
                0x000000001000af00      0x370 CMakeFiles/picow_blink.dir/__/__/lib/FreeRTOS-Kernel/timers.c.o
 .text.xTimerCreateTimerTask
                0x000000001000b270       0x90 CMakeFiles/picow_blink.dir/__/__/lib/FreeRTOS-Kernel/timers.c.o
                0x000000001000b270                xTimerCreateTimerTask
 .text.xTimerPendFunctionCallFromISR
                0x000000001000b300       0x28 CMakeFiles/picow_blink.dir/__/__/lib/FreeRTOS-Kernel/timers.c.o
                0x000000001000b300                xTimerPendFunctionCallFromISR
 .text.core1_trampoline
                0x000000001000b328        0x4 CMakeFiles/picow_blink.dir/__/__/lib/pico-sdk/src/rp2_common/pico_multicore/multicore.c.o
 .text.core1_wrapper
                0x000000001000b32c        0xc CMakeFiles/picow_blink.dir/__/__/lib/pico-sdk/src/rp2_common/pico_multicore/multicore.c.o
                0x000000001000b32c                core1_wrapper
 .text.multicore_reset_core1
                0x000000001000b338       0x60 CMakeFiles/picow_blink.dir/__/__/lib/pico-sdk/src/rp2_common/pico_multicore/multicore.c.o
                0x000000001000b338                multicore_reset_core1
 .text.multicore_launch_core1_raw
                0x000000001000b398       0x84 CMakeFiles/picow_blink.dir/__/__/lib/pico-sdk/src/rp2_common/pico_multicore/multicore.c.o
                0x000000001000b398                multicore_launch_core1_raw
 .text.multicore_launch_core1
                0x000000001000b41c       0x4c CMakeFiles/picow_blink.dir/__/__/lib/pico-sdk/src/rp2_common/pico_multicore/multicore.c.o
                0x000000001000b41c                multicore_launch_core1
 .text          0x000000001000b468       0x18 /usr/lib/gcc/arm-none-eabi/9.2.1/../../../arm-none-eabi/lib/thumb/v6-m/nofp/libg.a(lib_a-calloc.o)
                0x000000001000b468                calloc
 .text          0x000000001000b480       0x5c /usr/lib/gcc/arm-none-eabi/9.2.1/../../../arm-none-eabi/lib/thumb/v6-m/nofp/libg.a(lib_a-callocr.o)
                0x000000001000b480                _calloc_r
 .text          0x000000001000b4dc       0x28 /usr/lib/gcc/arm-none-eabi/9.2.1/../../../arm-none-eabi/lib/thumb/v6-m/nofp/libg.a(lib_a-malloc.o)
                0x000000001000b4dc                malloc
                0x000000001000b4f0                free
 .text          0x000000001000b504      0x58c /usr/lib/gcc/arm-none-eabi/9.2.1/../../../arm-none-eabi/lib/thumb/v6-m/nofp/libg.a(lib_a-mallocr.o)
                0x000000001000b504                _malloc_r
 .text          0x000000001000ba90       0xbc /usr/lib/gcc/arm-none-eabi/9.2.1/../../../arm-none-eabi/lib/thumb/v6-m/nofp/libg.a(lib_a-memmove.o)
                0x000000001000ba90                memmove
 .text          0x000000001000bb4c        0x8 /usr/lib/gcc/arm-none-eabi/9.2.1/../../../arm-none-eabi/lib/thumb/v6-m/nofp/libg.a(lib_a-mlock.o)
                0x000000001000bb4c                __malloc_lock
                0x000000001000bb50                __malloc_unlock
 .text          0x000000001000bb54       0x24 /usr/lib/gcc/arm-none-eabi/9.2.1/../../../arm-none-eabi/lib/thumb/v6-m/nofp/libg.a(lib_a-sbrkr.o)
                0x000000001000bb54                _sbrk_r
 .text          0x000000001000bb78       0x68 /usr/lib/gcc/arm-none-eabi/9.2.1/../../../arm-none-eabi/lib/thumb/v6-m/nofp/libg.a(lib_a-strlen-stub.o)
                0x000000001000bb78                strlen
 .text          0x000000001000bbe0       0x94 /usr/lib/gcc/arm-none-eabi/9.2.1/../../../arm-none-eabi/lib/thumb/v6-m/nofp/libg.a(lib_a-strncmp.o)
                0x000000001000bbe0                strncmp
 .text          0x000000001000bc74      0x27c /usr/lib/gcc/arm-none-eabi/9.2.1/../../../arm-none-eabi/lib/thumb/v6-m/nofp/libg.a(lib_a-freer.o)
                0x000000001000bc74                _malloc_trim_r
                0x000000001000bd14                _free_r
 *(.fini)
 .fini          0x000000001000bef0        0x4 /usr/lib/gcc/arm-none-eabi/9.2.1/thumb/v6-m/nofp/crti.o
                0x000000001000bef0                _fini
 *fill*         0x000000001000bef4        0x4 
 .fini.__stub   0x000000001000bef8       0xc0 linker stubs
 *crtbegin.o(.ctors)
 *crtbegin?.o(.ctors)
 *(EXCLUDE_FILE(*crtend.o *crtend?.o) .ctors)
 *(SORT_BY_NAME(.ctors.*))
 *(.ctors)
 *crtbegin.o(.dtors)
 *crtbegin?.o(.dtors)
 *(EXCLUDE_FILE(*crtend.o *crtend?.o) .dtors)
 *(SORT_BY_NAME(.dtors.*))
 *(.dtors)
                0x000000001000bfb8                . = ALIGN (0x4)
                0x000000001000bfb8                PROVIDE (__preinit_array_start = .)
 *(SORT_BY_NAME(.preinit_array.*))
 .preinit_array.00100
                0x000000001000bfb8        0x4 CMakeFiles/picow_blink.dir/__/__/lib/pico-sdk/src/rp2_common/pico_runtime_init/runtime_init.c.o
                0x000000001000bfb8                __pre_init_runtime_init_early_resets
 .preinit_array.00101
                0x000000001000bfbc        0x4 CMakeFiles/picow_blink.dir/__/__/lib/pico-sdk/src/rp2_common/pico_runtime_init/runtime_init.c.o
                0x000000001000bfbc                __pre_init_runtime_init_usb_power_down
 .preinit_array.00275
                0x000000001000bfc0        0x4 CMakeFiles/picow_blink.dir/__/__/lib/pico-sdk/src/rp2_common/pico_bit_ops/bit_ops_aeabi.S.o
 .preinit_array.00300
                0x000000001000bfc4        0x4 CMakeFiles/picow_blink.dir/__/__/lib/pico-sdk/src/rp2_common/pico_mem_ops/mem_ops_aeabi.S.o
 .preinit_array.00350
                0x000000001000bfc8        0x4 CMakeFiles/picow_blink.dir/__/__/lib/pico-sdk/src/rp2_common/pico_double/double_aeabi_rp2040.S.o
 .preinit_array.00350
                0x000000001000bfcc        0x4 CMakeFiles/picow_blink.dir/__/__/lib/pico-sdk/src/rp2_common/pico_float/float_aeabi_rp2040.S.o
 .preinit_array.00500
                0x000000001000bfd0        0x4 CMakeFiles/picow_blink.dir/__/__/lib/pico-sdk/src/rp2_common/pico_runtime_init/runtime_init.c.o
                0x000000001000bfd0                __pre_init_runtime_init_clocks
 .preinit_array.00600
                0x000000001000bfd4        0x4 CMakeFiles/picow_blink.dir/__/__/lib/pico-sdk/src/rp2_common/pico_runtime_init/runtime_init.c.o
                0x000000001000bfd4                __pre_init_runtime_init_post_clock_resets
 .preinit_array.00700
                0x000000001000bfd8        0x4 CMakeFiles/picow_blink.dir/__/__/lib/pico-sdk/src/rp2_common/pico_runtime_init/runtime_init.c.o
                0x000000001000bfd8                __pre_init_runtime_init_rp2040_gpio_ie_disable
 .preinit_array.01000
                0x000000001000bfdc        0x4 CMakeFiles/picow_blink.dir/__/__/lib/pico-sdk/src/rp2_common/pico_runtime_init/runtime_init.c.o
                0x000000001000bfdc                __pre_init_runtime_init_spin_locks_reset
 .preinit_array.01100
                0x000000001000bfe0        0x4 CMakeFiles/picow_blink.dir/__/__/lib/pico-sdk/src/common/pico_sync/mutex.c.o
                0x000000001000bfe0                __pre_init_runtime_init_mutex
 .preinit_array.10080
                0x000000001000bfe4        0x4 CMakeFiles/picow_blink.dir/__/__/lib/pico-sdk/src/rp2_common/pico_runtime_init/runtime_init.c.o
                0x000000001000bfe4                __pre_init_runtime_init_install_ram_vector_table
 .preinit_array.11000
                0x000000001000bfe8        0x4 CMakeFiles/picow_blink.dir/__/__/lib/pico-sdk/src/common/pico_time/time.c.o
                0x000000001000bfe8                __pre_init_runtime_init_default_alarm_pool
 .preinit_array.YYYYY
                0x000000001000bfec        0x4 CMakeFiles/picow_blink.dir/__/__/lib/pico-sdk/src/rp2_common/pico_runtime/runtime.c.o
                0x000000001000bfec                __pre_init_first_per_core_initializer
 .preinit_array.ZZZZZ.01200
                0x000000001000bff0        0x4 CMakeFiles/picow_blink.dir/__/__/lib/pico-sdk/src/rp2_common/hardware_irq/irq.c.o
                0x000000001000bff0                __pre_init_runtime_init_per_core_irq_priorities
 *(.preinit_array)
                0x000000001000bff4                PROVIDE (__preinit_array_end = .)
                0x000000001000bff4                . = ALIGN (0x4)
                0x000000001000bff4                PROVIDE (__init_array_start = .)
 *(SORT_BY_NAME(.init_array.*))
 *(.init_array)
 .init_array    0x000000001000bff4        0x4 /usr/lib/gcc/arm-none-eabi/9.2.1/thumb/v6-m/nofp/crtbegin.o
 .init_array    0x000000001000bff8        0x4 CMakeFiles/picow_blink.dir/__/__/lib/pico-sdk/src/rp2_common/pico_unique_id/unique_id.c.o
 .init_array    0x000000001000bffc        0x4 CMakeFiles/picow_blink.dir/__/__/lib/FreeRTOS-Kernel/portable/ThirdParty/GCC/RP2040/port.c.o
                0x000000001000c000                PROVIDE (__init_array_end = .)
                0x000000001000c000                . = ALIGN (0x4)
                0x000000001000c000                PROVIDE (__fini_array_start = .)
 *(SORT_BY_NAME(.fini_array.*))
 *(.fini_array)
                0x000000001000c000                PROVIDE (__fini_array_end = .)
 *(.eh_frame*)
 .eh_frame      0x000000001000c000        0x0 /usr/lib/gcc/arm-none-eabi/9.2.1/thumb/v6-m/nofp/crtbegin.o
                0x000000001000c000                . = ALIGN (0x4)

.glue_7         0x000000001000c000        0x0
 .glue_7        0x000000001000c000        0x0 linker stubs

.glue_7t        0x000000001000c000        0x0
 .glue_7t       0x000000001000c000        0x0 linker stubs

.vfp11_veneer   0x000000001000c000        0x0
 .vfp11_veneer  0x000000001000c000        0x0 linker stubs

.v4_bx          0x000000001000c000        0x0
 .v4_bx         0x000000001000c000        0x0 linker stubs

.iplt           0x000000001000c000        0x0
 .iplt          0x000000001000c000        0x0 /usr/lib/gcc/arm-none-eabi/9.2.1/thumb/v6-m/nofp/crtbegin.o

.rodata         0x000000001000c000    0x37cf8
 *(EXCLUDE_FILE(*libm.a: *libc.a:*lib_a-mem*.o *libgcc.a:) .rodata*)
 .rodata.main.str1.4
                0x000000001000c000       0x1d CMakeFiles/picow_blink.dir/main.cpp.o
 *fill*         0x000000001000c01d        0x3 
 .rodata.panic.str1.4
                0x000000001000c020       0x10 CMakeFiles/picow_blink.dir/__/__/lib/pico-sdk/src/rp2_common/pico_platform_panic/panic.c.o
                                         0x12 (size before relaxing)
 .rodata.panic_unsupported.str1.4
                0x000000001000c030        0xe CMakeFiles/picow_blink.dir/__/__/lib/pico-sdk/src/rp2_common/pico_platform_panic/panic.c.o
 *fill*         0x000000001000c03e        0x2 
 .rodata.spin_lock_claim.str1.4
                0x000000001000c040       0x1f CMakeFiles/picow_blink.dir/__/__/lib/pico-sdk/src/rp2_common/hardware_sync/sync.c.o
 *fill*         0x000000001000c05f        0x1 
 .rodata.user_irq_claim_unused.str1.4
                0x000000001000c060       0x1b CMakeFiles/picow_blink.dir/__/__/lib/pico-sdk/src/rp2_common/hardware_irq/irq.c.o
 *fill*         0x000000001000c07b        0x5 
 .rodata.at_the_end_of_time
                0x000000001000c080        0x8 CMakeFiles/picow_blink.dir/__/__/lib/pico-sdk/src/common/pico_time/time.c.o
                0x000000001000c080                at_the_end_of_time
 .rodata.timer_hardware_alarm_claim.str1.4
                0x000000001000c088       0x22 CMakeFiles/picow_blink.dir/__/__/lib/pico-sdk/src/rp2_common/hardware_timer/timer.c.o
 *fill*         0x000000001000c0aa        0x2 
 .rodata.timer_hardware_alarm_claim_unused.str1.4
                0x000000001000c0ac       0x14 CMakeFiles/picow_blink.dir/__/__/lib/pico-sdk/src/rp2_common/hardware_timer/timer.c.o
 .rodata.hard_assertion_failure.str1.4
                0x000000001000c0c0        0xc CMakeFiles/picow_blink.dir/__/__/lib/pico-sdk/src/rp2_common/pico_runtime/runtime.c.o
 .rodata.missing_double_func_shim.str1.4
                0x000000001000c0cc       0x18 CMakeFiles/picow_blink.dir/__/__/lib/pico-sdk/src/rp2_common/pico_double/double_init_rom_rp2040.c.o
 .rodata.missing_float_func_shim.str1.4
                0x000000001000c0e4       0x18 CMakeFiles/picow_blink.dir/__/__/lib/pico-sdk/src/rp2_common/pico_float/float_init_rom_rp2040.c.o
                                          0x1 (size before relaxing)
 .rodata.__wrap_malloc.str1.4
                0x000000001000c0e4        0xe CMakeFiles/picow_blink.dir/__/__/lib/pico-sdk/src/rp2_common/pico_malloc/malloc.c.o
 *fill*         0x000000001000c0f2        0x2 
 .rodata.str1.4
                0x000000001000c0f4       0x40 CMakeFiles/picow_blink.dir/__/__/lib/pico-sdk/src/rp2_common/pico_standard_binary_info/standard_binary_info.c.o
 .rodata.__bi_26
                0x000000001000c134        0xc CMakeFiles/picow_blink.dir/__/__/lib/pico-sdk/src/rp2_common/pico_standard_binary_info/standard_binary_info.c.o
 .rodata.__bi_34
                0x000000001000c140        0xc CMakeFiles/picow_blink.dir/__/__/lib/pico-sdk/src/rp2_common/pico_standard_binary_info/standard_binary_info.c.o
 .rodata.__bi_42
                0x000000001000c14c        0xc CMakeFiles/picow_blink.dir/__/__/lib/pico-sdk/src/rp2_common/pico_standard_binary_info/standard_binary_info.c.o
 .rodata.__bi_48
                0x000000001000c158        0xc CMakeFiles/picow_blink.dir/__/__/lib/pico-sdk/src/rp2_common/pico_standard_binary_info/standard_binary_info.c.o
 .rodata.__bi_54
                0x000000001000c164        0xc CMakeFiles/picow_blink.dir/__/__/lib/pico-sdk/src/rp2_common/pico_standard_binary_info/standard_binary_info.c.o
 .rodata.__bi_78
                0x000000001000c170        0xc CMakeFiles/picow_blink.dir/__/__/lib/pico-sdk/src/rp2_common/pico_standard_binary_info/standard_binary_info.c.o
 .rodata.__bi_84
                0x000000001000c17c        0xc CMakeFiles/picow_blink.dir/__/__/lib/pico-sdk/src/rp2_common/pico_standard_binary_info/standard_binary_info.c.o
 .rodata._ftoa.str1.4
                0x000000001000c188       0x15 CMakeFiles/picow_blink.dir/__/__/lib/pico-sdk/src/rp2_common/pico_printf/printf.c.o
 *fill*         0x000000001000c19d        0x3 
 .rodata._vsnprintf
                0x000000001000c1a0      0x1e0 CMakeFiles/picow_blink.dir/__/__/lib/pico-sdk/src/rp2_common/pico_printf/printf.c.o
 .rodata.pow10.5488
                0x000000001000c380       0x50 CMakeFiles/picow_blink.dir/__/__/lib/pico-sdk/src/rp2_common/pico_printf/printf.c.o
 .rodata.crlf_str.6455
                0x000000001000c3d0        0x2 CMakeFiles/picow_blink.dir/__/__/lib/pico-sdk/src/rp2_common/pico_stdio/stdio.c.o
 *fill*         0x000000001000c3d2        0x2 
 .rodata.str1.4
                0x000000001000c3d4       0x2c CMakeFiles/picow_blink.dir/__/__/lib/pico-sdk/src/rp2_common/pico_stdio_uart/stdio_uart.c.o
 .rodata.__bi_45.5294
                0x000000001000c400        0xc CMakeFiles/picow_blink.dir/__/__/lib/pico-sdk/src/rp2_common/pico_stdio_uart/stdio_uart.c.o
 .rodata.__bi_49.5298
                0x000000001000c40c        0x8 CMakeFiles/picow_blink.dir/__/__/lib/pico-sdk/src/rp2_common/pico_stdio_uart/stdio_uart.c.o
 .rodata.__bi_50.5302
                0x000000001000c414        0x8 CMakeFiles/picow_blink.dir/__/__/lib/pico-sdk/src/rp2_common/pico_stdio_uart/stdio_uart.c.o
 .rodata.cyw43_read_bytes.str1.4
                0x000000001000c41c       0x1a CMakeFiles/picow_blink.dir/__/__/lib/pico-sdk/src/rp2_common/pico_cyw43_driver/cyw43_bus_pio_spi.c.o
 .rodata.cyw43_write_bytes.str1.4
                0x000000001000c436       0x1a CMakeFiles/picow_blink.dir/__/__/lib/pico-sdk/src/rp2_common/pico_cyw43_driver/cyw43_bus_pio_spi.c.o
                                          0xd (size before relaxing)
 *fill*         0x000000001000c436        0x2 
 .rodata.spi_gap01_sample0_program
                0x000000001000c438        0x8 CMakeFiles/picow_blink.dir/__/__/lib/pico-sdk/src/rp2_common/pico_cyw43_driver/cyw43_bus_pio_spi.c.o
 .rodata.spi_gap01_sample0_program_instructions
                0x000000001000c440        0xc CMakeFiles/picow_blink.dir/__/__/lib/pico-sdk/src/rp2_common/pico_cyw43_driver/cyw43_bus_pio_spi.c.o
 .rodata.cyw43_kso_set.str1.4
                0x000000001000c44c       0x23 CMakeFiles/picow_blink.dir/__/__/lib/pico-sdk/lib/cyw43-driver/src/cyw43_ll.c.o
 *fill*         0x000000001000c46f        0x1 
 .rodata.cyw43_ll_sdpcm_poll_device.str1.4
                0x000000001000c470       0x55 CMakeFiles/picow_blink.dir/__/__/lib/pico-sdk/lib/cyw43-driver/src/cyw43_ll.c.o
 *fill*         0x000000001000c4c5        0x3 
 .rodata.cyw43_sdpcm_send_common.str1.4
                0x000000001000c4c8       0x22 CMakeFiles/picow_blink.dir/__/__/lib/pico-sdk/lib/cyw43-driver/src/cyw43_ll.c.o
 *fill*         0x000000001000c4ea        0x2 
 .rodata.cyw43_do_ioctl.part.0.str1.4
                0x000000001000c4ec       0x53 CMakeFiles/picow_blink.dir/__/__/lib/pico-sdk/lib/cyw43-driver/src/cyw43_ll.c.o
 *fill*         0x000000001000c53f        0x1 
 .rodata.reset_device_core.constprop.0.str1.4
                0x000000001000c540       0x1a CMakeFiles/picow_blink.dir/__/__/lib/pico-sdk/lib/cyw43-driver/src/cyw43_ll.c.o
 *fill*         0x000000001000c55a        0x2 
 .rodata.cyw43_ll_wifi_on.str1.4
                0x000000001000c55c       0x52 CMakeFiles/picow_blink.dir/__/__/lib/pico-sdk/lib/cyw43-driver/src/cyw43_ll.c.o
 *fill*         0x000000001000c5ae        0x2 
 .rodata.cyw43_ll_bus_init.str1.4
                0x000000001000c5b0       0xea CMakeFiles/picow_blink.dir/__/__/lib/pico-sdk/lib/cyw43-driver/src/cyw43_ll.c.o
 *fill*         0x000000001000c69a        0x2 
 .rodata.cyw43_ll_gpio_set.str1.4
                0x000000001000c69c        0x8 CMakeFiles/picow_blink.dir/__/__/lib/pico-sdk/lib/cyw43-driver/src/cyw43_ll.c.o
 .rodata        0x000000001000c6a4       0x72 CMakeFiles/picow_blink.dir/__/__/lib/pico-sdk/lib/cyw43-driver/src/cyw43_ll.c.o
 *fill*         0x000000001000c716        0x2 
 .rodata.w43439A0_7_95_49_00_combined
                0x000000001000c718    0x36fd8 CMakeFiles/picow_blink.dir/__/__/lib/pico-sdk/lib/cyw43-driver/src/cyw43_ll.c.o
 .rodata.wifi_nvram_4343
                0x00000000100436f0      0x2e7 CMakeFiles/picow_blink.dir/__/__/lib/pico-sdk/lib/cyw43-driver/src/cyw43_ll.c.o
 *fill*         0x00000000100439d7        0x1 
 .rodata.cyw43_cb_process_async_event.str1.4
                0x00000000100439d8       0x28 CMakeFiles/picow_blink.dir/__/__/lib/pico-sdk/lib/cyw43-driver/src/cyw43_ctrl.c.o
 .rodata.str1.4
                0x0000000010043a00       0x9e CMakeFiles/picow_blink.dir/__/__/lib/pico-sdk/lib/cyw43-driver/src/cyw43_ctrl.c.o
 *fill*         0x0000000010043a9e        0x2 
 .rodata.cyw43_async_event_name_table
                0x0000000010043aa0      0x164 CMakeFiles/picow_blink.dir/__/__/lib/pico-sdk/lib/cyw43-driver/src/cyw43_ctrl.c.o
 .rodata.pio_claim_unused_sm.str1.4
                0x0000000010043c04       0x24 CMakeFiles/picow_blink.dir/__/__/lib/pico-sdk/src/rp2_common/hardware_pio/pio.c.o
 .rodata.dma_claim_unused_channel.str1.4
                0x0000000010043c28       0x1e CMakeFiles/picow_blink.dir/__/__/lib/pico-sdk/src/rp2_common/hardware_dma/dma.c.o
 *fill*         0x0000000010043c46        0x2 
 .rodata.cyw43_cb_tcpip_set_link_up.str1.4
                0x0000000010043c48       0x20 CMakeFiles/picow_blink.dir/__/__/lib/pico-sdk/src/rp2_common/pico_cyw43_driver/cyw43_driver.c.o
 .rodata.async_context_threadsafe_background_lock_check.str1.4
                0x0000000010043c68       0x20 CMakeFiles/picow_blink.dir/__/__/lib/pico-sdk/src/rp2_common/pico_async_context/async_context_threadsafe_background.c.o
 .rodata.template
                0x0000000010043c88       0x38 CMakeFiles/picow_blink.dir/__/__/lib/pico-sdk/src/rp2_common/pico_async_context/async_context_threadsafe_background.c.o
 .rodata.prvTimerTask
                0x0000000010043cc0       0x28 CMakeFiles/picow_blink.dir/__/__/lib/FreeRTOS-Kernel/timers.c.o
 .rodata.xTimerCreateTimerTask.str1.4
                0x0000000010043ce8       0x10 CMakeFiles/picow_blink.dir/__/__/lib/FreeRTOS-Kernel/timers.c.o
                0x0000000010043cf8                . = ALIGN (0x4)
 *(SORT_BY_ALIGNMENT(SORT_BY_NAME(.flashdata*)))
                0x0000000010043cf8                . = ALIGN (0x4)

.ARM.extab
 *(.ARM.extab* .gnu.linkonce.armextab.*)
                0x0000000010043cf8                __exidx_start = .

.ARM.exidx
 *(.ARM.exidx* .gnu.linkonce.armexidx.*)
                0x0000000010043cf8                __exidx_end = .