Archive member included to satisfy reference by file (symbol)

/usr/lib/gcc/arm-none-eabi/9.2.1/thumb/v6-m/nofp/libgcc.a(_dvmd_tls.o)
                              CMakeFiles/picow_blink.dir/__/__/lib/pico-sdk/src/rp2_common/pico_divider/divider_hardware.S.o (__aeabi_idiv0)
/usr/lib/gcc/arm-none-eabi/9.2.1/../../../arm-none-eabi/lib/thumb/v6-m/nofp/libg.a(lib_a-atexit.o)
                              /usr/lib/gcc/arm-none-eabi/9.2.1/../../../arm-none-eabi/lib/thumb/v6-m/nofp/crt0.o (atexit)
/usr/lib/gcc/arm-none-eabi/9.2.1/../../../arm-none-eabi/lib/thumb/v6-m/nofp/libg.a(lib_a-calloc.o)
                              CMakeFiles/picow_blink.dir/__/__/lib/pico-sdk/src/rp2_common/pico_malloc/malloc.c.o (calloc)
/usr/lib/gcc/arm-none-eabi/9.2.1/../../../arm-none-eabi/lib/thumb/v6-m/nofp/libg.a(lib_a-callocr.o)
                              /usr/lib/gcc/arm-none-eabi/9.2.1/../../../arm-none-eabi/lib/thumb/v6-m/nofp/libg.a(lib_a-calloc.o) (_calloc_r)
/usr/lib/gcc/arm-none-eabi/9.2.1/../../../arm-none-eabi/lib/thumb/v6-m/nofp/libg.a(lib_a-fini.o)
                              /usr/lib/gcc/arm-none-eabi/9.2.1/../../../arm-none-eabi/lib/thumb/v6-m/nofp/crt0.o (__libc_fini_array)
/usr/lib/gcc/arm-none-eabi/9.2.1/../../../arm-none-eabi/lib/thumb/v6-m/nofp/libg.a(lib_a-impure.o)
                              /usr/lib/gcc/arm-none-eabi/9.2.1/../../../arm-none-eabi/lib/thumb/v6-m/nofp/libg.a(lib_a-calloc.o) (_impure_ptr)
/usr/lib/gcc/arm-none-eabi/9.2.1/../../../arm-none-eabi/lib/thumb/v6-m/nofp/libg.a(lib_a-init.o)
                              /usr/lib/gcc/arm-none-eabi/9.2.1/../../../arm-none-eabi/lib/thumb/v6-m/nofp/crt0.o (__libc_init_array)
/usr/lib/gcc/arm-none-eabi/9.2.1/../../../arm-none-eabi/lib/thumb/v6-m/nofp/libg.a(lib_a-lcltime_r.o)
                              CMakeFiles/picow_blink.dir/__/__/lib/pico-sdk/src/common/pico_util/datetime.c.o (localtime_r)
/usr/lib/gcc/arm-none-eabi/9.2.1/../../../arm-none-eabi/lib/thumb/v6-m/nofp/libg.a(lib_a-malloc.o)
                              CMakeFiles/picow_blink.dir/__/__/lib/pico-sdk/src/rp2_common/pico_malloc/malloc.c.o (malloc)
/usr/lib/gcc/arm-none-eabi/9.2.1/../../../arm-none-eabi/lib/thumb/v6-m/nofp/libg.a(lib_a-mallocr.o)
                              /usr/lib/gcc/arm-none-eabi/9.2.1/../../../arm-none-eabi/lib/thumb/v6-m/nofp/libg.a(lib_a-callocr.o) (_malloc_r)
/usr/lib/gcc/arm-none-eabi/9.2.1/../../../arm-none-eabi/lib/thumb/v6-m/nofp/libg.a(lib_a-memcmp.o)
                              CMakeFiles/picow_blink.dir/__/__/lib/pico-sdk/src/rp2_common/pico_atomic/atomic.c.o (memcmp)
/usr/lib/gcc/arm-none-eabi/9.2.1/../../../arm-none-eabi/lib/thumb/v6-m/nofp/libg.a(lib_a-memmove.o)
                              CMakeFiles/picow_blink.dir/__/__/lib/pico-sdk/lib/cyw43-driver/src/cyw43_ll.c.o (memmove)
/usr/lib/gcc/arm-none-eabi/9.2.1/../../../arm-none-eabi/lib/thumb/v6-m/nofp/libg.a(lib_a-mktime.o)
                              CMakeFiles/picow_blink.dir/__/__/lib/pico-sdk/src/common/pico_util/datetime.c.o (mktime)
/usr/lib/gcc/arm-none-eabi/9.2.1/../../../arm-none-eabi/lib/thumb/v6-m/nofp/libg.a(lib_a-mlock.o)
                              /usr/lib/gcc/arm-none-eabi/9.2.1/../../../arm-none-eabi/lib/thumb/v6-m/nofp/libg.a(lib_a-mallocr.o) (__malloc_lock)
/usr/lib/gcc/arm-none-eabi/9.2.1/../../../arm-none-eabi/lib/thumb/v6-m/nofp/libg.a(lib_a-month_lengths.o)
                              /usr/lib/gcc/arm-none-eabi/9.2.1/../../../arm-none-eabi/lib/thumb/v6-m/nofp/libg.a(lib_a-lcltime_r.o) (__month_lengths)
/usr/lib/gcc/arm-none-eabi/9.2.1/../../../arm-none-eabi/lib/thumb/v6-m/nofp/libg.a(lib_a-realloc.o)
                              CMakeFiles/picow_blink.dir/__/__/lib/pico-sdk/src/rp2_common/pico_malloc/malloc.c.o (realloc)
/usr/lib/gcc/arm-none-eabi/9.2.1/../../../arm-none-eabi/lib/thumb/v6-m/nofp/libg.a(lib_a-reallocr.o)
                              /usr/lib/gcc/arm-none-eabi/9.2.1/../../../arm-none-eabi/lib/thumb/v6-m/nofp/libg.a(lib_a-realloc.o) (_realloc_r)
/usr/lib/gcc/arm-none-eabi/9.2.1/../../../arm-none-eabi/lib/thumb/v6-m/nofp/libg.a(lib_a-sbrkr.o)
                              /usr/lib/gcc/arm-none-eabi/9.2.1/../../../arm-none-eabi/lib/thumb/v6-m/nofp/libg.a(lib_a-mallocr.o) (_sbrk_r)
/usr/lib/gcc/arm-none-eabi/9.2.1/../../../arm-none-eabi/lib/thumb/v6-m/nofp/libg.a(lib_a-strlen-stub.o)
                              CMakeFiles/picow_blink.dir/__/__/lib/pico-sdk/src/rp2_common/pico_stdio/stdio.c.o (strlen)
/usr/lib/gcc/arm-none-eabi/9.2.1/../../../arm-none-eabi/lib/thumb/v6-m/nofp/libg.a(lib_a-strncmp.o)
                              CMakeFiles/picow_blink.dir/__/__/lib/pico-sdk/lib/cyw43-driver/src/cyw43_ll.c.o (strncmp)
/usr/lib/gcc/arm-none-eabi/9.2.1/../../../arm-none-eabi/lib/thumb/v6-m/nofp/libg.a(lib_a-tzcalc_limits.o)
                              /usr/lib/gcc/arm-none-eabi/9.2.1/../../../arm-none-eabi/lib/thumb/v6-m/nofp/libg.a(lib_a-lcltime_r.o) (__tzcalc_limits)
[...]
Memory Configuration

Name             Origin             Length             Attributes
FLASH            0x0000000010000000 0x0000000000200000 xr
RAM              0x0000000020000000 0x0000000000040000 xrw
SCRATCH_X        0x0000000020040000 0x0000000000001000 xrw
SCRATCH_Y        0x0000000020041000 0x0000000000001000 xrw
*default*        0x0000000000000000 0xffffffffffffffff

Linker script and memory map

LOAD /usr/lib/gcc/arm-none-eabi/9.2.1/thumb/v6-m/nofp/crti.o
LOAD /usr/lib/gcc/arm-none-eabi/9.2.1/thumb/v6-m/nofp/crtbegin.o
LOAD /usr/lib/gcc/arm-none-eabi/9.2.1/../../../arm-none-eabi/lib/thumb/v6-m/nofp/crt0.o

.flash_begin    0x0000000010000000        0x0
                0x0000000010000000                __flash_binary_start = .

.boot2          0x0000000010000000      0x100
                0x0000000010000000                __boot2_start__ = .
 *(.boot2)
 .boot2         0x0000000010000000      0x100 ../../pico-sdk/src/rp2040/boot_stage2/CMakeFiles/bs2_default_library.dir/bs2_default_padded_checksummed.S.o
                0x0000000010000100                __boot2_end__ = .
                0x0000000000000001                ASSERT (((__boot2_end__ - __boot2_start__) == 0x100), ERROR: Pico second stage bootloader must be 256 bytes in size)

.text           0x0000000010000100     0xb1f8
                0x0000000010000100                __logical_binary_start = .
 *(.vectors)
 .vectors       0x0000000010000100       0xd4 CMakeFiles/picow_blink.dir/__/__/lib/pico-sdk/src/rp2_common/pico_crt0/crt0.S.o
                0x0000000010000100                __vectors
                0x0000000010000100                __VECTOR_TABLE
                0x00000000100001c0                isr_invalid
                0x00000000100001c0                __default_isrs_start
                0x00000000100001c2                isr_nmi
                0x00000000100001c4                isr_hardfault
                0x00000000100001c6                isr_svcall
                0x00000000100001c8                isr_pendsv
                0x00000000100001ca                isr_systick
                0x00000000100001cc                isr_irq30
                0x00000000100001cc                __unhandled_user_irq
                0x00000000100001cc                isr_irq13
                0x00000000100001cc                isr_irq27
                0x00000000100001cc                isr_irq31
                0x00000000100001cc                isr_irq5
                0x00000000100001cc                isr_irq11
                0x00000000100001cc                isr_irq23
                0x00000000100001cc                isr_irq18
                0x00000000100001cc                isr_irq28
                0x00000000100001cc                isr_irq19
                0x00000000100001cc                isr_irq0
                0x00000000100001cc                isr_irq6
                0x00000000100001cc                isr_irq22
                0x00000000100001cc                isr_irq17
                0x00000000100001cc                isr_irq14
                0x00000000100001cc                isr_irq2
                0x00000000100001cc                isr_irq10
                0x00000000100001cc                isr_irq8
                0x00000000100001cc                isr_irq24
                0x00000000100001cc                isr_irq1
                0x00000000100001cc                isr_irq7
                0x00000000100001cc                isr_irq21
                0x00000000100001cc                isr_irq20
                0x00000000100001cc                isr_irq15
                0x00000000100001cc                isr_irq25
                0x00000000100001cc                isr_irq4
                0x00000000100001cc                isr_irq16
                0x00000000100001cc                isr_irq29
                0x00000000100001cc                isr_irq26
                0x00000000100001cc                __default_isrs_end
                0x00000000100001cc                isr_irq3
                0x00000000100001cc                isr_irq12
                0x00000000100001cc                isr_irq9
                0x00000000100001d2                unhandled_user_irq_num_in_r0
 *(.binary_info_header)
 .binary_info_header
                0x00000000100001d4       0x14 CMakeFiles/picow_blink.dir/__/__/lib/pico-sdk/src/rp2_common/pico_crt0/crt0.S.o
                0x00000000100001e8                __binary_info_header_end = .
 *(.embedded_block)
                0x00000000100001e8                __embedded_block_end = .
 *(.reset)
 .reset         0x00000000100001e8       0x9c CMakeFiles/picow_blink.dir/__/__/lib/pico-sdk/src/rp2_common/pico_crt0/crt0.S.o
                0x00000000100001e8                _entry_point
 *(.init)
 .init          0x0000000010000284        0x4 /usr/lib/gcc/arm-none-eabi/9.2.1/thumb/v6-m/nofp/crti.o
                0x0000000010000284                _init
 *(EXCLUDE_FILE(*libm.a: *libc.a:*lib_a-mem*.o *libgcc.a:) .text*)
 .text          0x0000000010000288       0x98 /usr/lib/gcc/arm-none-eabi/9.2.1/thumb/v6-m/nofp/crtbegin.o
 .text._Z8led_taskPv
                0x0000000010000320       0x24 CMakeFiles/picow_blink.dir/main.cpp.o
                0x0000000010000320                led_task(void*)
 .text.main     0x0000000010000344       0x44 CMakeFiles/picow_blink.dir/main.cpp.o
                0x0000000010000344                main
 .text.gpio_set_function
                0x0000000010000388       0x34 CMakeFiles/picow_blink.dir/__/__/lib/pico-sdk/src/rp2_common/hardware_gpio/gpio.c.o
                0x0000000010000388                gpio_set_function
 .text.gpio_set_pulls
                0x00000000100003bc       0x38 CMakeFiles/picow_blink.dir/__/__/lib/pico-sdk/src/rp2_common/hardware_gpio/gpio.c.o
                0x00000000100003bc                gpio_set_pulls
 .text.gpio_set_input_hysteresis_enabled
                0x00000000100003f4       0x28 CMakeFiles/picow_blink.dir/__/__/lib/pico-sdk/src/rp2_common/hardware_gpio/gpio.c.o
                0x00000000100003f4                gpio_set_input_hysteresis_enabled
 .text.gpio_add_raw_irq_handler_with_order_priority_masked
                0x000000001000041c       0x40 CMakeFiles/picow_blink.dir/__/__/lib/pico-sdk/src/rp2_common/hardware_gpio/gpio.c.o
                0x000000001000041c                gpio_add_raw_irq_handler_with_order_priority_masked
 .text.gpio_remove_raw_irq_handler_masked
                0x000000001000045c       0x48 CMakeFiles/picow_blink.dir/__/__/lib/pico-sdk/src/rp2_common/hardware_gpio/gpio.c.o
                0x000000001000045c                gpio_remove_raw_irq_handler_masked
 .text.gpio_acknowledge_irq
                0x00000000100004a4       0x18 CMakeFiles/picow_blink.dir/__/__/lib/pico-sdk/src/rp2_common/hardware_gpio/gpio.c.o
                0x00000000100004a4                gpio_acknowledge_irq
 .text._gpio_set_irq_enabled
                0x00000000100004bc       0x38 CMakeFiles/picow_blink.dir/__/__/lib/pico-sdk/src/rp2_common/hardware_gpio/gpio.c.o
 .text.gpio_set_irq_enabled
                0x00000000100004f4       0x50 CMakeFiles/picow_blink.dir/__/__/lib/pico-sdk/src/rp2_common/hardware_gpio/gpio.c.o
                0x00000000100004f4                gpio_set_irq_enabled
 .text.gpio_init
                0x0000000010000544       0x16 CMakeFiles/picow_blink.dir/__/__/lib/pico-sdk/src/rp2_common/hardware_gpio/gpio.c.o
                0x0000000010000544                gpio_init
 *fill*         0x000000001000055a        0x2 
 .text.panic    0x000000001000055c       0x30 CMakeFiles/picow_blink.dir/__/__/lib/pico-sdk/src/rp2_common/pico_platform_panic/panic.c.o
                0x000000001000055c                panic
 .text.panic_unsupported
                0x000000001000058c        0xc CMakeFiles/picow_blink.dir/__/__/lib/pico-sdk/src/rp2_common/pico_platform_panic/panic.c.o
                0x000000001000058c                panic_unsupported
 .text.hw_claim_lock
                0x0000000010000598       0x18 CMakeFiles/picow_blink.dir/__/__/lib/pico-sdk/src/common/hardware_claim/claim.c.o
                0x0000000010000598                hw_claim_lock
 .text.hw_claim_unlock
                0x00000000100005b0       0x14 CMakeFiles/picow_blink.dir/__/__/lib/pico-sdk/src/common/hardware_claim/claim.c.o
                0x00000000100005b0                hw_claim_unlock
 .text.hw_claim_or_assert
                0x00000000100005c4       0x32 CMakeFiles/picow_blink.dir/__/__/lib/pico-sdk/src/common/hardware_claim/claim.c.o
                0x00000000100005c4                hw_claim_or_assert
 .text.hw_claim_unused_from_range
                0x00000000100005f6       0x50 CMakeFiles/picow_blink.dir/__/__/lib/pico-sdk/src/common/hardware_claim/claim.c.o
                0x00000000100005f6                hw_claim_unused_from_range
 *fill*         0x0000000010000646        0x2 
 .text.hw_claim_clear
                0x0000000010000648       0x40 CMakeFiles/picow_blink.dir/__/__/lib/pico-sdk/src/common/hardware_claim/claim.c.o
                0x0000000010000648                hw_claim_clear
 .text.next_striped_spin_lock_num
                0x0000000010000688       0x1c CMakeFiles/picow_blink.dir/__/__/lib/pico-sdk/src/rp2_common/hardware_sync/sync.c.o
                0x0000000010000688                next_striped_spin_lock_num
 .text.spin_lock_claim
                0x00000000100006a4       0x18 CMakeFiles/picow_blink.dir/__/__/lib/pico-sdk/src/rp2_common/hardware_sync/sync.c.o
                0x00000000100006a4                spin_lock_claim
 .text.spin_locks_reset
                0x00000000100006bc       0x20 CMakeFiles/picow_blink.dir/__/__/lib/pico-sdk/src/rp2_common/hardware_sync_spin_lock/sync_spin_lock.c.o
                0x00000000100006bc                spin_locks_reset
 .text.set_raw_irq_handler_and_unlock
                0x00000000100006dc       0x28 CMakeFiles/picow_blink.dir/__/__/lib/pico-sdk/src/rp2_common/hardware_irq/irq.c.o
 .text.nvic_ipr0
                0x0000000010000704        0x8 CMakeFiles/picow_blink.dir/__/__/lib/pico-sdk/src/rp2_common/hardware_irq/irq.c.o
 .text.runtime_init_per_core_irq_priorities
                0x000000001000070c       0x1c CMakeFiles/picow_blink.dir/__/__/lib/pico-sdk/src/rp2_common/hardware_irq/irq.c.o
                0x000000001000070c                runtime_init_per_core_irq_priorities
 .text.get_user_irq_claim_index
                0x0000000010000728        0x6 CMakeFiles/picow_blink.dir/__/__/lib/pico-sdk/src/rp2_common/hardware_irq/irq.c.o
 *fill*         0x000000001000072e        0x2 
 .text.make_j_16
                0x0000000010000730       0x4c CMakeFiles/picow_blink.dir/__/__/lib/pico-sdk/src/rp2_common/hardware_irq/irq.c.o
 .text.insert_bl_32
                0x000000001000077c       0x40 CMakeFiles/picow_blink.dir/__/__/lib/pico-sdk/src/rp2_common/hardware_irq/irq.c.o
 .text.irq_is_enabled
                0x00000000100007bc       0x18 CMakeFiles/picow_blink.dir/__/__/lib/pico-sdk/src/rp2_common/hardware_irq/irq.c.o
                0x00000000100007bc                irq_is_enabled
 .text.irq_set_mask_n_enabled
                0x00000000100007d4       0x1c CMakeFiles/picow_blink.dir/__/__/lib/pico-sdk/src/rp2_common/hardware_irq/irq.c.o
                0x00000000100007d4                irq_set_mask_n_enabled
 .text.irq_set_enabled
                0x00000000100007f0       0x14 CMakeFiles/picow_blink.dir/__/__/lib/pico-sdk/src/rp2_common/hardware_irq/irq.c.o
                0x00000000100007f0                irq_set_enabled
 .text.irq_set_pending
                0x0000000010000804       0x10 CMakeFiles/picow_blink.dir/__/__/lib/pico-sdk/src/rp2_common/hardware_irq/irq.c.o
                0x0000000010000804                irq_set_pending
 .text.irq_get_vtable_handler
                0x0000000010000814       0x10 CMakeFiles/picow_blink.dir/__/__/lib/pico-sdk/src/rp2_common/hardware_irq/irq.c.o
                0x0000000010000814                irq_get_vtable_handler
 .text.irq_has_handler
                0x0000000010000824       0x20 CMakeFiles/picow_blink.dir/__/__/lib/pico-sdk/src/rp2_common/hardware_irq/irq.c.o
                0x0000000010000824                irq_has_handler
 .text.irq_set_exclusive_handler
                0x0000000010000844       0x54 CMakeFiles/picow_blink.dir/__/__/lib/pico-sdk/src/rp2_common/hardware_irq/irq.c.o
                0x0000000010000844                irq_set_exclusive_handler
 .text.irq_add_shared_handler
                0x0000000010000898      0x238 CMakeFiles/picow_blink.dir/__/__/lib/pico-sdk/src/rp2_common/hardware_irq/irq.c.o
                0x0000000010000898                irq_add_shared_handler
 .text.irq_remove_handler
                0x0000000010000ad0      0x1b0 CMakeFiles/picow_blink.dir/__/__/lib/pico-sdk/src/rp2_common/hardware_irq/irq.c.o
                0x0000000010000ad0                irq_remove_handler
 .text.irq_set_priority
                0x0000000010000c80       0x26 CMakeFiles/picow_blink.dir/__/__/lib/pico-sdk/src/rp2_common/hardware_irq/irq.c.o
                0x0000000010000c80                irq_set_priority
 *fill*         0x0000000010000ca6        0x2 
 .text.irq_add_tail_to_free_list
                0x0000000010000ca8       0xf0 CMakeFiles/picow_blink.dir/__/__/lib/pico-sdk/src/rp2_common/hardware_irq/irq.c.o
                0x0000000010000ca8                irq_add_tail_to_free_list
 .text.user_irq_unclaim
                0x0000000010000d98       0x14 CMakeFiles/picow_blink.dir/__/__/lib/pico-sdk/src/rp2_common/hardware_irq/irq.c.o
                0x0000000010000d98                user_irq_unclaim
 .text.user_irq_claim_unused
                0x0000000010000dac       0x28 CMakeFiles/picow_blink.dir/__/__/lib/pico-sdk/src/rp2_common/hardware_irq/irq.c.o
                0x0000000010000dac                user_irq_claim_unused
 .text.sem_init
                0x0000000010000dd4       0x1e CMakeFiles/picow_blink.dir/__/__/lib/pico-sdk/src/common/pico_sync/sem.c.o
                0x0000000010000dd4                sem_init
 *fill*         0x0000000010000df2        0x2 
 .text.lock_init
                0x0000000010000df4       0x10 CMakeFiles/picow_blink.dir/__/__/lib/pico-sdk/src/common/pico_sync/lock_core.c.o
                0x0000000010000df4                lock_init
 .text.mutex_init
                0x0000000010000e04       0x1c CMakeFiles/picow_blink.dir/__/__/lib/pico-sdk/src/common/pico_sync/mutex.c.o
                0x0000000010000e04                mutex_init
 .text.recursive_mutex_init
                0x0000000010000e20       0x20 CMakeFiles/picow_blink.dir/__/__/lib/pico-sdk/src/common/pico_sync/mutex.c.o
                0x0000000010000e20                recursive_mutex_init
 .text.runtime_init_mutex
                0x0000000010000e40       0x4c CMakeFiles/picow_blink.dir/__/__/lib/pico-sdk/src/common/pico_sync/mutex.c.o
                0x0000000010000e40                runtime_init_mutex
 .text.make_alarm_id
                0x0000000010000e8c        0x6 CMakeFiles/picow_blink.dir/__/__/lib/pico-sdk/src/common/pico_time/time.c.o
 *fill*         0x0000000010000e92        0x2 
 .text.alarm_pool_irq_handler
                0x0000000010000e94      0x300 CMakeFiles/picow_blink.dir/__/__/lib/pico-sdk/src/common/pico_time/time.c.o
 .text.alarm_pool_post_alloc_init
                0x0000000010001194       0x94 CMakeFiles/picow_blink.dir/__/__/lib/pico-sdk/src/common/pico_time/time.c.o
 .text.sleep_until_callback
                0x0000000010001228       0x28 CMakeFiles/picow_blink.dir/__/__/lib/pico-sdk/src/common/pico_time/time.c.o
 .text.alarm_pool_get_default
                0x0000000010001250       0x2c CMakeFiles/picow_blink.dir/__/__/lib/pico-sdk/src/common/pico_time/time.c.o
                0x0000000010001250                alarm_pool_get_default
 .text.alarm_pool_create_on_timer_with_unused_hardware_alarm
                0x000000001000127c       0x32 CMakeFiles/picow_blink.dir/__/__/lib/pico-sdk/src/common/pico_time/time.c.o
                0x000000001000127c                alarm_pool_create_on_timer_with_unused_hardware_alarm
 *fill*         0x00000000100012ae        0x2 
 .text.alarm_pool_destroy
                0x00000000100012b0       0x90 CMakeFiles/picow_blink.dir/__/__/lib/pico-sdk/src/common/pico_time/time.c.o
                0x00000000100012b0                alarm_pool_destroy
 .text.alarm_pool_add_alarm_at_force_in_context
                0x0000000010001340       0xa8 CMakeFiles/picow_blink.dir/__/__/lib/pico-sdk/src/common/pico_time/time.c.o
                0x0000000010001340                alarm_pool_add_alarm_at_force_in_context
 .text.alarm_pool_add_alarm_at
                0x00000000100013e8       0x3c CMakeFiles/picow_blink.dir/__/__/lib/pico-sdk/src/common/pico_time/time.c.o
                0x00000000100013e8                alarm_pool_add_alarm_at
 .text.alarm_pool_cancel_alarm
                0x0000000010001424       0x78 CMakeFiles/picow_blink.dir/__/__/lib/pico-sdk/src/common/pico_time/time.c.o
                0x0000000010001424                alarm_pool_cancel_alarm
 .text.alarm_pool_core_num
                0x000000001000149c        0x4 CMakeFiles/picow_blink.dir/__/__/lib/pico-sdk/src/common/pico_time/time.c.o
                0x000000001000149c                alarm_pool_core_num
 .text.sleep_until
                0x00000000100014a0       0xbc CMakeFiles/picow_blink.dir/__/__/lib/pico-sdk/src/common/pico_time/time.c.o
                0x00000000100014a0                sleep_until
 .text.sleep_us
                0x000000001000155c       0x24 CMakeFiles/picow_blink.dir/__/__/lib/pico-sdk/src/common/pico_time/time.c.o
                0x000000001000155c                sleep_us
 .text.sleep_ms
                0x0000000010001580       0x14 CMakeFiles/picow_blink.dir/__/__/lib/pico-sdk/src/common/pico_time/time.c.o
                0x0000000010001580                sleep_ms
 .text.best_effort_wfe_or_timeout
                0x0000000010001594      0x13c CMakeFiles/picow_blink.dir/__/__/lib/pico-sdk/src/common/pico_time/time.c.o
                0x0000000010001594                best_effort_wfe_or_timeout
 .text.alarm_pool_get_default_timer
                0x00000000100016d0        0x8 CMakeFiles/picow_blink.dir/__/__/lib/pico-sdk/src/common/pico_time/time.c.o
                0x00000000100016d0                alarm_pool_get_default_timer
 .text.runtime_init_default_alarm_pool
                0x00000000100016d8       0x38 CMakeFiles/picow_blink.dir/__/__/lib/pico-sdk/src/common/pico_time/time.c.o
                0x00000000100016d8                runtime_init_default_alarm_pool
 .text.timer_hardware_alarm_claim
                0x0000000010001710       0x14 CMakeFiles/picow_blink.dir/__/__/lib/pico-sdk/src/rp2_common/hardware_timer/timer.c.o
                0x0000000010001710                timer_hardware_alarm_claim
 .text.timer_hardware_alarm_unclaim
                0x0000000010001724       0x10 CMakeFiles/picow_blink.dir/__/__/lib/pico-sdk/src/rp2_common/hardware_timer/timer.c.o
                0x0000000010001724                timer_hardware_alarm_unclaim
 .text.hardware_alarm_unclaim
                0x0000000010001734       0x10 CMakeFiles/picow_blink.dir/__/__/lib/pico-sdk/src/rp2_common/hardware_timer/timer.c.o
                0x0000000010001734                hardware_alarm_unclaim
 .text.timer_hardware_alarm_claim_unused
                0x0000000010001744       0x20 CMakeFiles/picow_blink.dir/__/__/lib/pico-sdk/src/rp2_common/hardware_timer/timer.c.o
                0x0000000010001744                timer_hardware_alarm_claim_unused
 .text.timer_time_us_64
                0x0000000010001764       0x10 CMakeFiles/picow_blink.dir/__/__/lib/pico-sdk/src/rp2_common/hardware_timer/timer.c.o
                0x0000000010001764                timer_time_us_64
 .text.timer_busy_wait_until
                0x0000000010001774       0x18 CMakeFiles/picow_blink.dir/__/__/lib/pico-sdk/src/rp2_common/hardware_timer/timer.c.o
                0x0000000010001774                timer_busy_wait_until
 .text.timer_busy_wait_us
                0x000000001000178c       0x38 CMakeFiles/picow_blink.dir/__/__/lib/pico-sdk/src/rp2_common/hardware_timer/timer.c.o
                0x000000001000178c                timer_busy_wait_us
 .text.time_us_64
                0x00000000100017c4       0x10 CMakeFiles/picow_blink.dir/__/__/lib/pico-sdk/src/rp2_common/hardware_timer/timer.c.o
                0x00000000100017c4                time_us_64
 .text.busy_wait_us
                0x00000000100017d4       0x14 CMakeFiles/picow_blink.dir/__/__/lib/pico-sdk/src/rp2_common/hardware_timer/timer.c.o
                0x00000000100017d4                busy_wait_us
 .text.busy_wait_until
                0x00000000100017e8       0x14 CMakeFiles/picow_blink.dir/__/__/lib/pico-sdk/src/rp2_common/hardware_timer/timer.c.o
                0x00000000100017e8                busy_wait_until
 .text.uart_disable_before_lcr_write
                0x00000000100017fc       0x48 CMakeFiles/picow_blink.dir/__/__/lib/pico-sdk/src/rp2_common/hardware_uart/uart.c.o
 .text.uart_write_lcr_bits_masked
                0x0000000010001844       0x20 CMakeFiles/picow_blink.dir/__/__/lib/pico-sdk/src/rp2_common/hardware_uart/uart.c.o
 .text.uart_set_baudrate
                0x0000000010001864       0x5c CMakeFiles/picow_blink.dir/__/__/lib/pico-sdk/src/rp2_common/hardware_uart/uart.c.o
                0x0000000010001864                uart_set_baudrate
 .text.uart_set_translate_crlf
                0x00000000100018c0       0x28 CMakeFiles/picow_blink.dir/__/__/lib/pico-sdk/src/rp2_common/hardware_uart/uart.c.o
                0x00000000100018c0                uart_set_translate_crlf
 .text.uart_init
                0x00000000100018e8       0x74 CMakeFiles/picow_blink.dir/__/__/lib/pico-sdk/src/rp2_common/hardware_uart/uart.c.o
                0x00000000100018e8                uart_init
 .text.clock_configure_internal
                0x000000001000195c       0xc4 CMakeFiles/picow_blink.dir/__/__/lib/pico-sdk/src/rp2_common/hardware_clocks/clocks.c.o
 .text.clock_configure_int_divider
                0x0000000010001a20       0x28 CMakeFiles/picow_blink.dir/__/__/lib/pico-sdk/src/rp2_common/hardware_clocks/clocks.c.o
                0x0000000010001a20                clock_configure_int_divider
 .text.clock_configure_undivided
                0x0000000010001a48       0x12 CMakeFiles/picow_blink.dir/__/__/lib/pico-sdk/src/rp2_common/hardware_clocks/clocks.c.o
                0x0000000010001a48                clock_configure_undivided
 *fill*         0x0000000010001a5a        0x2 
 .text.clock_get_hz
                0x0000000010001a5c        0xc CMakeFiles/picow_blink.dir/__/__/lib/pico-sdk/src/rp2_common/hardware_clocks/clocks.c.o
                0x0000000010001a5c                clock_get_hz
 .text.pll_init
                0x0000000010001a68      0x124 CMakeFiles/picow_blink.dir/__/__/lib/pico-sdk/src/rp2_common/hardware_pll/pll.c.o
                0x0000000010001a68                pll_init
 .text.tick_start
                0x0000000010001b8c       0x10 CMakeFiles/picow_blink.dir/__/__/lib/pico-sdk/src/rp2_common/hardware_ticks/ticks.c.o
                0x0000000010001b8c                tick_start
 .text.rom_func_lookup
                0x0000000010001b9c       0x10 CMakeFiles/picow_blink.dir/__/__/lib/pico-sdk/src/rp2_common/pico_bootrom/bootrom.c.o
                0x0000000010001b9c                rom_func_lookup
 .text.rom_data_lookup
                0x0000000010001bac       0x10 CMakeFiles/picow_blink.dir/__/__/lib/pico-sdk/src/rp2_common/pico_bootrom/bootrom.c.o
                0x0000000010001bac                rom_data_lookup
 .text.rom_funcs_lookup
                0x0000000010001bbc       0x36 CMakeFiles/picow_blink.dir/__/__/lib/pico-sdk/src/rp2_common/pico_bootrom/bootrom.c.o
                0x0000000010001bbc                rom_funcs_lookup
 *fill*         0x0000000010001bf2        0x2 
 .text.xosc_init
                0x0000000010001bf4       0x2c CMakeFiles/picow_blink.dir/__/__/lib/pico-sdk/src/rp2_common/hardware_xosc/xosc.c.o
                0x0000000010001bf4                xosc_init
 .text.runtime_run_initializers_from
                0x0000000010001c20       0x18 CMakeFiles/picow_blink.dir/__/__/lib/pico-sdk/src/rp2_common/pico_runtime/runtime.c.o
 .text.first_per_core_initializer
                0x0000000010001c38        0x2 CMakeFiles/picow_blink.dir/__/__/lib/pico-sdk/src/rp2_common/pico_runtime/runtime.c.o
 *fill*         0x0000000010001c3a        0x2 
 .text.runtime_run_initializers
                0x0000000010001c3c       0x10 CMakeFiles/picow_blink.dir/__/__/lib/pico-sdk/src/rp2_common/pico_runtime/runtime.c.o
                0x0000000010001c3c                runtime_run_initializers
 .text.runtime_run_per_core_initializers
                0x0000000010001c4c       0x10 CMakeFiles/picow_blink.dir/__/__/lib/pico-sdk/src/rp2_common/pico_runtime/runtime.c.o
                0x0000000010001c4c                runtime_run_per_core_initializers
 .text.runtime_init_early_resets
                0x0000000010001c5c       0x2c CMakeFiles/picow_blink.dir/__/__/lib/pico-sdk/src/rp2_common/pico_runtime_init/runtime_init.c.o
                0x0000000010001c5c                runtime_init_early_resets
 .text.runtime_init_usb_power_down
                0x0000000010001c88       0x1c CMakeFiles/picow_blink.dir/__/__/lib/pico-sdk/src/rp2_common/pico_runtime_init/runtime_init.c.o
                0x0000000010001c88                runtime_init_usb_power_down
 .text.runtime_init_post_clock_resets
                0x0000000010001ca4       0x20 CMakeFiles/picow_blink.dir/__/__/lib/pico-sdk/src/rp2_common/pico_runtime_init/runtime_init.c.o
                0x0000000010001ca4                runtime_init_post_clock_resets
 .text.runtime_init_rp2040_gpio_ie_disable
                0x0000000010001cc4       0x14 CMakeFiles/picow_blink.dir/__/__/lib/pico-sdk/src/rp2_common/pico_runtime_init/runtime_init.c.o
                0x0000000010001cc4                runtime_init_rp2040_gpio_ie_disable
 .text.runtime_init_spin_locks_reset
                0x0000000010001cd8        0x8 CMakeFiles/picow_blink.dir/__/__/lib/pico-sdk/src/rp2_common/pico_runtime_init/runtime_init.c.o
                0x0000000010001cd8                runtime_init_spin_locks_reset
 .text.runtime_init_install_ram_vector_table
                0x0000000010001ce0       0x1c CMakeFiles/picow_blink.dir/__/__/lib/pico-sdk/src/rp2_common/pico_runtime_init/runtime_init.c.o
                0x0000000010001ce0                runtime_init_install_ram_vector_table
 .text.start_all_ticks
                0x0000000010001cfc       0x28 CMakeFiles/picow_blink.dir/__/__/lib/pico-sdk/src/rp2_common/pico_runtime_init/runtime_init_clocks.c.o
 .text.runtime_init_clocks
                0x0000000010001d24       0xcc CMakeFiles/picow_blink.dir/__/__/lib/pico-sdk/src/rp2_common/pico_runtime_init/runtime_init_clocks.c.o
                0x0000000010001d24                runtime_init_clocks
 .text          0x0000000010001df0       0x10 CMakeFiles/picow_blink.dir/__/__/lib/pico-sdk/src/rp2_common/pico_bit_ops/bit_ops_aeabi.S.o
 .text.ctzsi    0x0000000010001e00        0xc CMakeFiles/picow_blink.dir/__/__/lib/pico-sdk/src/rp2_common/pico_bit_ops/bit_ops_aeabi.S.o
                0x0000000010001e00                __wrap___ctzsi2
 .text.__wrap___aeabi_idiv
                0x0000000010001e0c       0x50 CMakeFiles/picow_blink.dir/__/__/lib/pico-sdk/src/rp2_common/pico_divider/divider_hardware.S.o
                0x0000000010001e0c                __wrap___aeabi_idivmod
                0x0000000010001e0c                divmod_s32s32
                0x0000000010001e0c                div_s32s32
                0x0000000010001e0c                __wrap___aeabi_idiv
                0x0000000010001e14                divmod_s32s32_unsafe
                0x0000000010001e40                divmod_s32s32_savestate
 .text.__wrap___aeabi_uidiv
                0x0000000010001e5c       0x4c CMakeFiles/picow_blink.dir/__/__/lib/pico-sdk/src/rp2_common/pico_divider/divider_hardware.S.o
                0x0000000010001e5c                __wrap___aeabi_uidiv
                0x0000000010001e5c                __wrap___aeabi_uidivmod
                0x0000000010001e5c                div_u32u32
                0x0000000010001e5c                divmod_u32u32
                0x0000000010001e64                divmod_u32u32_unsafe
                0x0000000010001e8c                divmod_u32u32_savestate
 .text.__wrap___aeabi_ldiv
                0x0000000010001ea8      0x424 CMakeFiles/picow_blink.dir/__/__/lib/pico-sdk/src/rp2_common/pico_divider/divider_hardware.S.o
                0x0000000010001ea8                div_s64s64
                0x0000000010001ea8                divmod_s64s64
                0x0000000010001ea8                __wrap___aeabi_ldivmod
                0x0000000010001ed8                div_u64u64
                0x0000000010001ed8                divmod_u64u64
                0x0000000010001ed8                __wrap___aeabi_uldivmod
                0x0000000010001ee8                divmod_u64u64_savestate
                0x0000000010001f08                divmod_s64s64_unsafe
                0x0000000010001f90                divmod_u64u64_unsafe
 .text.__wrap___aeabi_darithmetic
                0x00000000100022cc       0x60 CMakeFiles/picow_blink.dir/__/__/lib/pico-sdk/src/rp2_common/pico_double/double_aeabi_rp2040.S.o
                0x00000000100022cc                __wrap___aeabi_drsub
                0x00000000100022d2                __wrap___aeabi_dsub
                0x00000000100022dc                __wrap___aeabi_dadd
                0x00000000100022e6                __wrap___aeabi_ddiv
                0x000000001000231a                __wrap___aeabi_dmul
 .text.__wrap___aeabi_cdcmple
                0x000000001000232c       0x6c CMakeFiles/picow_blink.dir/__/__/lib/pico-sdk/src/rp2_common/pico_double/double_aeabi_rp2040.S.o
                0x000000001000232c                __wrap___aeabi_cdrcmple
                0x000000001000233c                __wrap___aeabi_cdcmple
                0x000000001000233c                __wrap___aeabi_cdcmpeq
 .text.__wrap___aeabi_dcmplt
                0x0000000010002398        0xc CMakeFiles/picow_blink.dir/__/__/lib/pico-sdk/src/rp2_common/pico_double/double_aeabi_rp2040.S.o
                0x0000000010002398                __wrap___aeabi_dcmplt
 .text.__wrap___aeabi_dcmple
                0x00000000100023a4       0x10 CMakeFiles/picow_blink.dir/__/__/lib/pico-sdk/src/rp2_common/pico_double/double_aeabi_rp2040.S.o
                0x00000000100023a4                __wrap___aeabi_dcmple
 .text.__wrap___aeabi_dcmpge
                0x00000000100023b4       0x10 CMakeFiles/picow_blink.dir/__/__/lib/pico-sdk/src/rp2_common/pico_double/double_aeabi_rp2040.S.o
                0x00000000100023b4                __wrap___aeabi_dcmpge
 .text.__wrap___aeabi_dcmpgt
                0x00000000100023c4        0xa CMakeFiles/picow_blink.dir/__/__/lib/pico-sdk/src/rp2_common/pico_double/double_aeabi_rp2040.S.o
                0x00000000100023c4                __wrap___aeabi_dcmpgt
 .text.__wrap___aeabi_dcmpun
                0x00000000100023ce       0x18 CMakeFiles/picow_blink.dir/__/__/lib/pico-sdk/src/rp2_common/pico_double/double_aeabi_rp2040.S.o
                0x00000000100023ce                __wrap___aeabi_dcmpun
 *fill*         0x00000000100023e6        0x2 
 .text.__wrap___aeabi_i2d
                0x00000000100023e8       0x38 CMakeFiles/picow_blink.dir/__/__/lib/pico-sdk/src/rp2_common/pico_double/double_aeabi_rp2040.S.o
                0x00000000100023e8                __wrap___aeabi_ui2d
                0x00000000100023e8                uint2double
                0x00000000100023f0                __wrap___aeabi_i2d
                0x00000000100023f0                int2double
 .text.__wrap___aeabi_d2iz
                0x0000000010002420       0x48 CMakeFiles/picow_blink.dir/__/__/lib/pico-sdk/src/rp2_common/pico_double/double_aeabi_rp2040.S.o
                0x0000000010002420                __wrap___aeabi_d2iz
                0x0000000010002420                double2int_z
 .text.__wrap___aeabi_d2uiz
                0x0000000010002468       0x10 CMakeFiles/picow_blink.dir/__/__/lib/pico-sdk/src/rp2_common/pico_double/double_aeabi_rp2040.S.o
                0x0000000010002468                double2uint_z
                0x0000000010002468                double2uint
                0x0000000010002468                __wrap___aeabi_d2uiz
 .text.missing_double_func_shim
                0x0000000010002478        0xc CMakeFiles/picow_blink.dir/__/__/lib/pico-sdk/src/rp2_common/pico_double/double_init_rom_rp2040.c.o
 .text.__aeabi_double_init
                0x0000000010002484       0xcc CMakeFiles/picow_blink.dir/__/__/lib/pico-sdk/src/rp2_common/pico_double/double_init_rom_rp2040.c.o
                0x0000000010002484                __aeabi_double_init
 .text.double_table_shim_on_use_helper
                0x0000000010002550       0x34 CMakeFiles/picow_blink.dir/__/__/lib/pico-sdk/src/rp2_common/pico_double/double_v1_rom_shim_rp2040.S.o
                0x0000000010002550                double_table_shim_on_use_helper
 .text.__aeabi_lmul
                0x0000000010002584       0x32 CMakeFiles/picow_blink.dir/__/__/lib/pico-sdk/src/rp2_common/pico_int64_ops/pico_int64_ops_aeabi.S.o
                0x0000000010002584                __wrap___aeabi_lmul
 *fill*         0x00000000100025b6        0x2 
 .text.missing_float_func_shim
                0x00000000100025b8        0xc CMakeFiles/picow_blink.dir/__/__/lib/pico-sdk/src/rp2_common/pico_float/float_init_rom_rp2040.c.o
 .text.__aeabi_float_init
                0x00000000100025c4       0x88 CMakeFiles/picow_blink.dir/__/__/lib/pico-sdk/src/rp2_common/pico_float/float_init_rom_rp2040.c.o
                0x00000000100025c4                __aeabi_float_init
 .text.__wrap_malloc
                0x000000001000264c       0x3c CMakeFiles/picow_blink.dir/__/__/lib/pico-sdk/src/rp2_common/pico_malloc/malloc.c.o
                0x000000001000264c                __wrap_malloc
 .text.__wrap_calloc
                0x0000000010002688       0x44 CMakeFiles/picow_blink.dir/__/__/lib/pico-sdk/src/rp2_common/pico_malloc/malloc.c.o
                0x0000000010002688                __wrap_calloc
 .text.__wrap_free
                0x00000000100026cc       0x20 CMakeFiles/picow_blink.dir/__/__/lib/pico-sdk/src/rp2_common/pico_malloc/malloc.c.o
                0x00000000100026cc                __wrap_free
 .text          0x00000000100026ec       0x10 CMakeFiles/picow_blink.dir/__/__/lib/pico-sdk/src/rp2_common/pico_mem_ops/mem_ops_aeabi.S.o
                0x00000000100026ec                __aeabi_mem_init
 .text.memset   0x00000000100026fc        0xc CMakeFiles/picow_blink.dir/__/__/lib/pico-sdk/src/rp2_common/pico_mem_ops/mem_ops_aeabi.S.o
                0x00000000100026fc                __wrap_memset
 .text.memcpy   0x0000000010002708        0xc CMakeFiles/picow_blink.dir/__/__/lib/pico-sdk/src/rp2_common/pico_mem_ops/mem_ops_aeabi.S.o
                0x0000000010002708                __wrap___aeabi_memcpy
                0x0000000010002708                __wrap_memcpy
 .text._out_null
                0x0000000010002714        0x2 CMakeFiles/picow_blink.dir/__/__/lib/pico-sdk/src/rp2_common/pico_printf/printf.c.o
 .text._out_fct
                0x0000000010002716        0xe CMakeFiles/picow_blink.dir/__/__/lib/pico-sdk/src/rp2_common/pico_printf/printf.c.o
 .text._atoi    0x0000000010002724       0x24 CMakeFiles/picow_blink.dir/__/__/lib/pico-sdk/src/rp2_common/pico_printf/printf.c.o
 .text._out_rev
                0x0000000010002748       0xae CMakeFiles/picow_blink.dir/__/__/lib/pico-sdk/src/rp2_common/pico_printf/printf.c.o
 .text._ntoa_format
                0x00000000100027f6      0x110 CMakeFiles/picow_blink.dir/__/__/lib/pico-sdk/src/rp2_common/pico_printf/printf.c.o
 .text._ntoa_long
                0x0000000010002906       0xbc CMakeFiles/picow_blink.dir/__/__/lib/pico-sdk/src/rp2_common/pico_printf/printf.c.o
 .text._ntoa_long_long
                0x00000000100029c2       0xe2 CMakeFiles/picow_blink.dir/__/__/lib/pico-sdk/src/rp2_common/pico_printf/printf.c.o
 .text._etoa    0x0000000010002aa4      0x40c CMakeFiles/picow_blink.dir/__/__/lib/pico-sdk/src/rp2_common/pico_printf/printf.c.o
 .text._ftoa    0x0000000010002eb0      0x354 CMakeFiles/picow_blink.dir/__/__/lib/pico-sdk/src/rp2_common/pico_printf/printf.c.o
 .text._vsnprintf
                0x0000000010003204      0x628 CMakeFiles/picow_blink.dir/__/__/lib/pico-sdk/src/rp2_common/pico_printf/printf.c.o
 .text.vfctprintf
                0x000000001000382c       0x20 CMakeFiles/picow_blink.dir/__/__/lib/pico-sdk/src/rp2_common/pico_printf/printf.c.o
                0x000000001000382c                vfctprintf
 .text._exit    0x000000001000384c        0x4 CMakeFiles/picow_blink.dir/__/__/lib/pico-sdk/src/rp2_common/pico_clib_interface/newlib_interface.c.o
                0x000000001000384c                _exit
 .text._sbrk    0x0000000010003850       0x38 CMakeFiles/picow_blink.dir/__/__/lib/pico-sdk/src/rp2_common/pico_clib_interface/newlib_interface.c.o
                0x0000000010003850                _sbrk
 .text.exit     0x0000000010003888        0x6 CMakeFiles/picow_blink.dir/__/__/lib/pico-sdk/src/rp2_common/pico_clib_interface/newlib_interface.c.o
                0x0000000010003888                exit
 *fill*         0x000000001000388e        0x2 
 .text.__assert_func
                0x0000000010003890       0x3c CMakeFiles/picow_blink.dir/__/__/lib/pico-sdk/src/rp2_common/pico_clib_interface/newlib_interface.c.o
                0x0000000010003890                __assert_func
 .text.runtime_init
                0x00000000100038cc       0x28 CMakeFiles/picow_blink.dir/__/__/lib/pico-sdk/src/rp2_common/pico_clib_interface/newlib_interface.c.o
                0x00000000100038cc                runtime_init
 .text.stdio_out_chars_no_crlf
                0x00000000100038f4        0xe CMakeFiles/picow_blink.dir/__/__/lib/pico-sdk/src/rp2_common/pico_stdio/stdio.c.o
 *fill*         0x0000000010003902        0x2 
 .text.stdio_out_chars_crlf
                0x0000000010003904       0x80 CMakeFiles/picow_blink.dir/__/__/lib/pico-sdk/src/rp2_common/pico_stdio/stdio.c.o
 .text.stdio_stack_buffer_flush
                0x0000000010003984       0x44 CMakeFiles/picow_blink.dir/__/__/lib/pico-sdk/src/rp2_common/pico_stdio/stdio.c.o
 .text.stdio_buffered_printer
                0x00000000100039c8       0x20 CMakeFiles/picow_blink.dir/__/__/lib/pico-sdk/src/rp2_common/pico_stdio/stdio.c.o
 .text.stdout_serialize_begin
                0x00000000100039e8       0x30 CMakeFiles/picow_blink.dir/__/__/lib/pico-sdk/src/rp2_common/pico_stdio/stdio.c.o
                0x00000000100039e8                stdout_serialize_begin
 .text.stdout_serialize_end
                0x0000000010003a18       0x10 CMakeFiles/picow_blink.dir/__/__/lib/pico-sdk/src/rp2_common/pico_stdio/stdio.c.o
                0x0000000010003a18                stdout_serialize_end
 .text.stdio_put_string
                0x0000000010003a28       0x94 CMakeFiles/picow_blink.dir/__/__/lib/pico-sdk/src/rp2_common/pico_stdio/stdio.c.o
                0x0000000010003a28                stdio_put_string
 .text.stdio_set_driver_enabled
                0x0000000010003abc       0x2c CMakeFiles/picow_blink.dir/__/__/lib/pico-sdk/src/rp2_common/pico_stdio/stdio.c.o
                0x0000000010003abc                stdio_set_driver_enabled
 .text.stdio_flush
                0x0000000010003ae8       0x20 CMakeFiles/picow_blink.dir/__/__/lib/pico-sdk/src/rp2_common/pico_stdio/stdio.c.o
                0x0000000010003ae8                stdio_flush
 .text.stdio_init_all
                0x0000000010003b08        0xa CMakeFiles/picow_blink.dir/__/__/lib/pico-sdk/src/rp2_common/pico_stdio/stdio.c.o
                0x0000000010003b08                stdio_init_all
 .text.__wrap_puts
                0x0000000010003b12       0x1e CMakeFiles/picow_blink.dir/__/__/lib/pico-sdk/src/rp2_common/pico_stdio/stdio.c.o
                0x0000000010003b12                __wrap_puts
                0x0000000010003b12                stdio_puts
 .text.__wrap_vprintf
                0x0000000010003b30       0x40 CMakeFiles/picow_blink.dir/__/__/lib/pico-sdk/src/rp2_common/pico_stdio/stdio.c.o
                0x0000000010003b30                __wrap_vprintf
                0x0000000010003b30                stdio_vprintf
 .text.__wrap_printf
                0x0000000010003b70       0x18 CMakeFiles/picow_blink.dir/__/__/lib/pico-sdk/src/rp2_common/pico_stdio/stdio.c.o
                0x0000000010003b70                stdio_printf
                0x0000000010003b70                __wrap_printf
 .text.stdio_uart_out_chars
                0x0000000010003b88       0x74 CMakeFiles/picow_blink.dir/__/__/lib/pico-sdk/src/rp2_common/pico_stdio_uart/stdio_uart.c.o
 .text.stdio_uart_in_chars
                0x0000000010003bfc       0x7c CMakeFiles/picow_blink.dir/__/__/lib/pico-sdk/src/rp2_common/pico_stdio_uart/stdio_uart.c.o
                0x0000000010003bfc                stdio_uart_in_chars
 .text.on_uart_rx
                0x0000000010003c78       0x28 CMakeFiles/picow_blink.dir/__/__/lib/pico-sdk/src/rp2_common/pico_stdio_uart/stdio_uart.c.o
 .text.stdio_uart_out_flush
                0x0000000010003ca0       0x10 CMakeFiles/picow_blink.dir/__/__/lib/pico-sdk/src/rp2_common/pico_stdio_uart/stdio_uart.c.o
 .text.stdio_uart_set_chars_available_callback
                0x0000000010003cb0       0x94 CMakeFiles/picow_blink.dir/__/__/lib/pico-sdk/src/rp2_common/pico_stdio_uart/stdio_uart.c.o
 .text.stdio_uart_init_full
                0x0000000010003d44       0x44 CMakeFiles/picow_blink.dir/__/__/lib/pico-sdk/src/rp2_common/pico_stdio_uart/stdio_uart.c.o
                0x0000000010003d44                stdio_uart_init_full
 .text.stdio_uart_init
                0x0000000010003d88       0x30 CMakeFiles/picow_blink.dir/__/__/lib/pico-sdk/src/rp2_common/pico_stdio_uart/stdio_uart.c.o
                0x0000000010003d88                stdio_uart_init
 .text.cyw43_arch_set_async_context
                0x0000000010003db8        0xc CMakeFiles/picow_blink.dir/__/__/lib/pico-sdk/src/rp2_common/pico_cyw43_arch/cyw43_arch.c.o
                0x0000000010003db8                cyw43_arch_set_async_context
 .text.cyw43_arch_gpio_put
                0x0000000010003dc4       0x14 CMakeFiles/picow_blink.dir/__/__/lib/pico-sdk/src/rp2_common/pico_cyw43_arch/cyw43_arch.c.o
                0x0000000010003dc4                cyw43_arch_gpio_put
 .text.cyw43_arch_async_context
                0x0000000010003dd8        0xc CMakeFiles/picow_blink.dir/__/__/lib/pico-sdk/src/rp2_common/pico_cyw43_arch/cyw43_arch.c.o
                0x0000000010003dd8                cyw43_arch_async_context
 .text.cyw43_arch_init_default_async_context
                0x0000000010003de4       0x20 CMakeFiles/picow_blink.dir/__/__/lib/pico-sdk/src/rp2_common/pico_cyw43_arch/cyw43_arch_threadsafe_background.c.o
                0x0000000010003de4                cyw43_arch_init_default_async_context
 .text.cyw43_arch_deinit
                0x0000000010003e04       0x28 CMakeFiles/picow_blink.dir/__/__/lib/pico-sdk/src/rp2_common/pico_cyw43_arch/cyw43_arch_threadsafe_background.c.o
                0x0000000010003e04                cyw43_arch_deinit
 .text.cyw43_arch_init
                0x0000000010003e2c       0x36 CMakeFiles/picow_blink.dir/__/__/lib/pico-sdk/src/rp2_common/pico_cyw43_arch/cyw43_arch_threadsafe_background.c.o
                0x0000000010003e2c                cyw43_arch_init
 *fill*         0x0000000010003e62        0x2 
 .text._retrieve_unique_id_on_boot
                0x0000000010003e64       0x10 CMakeFiles/picow_blink.dir/__/__/lib/pico-sdk/src/rp2_common/pico_unique_id/unique_id.c.o
 .text.pico_get_unique_board_id
                0x0000000010003e74       0x10 CMakeFiles/picow_blink.dir/__/__/lib/pico-sdk/src/rp2_common/pico_unique_id/unique_id.c.o
                0x0000000010003e74                pico_get_unique_board_id
 .text.flash_get_unique_id
                0x0000000010003e84       0x46 CMakeFiles/picow_blink.dir/__/__/lib/pico-sdk/src/rp2_common/hardware_flash/flash.c.o
                0x0000000010003e84                flash_get_unique_id
 .text.cs_set   0x0000000010003eca       0x1c CMakeFiles/picow_blink.dir/__/__/lib/pico-sdk/src/rp2_common/pico_cyw43_driver/cyw43_bus_pio_spi.c.o
 *fill*         0x0000000010003ee6        0x2 
 .text.start_spi_comms
                0x0000000010003ee8       0x48 CMakeFiles/picow_blink.dir/__/__/lib/pico-sdk/src/rp2_common/pico_cyw43_driver/cyw43_bus_pio_spi.c.o
 .text.ns_delay
                0x0000000010003f30       0x20 CMakeFiles/picow_blink.dir/__/__/lib/pico-sdk/src/rp2_common/pico_cyw43_driver/cyw43_bus_pio_spi.c.o
 .text.stop_spi_comms
                0x0000000010003f50       0x10 CMakeFiles/picow_blink.dir/__/__/lib/pico-sdk/src/rp2_common/pico_cyw43_driver/cyw43_bus_pio_spi.c.o
 .text.cyw43_spi_deinit
                0x0000000010003f60       0x64 CMakeFiles/picow_blink.dir/__/__/lib/pico-sdk/src/rp2_common/pico_cyw43_driver/cyw43_bus_pio_spi.c.o
                0x0000000010003f60                cyw43_spi_deinit
 .text.cyw43_spi_init
                0x0000000010003fc4      0x1cc CMakeFiles/picow_blink.dir/__/__/lib/pico-sdk/src/rp2_common/pico_cyw43_driver/cyw43_bus_pio_spi.c.o
                0x0000000010003fc4                cyw43_spi_init
 .text.cyw43_spi_transfer
                0x0000000010004190      0x660 CMakeFiles/picow_blink.dir/__/__/lib/pico-sdk/src/rp2_common/pico_cyw43_driver/cyw43_bus_pio_spi.c.o
                0x0000000010004190                cyw43_spi_transfer
 .text.cyw43_spi_gpio_setup
                0x00000000100047f0       0x3a CMakeFiles/picow_blink.dir/__/__/lib/pico-sdk/src/rp2_common/pico_cyw43_driver/cyw43_bus_pio_spi.c.o
                0x00000000100047f0                cyw43_spi_gpio_setup
 .text.cyw43_spi_reset
                0x000000001000482a       0x28 CMakeFiles/picow_blink.dir/__/__/lib/pico-sdk/src/rp2_common/pico_cyw43_driver/cyw43_bus_pio_spi.c.o
                0x000000001000482a                cyw43_spi_reset
 *fill*         0x0000000010004852        0x2 
 .text.read_reg_u32_swap
                0x0000000010004854       0x68 CMakeFiles/picow_blink.dir/__/__/lib/pico-sdk/src/rp2_common/pico_cyw43_driver/cyw43_bus_pio_spi.c.o
                0x0000000010004854                read_reg_u32_swap
 .text.cyw43_read_reg_u32
                0x00000000100048bc       0x54 CMakeFiles/picow_blink.dir/__/__/lib/pico-sdk/src/rp2_common/pico_cyw43_driver/cyw43_bus_pio_spi.c.o
                0x00000000100048bc                cyw43_read_reg_u32
 .text.cyw43_read_reg_u16
                0x0000000010004910       0x54 CMakeFiles/picow_blink.dir/__/__/lib/pico-sdk/src/rp2_common/pico_cyw43_driver/cyw43_bus_pio_spi.c.o
                0x0000000010004910                cyw43_read_reg_u16
 .text.cyw43_read_reg_u8
                0x0000000010004964       0x54 CMakeFiles/picow_blink.dir/__/__/lib/pico-sdk/src/rp2_common/pico_cyw43_driver/cyw43_bus_pio_spi.c.o
                0x0000000010004964                cyw43_read_reg_u8
 .text.write_reg_u32_swap
                0x00000000100049b8       0x34 CMakeFiles/picow_blink.dir/__/__/lib/pico-sdk/src/rp2_common/pico_cyw43_driver/cyw43_bus_pio_spi.c.o
                0x00000000100049b8                write_reg_u32_swap
 .text.cyw43_write_reg_u32
                0x00000000100049ec       0x58 CMakeFiles/picow_blink.dir/__/__/lib/pico-sdk/src/rp2_common/pico_cyw43_driver/cyw43_bus_pio_spi.c.o
                0x00000000100049ec                cyw43_write_reg_u32
 .text.cyw43_write_reg_u16
                0x0000000010004a44       0x58 CMakeFiles/picow_blink.dir/__/__/lib/pico-sdk/src/rp2_common/pico_cyw43_driver/cyw43_bus_pio_spi.c.o
                0x0000000010004a44                cyw43_write_reg_u16
 .text.cyw43_write_reg_u8
                0x0000000010004a9c       0x58 CMakeFiles/picow_blink.dir/__/__/lib/pico-sdk/src/rp2_common/pico_cyw43_driver/cyw43_bus_pio_spi.c.o
                0x0000000010004a9c                cyw43_write_reg_u8
 .text.cyw43_read_bytes
                0x0000000010004af4      0x100 CMakeFiles/picow_blink.dir/__/__/lib/pico-sdk/src/rp2_common/pico_cyw43_driver/cyw43_bus_pio_spi.c.o
                0x0000000010004af4                cyw43_read_bytes
 .text.cyw43_write_bytes
                0x0000000010004bf4      0x124 CMakeFiles/picow_blink.dir/__/__/lib/pico-sdk/src/rp2_common/pico_cyw43_driver/cyw43_bus_pio_spi.c.o
                0x0000000010004bf4                cyw43_write_bytes
 .text.get_core_address
                0x0000000010004d18       0x1c CMakeFiles/picow_blink.dir/__/__/lib/pico-sdk/lib/cyw43-driver/src/cyw43_ll.c.o
 .text.sdpcm_process_rx_packet
                0x0000000010004d34      0x180 CMakeFiles/picow_blink.dir/__/__/lib/pico-sdk/lib/cyw43-driver/src/cyw43_ll.c.o
 .text.cyw43_ll_wifi_parse_scan_result
                0x0000000010004eb4       0x9c CMakeFiles/picow_blink.dir/__/__/lib/pico-sdk/lib/cyw43-driver/src/cyw43_ll.c.o
 .text.cyw43_ll_parse_async_event
                0x0000000010004f50       0x8e CMakeFiles/picow_blink.dir/__/__/lib/pico-sdk/lib/cyw43-driver/src/cyw43_ll.c.o
 *fill*         0x0000000010004fde        0x2 
 .text.cyw43_kso_set
                0x0000000010004fe0       0x98 CMakeFiles/picow_blink.dir/__/__/lib/pico-sdk/lib/cyw43-driver/src/cyw43_ll.c.o
 .text.cyw43_ll_bus_sleep_helper
                0x0000000010005078        0xe CMakeFiles/picow_blink.dir/__/__/lib/pico-sdk/lib/cyw43-driver/src/cyw43_ll.c.o
 *fill*         0x0000000010005086        0x2 
 .text.cyw43_read_reg
                0x0000000010005088       0x48 CMakeFiles/picow_blink.dir/__/__/lib/pico-sdk/lib/cyw43-driver/src/cyw43_ll.c.o
 .text.cyw43_write_reg
                0x00000000100050d0       0x4c CMakeFiles/picow_blink.dir/__/__/lib/pico-sdk/lib/cyw43-driver/src/cyw43_ll.c.o
 .text.cyw43_set_backplane_window
                0x000000001000511c       0x74 CMakeFiles/picow_blink.dir/__/__/lib/pico-sdk/lib/cyw43-driver/src/cyw43_ll.c.o
 .text.cyw43_read_backplane
                0x0000000010005190       0x30 CMakeFiles/picow_blink.dir/__/__/lib/pico-sdk/lib/cyw43-driver/src/cyw43_ll.c.o
 .text.disable_device_core
                0x00000000100051c0       0x3c CMakeFiles/picow_blink.dir/__/__/lib/pico-sdk/lib/cyw43-driver/src/cyw43_ll.c.o
 .text.device_core_is_up
                0x00000000100051fc       0x4c CMakeFiles/picow_blink.dir/__/__/lib/pico-sdk/lib/cyw43-driver/src/cyw43_ll.c.o
 .text.cyw43_download_resource
                0x0000000010005248       0xac CMakeFiles/picow_blink.dir/__/__/lib/pico-sdk/lib/cyw43-driver/src/cyw43_ll.c.o
 .text.cyw43_write_backplane
                0x00000000100052f4       0x34 CMakeFiles/picow_blink.dir/__/__/lib/pico-sdk/lib/cyw43-driver/src/cyw43_ll.c.o
 .text.reset_device_core
                0x0000000010005328       0x74 CMakeFiles/picow_blink.dir/__/__/lib/pico-sdk/lib/cyw43-driver/src/cyw43_ll.c.o
 .text.cyw43_check_valid_chipset_firmware
                0x000000001000539c       0x7c CMakeFiles/picow_blink.dir/__/__/lib/pico-sdk/lib/cyw43-driver/src/cyw43_ll.c.o
 .text.cyw43_ll_init
                0x0000000010005418       0x20 CMakeFiles/picow_blink.dir/__/__/lib/pico-sdk/lib/cyw43-driver/src/cyw43_ll.c.o
                0x0000000010005418                cyw43_ll_init
 .text.cyw43_ll_deinit
                0x0000000010005438        0x8 CMakeFiles/picow_blink.dir/__/__/lib/pico-sdk/lib/cyw43-driver/src/cyw43_ll.c.o
                0x0000000010005438                cyw43_ll_deinit
 .text.cyw43_ll_bus_sleep
                0x0000000010005440       0x34 CMakeFiles/picow_blink.dir/__/__/lib/pico-sdk/lib/cyw43-driver/src/cyw43_ll.c.o
                0x0000000010005440                cyw43_ll_bus_sleep
 .text.cyw43_ll_sdpcm_poll_device
                0x0000000010005474      0x158 CMakeFiles/picow_blink.dir/__/__/lib/pico-sdk/lib/cyw43-driver/src/cyw43_ll.c.o
 .text.cyw43_ll_process_packets
                0x00000000100055cc       0x60 CMakeFiles/picow_blink.dir/__/__/lib/pico-sdk/lib/cyw43-driver/src/cyw43_ll.c.o
                0x00000000100055cc                cyw43_ll_process_packets
 .text.cyw43_sdpcm_send_common
                0x000000001000562c      0x114 CMakeFiles/picow_blink.dir/__/__/lib/pico-sdk/lib/cyw43-driver/src/cyw43_ll.c.o
 .text.cyw43_send_ioctl
                0x0000000010005740       0x56 CMakeFiles/picow_blink.dir/__/__/lib/pico-sdk/lib/cyw43-driver/src/cyw43_ll.c.o
 *fill*         0x0000000010005796        0x2 
 .text.cyw43_do_ioctl
                0x0000000010005798       0xc4 CMakeFiles/picow_blink.dir/__/__/lib/pico-sdk/lib/cyw43-driver/src/cyw43_ll.c.o
 .text.cyw43_ll_ioctl
                0x000000001000585c       0x1e CMakeFiles/picow_blink.dir/__/__/lib/pico-sdk/lib/cyw43-driver/src/cyw43_ll.c.o
                0x000000001000585c                cyw43_ll_ioctl
 *fill*         0x000000001000587a        0x2 
 .text.cyw43_clm_load
                0x000000001000587c       0xdc CMakeFiles/picow_blink.dir/__/__/lib/pico-sdk/lib/cyw43-driver/src/cyw43_ll.c.o
 .text.cyw43_write_iovar_u32
                0x0000000010005958       0x60 CMakeFiles/picow_blink.dir/__/__/lib/pico-sdk/lib/cyw43-driver/src/cyw43_ll.c.o
 .text.cyw43_write_iovar_n
                0x00000000100059b8       0x50 CMakeFiles/picow_blink.dir/__/__/lib/pico-sdk/lib/cyw43-driver/src/cyw43_ll.c.o
 .text.cyw43_set_ioctl_u32
                0x0000000010005a08       0x30 CMakeFiles/picow_blink.dir/__/__/lib/pico-sdk/lib/cyw43-driver/src/cyw43_ll.c.o
 .text.cyw43_write_iovar_u32_u32
                0x0000000010005a38       0x74 CMakeFiles/picow_blink.dir/__/__/lib/pico-sdk/lib/cyw43-driver/src/cyw43_ll.c.o
 .text.cyw43_ll_wifi_get_mac
                0x0000000010005aac       0x48 CMakeFiles/picow_blink.dir/__/__/lib/pico-sdk/lib/cyw43-driver/src/cyw43_ll.c.o
                0x0000000010005aac                cyw43_ll_wifi_get_mac
 .text.cyw43_ll_bus_init
                0x0000000010005af4      0x370 CMakeFiles/picow_blink.dir/__/__/lib/pico-sdk/lib/cyw43-driver/src/cyw43_ll.c.o
                0x0000000010005af4                cyw43_ll_bus_init
 .text.cyw43_ll_wifi_set_wpa_auth
                0x0000000010005e64        0xe CMakeFiles/picow_blink.dir/__/__/lib/pico-sdk/lib/cyw43-driver/src/cyw43_ll.c.o
                0x0000000010005e64                cyw43_ll_wifi_set_wpa_auth
 *fill*         0x0000000010005e72        0x2 
 .text.cyw43_ll_wifi_rejoin
                0x0000000010005e74       0x20 CMakeFiles/picow_blink.dir/__/__/lib/pico-sdk/lib/cyw43-driver/src/cyw43_ll.c.o
                0x0000000010005e74                cyw43_ll_wifi_rejoin
 .text.cyw43_ll_gpio_set
                0x0000000010005e94       0x30 CMakeFiles/picow_blink.dir/__/__/lib/pico-sdk/lib/cyw43-driver/src/cyw43_ll.c.o
                0x0000000010005e94                cyw43_ll_gpio_set
 .text.cyw43_ll_has_work
                0x0000000010005ec4       0x12 CMakeFiles/picow_blink.dir/__/__/lib/pico-sdk/lib/cyw43-driver/src/cyw43_ll.c.o
                0x0000000010005ec4                cyw43_ll_has_work
 *fill*         0x0000000010005ed6        0x2 
 .text.cyw43_poll_func
                0x0000000010005ed8       0xb0 CMakeFiles/picow_blink.dir/__/__/lib/pico-sdk/lib/cyw43-driver/src/cyw43_ctrl.c.o
 .text.cyw43_dump_async_event
                0x0000000010005f88       0x70 CMakeFiles/picow_blink.dir/__/__/lib/pico-sdk/lib/cyw43-driver/src/cyw43_ctrl.c.o
 .text.cyw43_ensure_up
                0x0000000010005ff8       0xec CMakeFiles/picow_blink.dir/__/__/lib/pico-sdk/lib/cyw43-driver/src/cyw43_ctrl.c.o
 .text.cyw43_init
                0x00000000100060e4       0x8c CMakeFiles/picow_blink.dir/__/__/lib/pico-sdk/lib/cyw43-driver/src/cyw43_ctrl.c.o
                0x00000000100060e4                cyw43_init
 .text.cyw43_deinit
                0x0000000010006170       0x3c CMakeFiles/picow_blink.dir/__/__/lib/pico-sdk/lib/cyw43-driver/src/cyw43_ctrl.c.o
                0x0000000010006170                cyw43_deinit
 .text.cyw43_cb_read_host_interrupt_pin
                0x00000000100061ac        0xe CMakeFiles/picow_blink.dir/__/__/lib/pico-sdk/lib/cyw43-driver/src/cyw43_ctrl.c.o
                0x00000000100061ac                cyw43_cb_read_host_interrupt_pin
 *fill*         0x00000000100061ba        0x2 
 .text.cyw43_cb_ensure_awake
                0x00000000100061bc        0xc CMakeFiles/picow_blink.dir/__/__/lib/pico-sdk/lib/cyw43-driver/src/cyw43_ctrl.c.o
                0x00000000100061bc                cyw43_cb_ensure_awake
 .text.cyw43_cb_process_async_event
                0x00000000100061c8      0x1d0 CMakeFiles/picow_blink.dir/__/__/lib/pico-sdk/lib/cyw43-driver/src/cyw43_ctrl.c.o
                0x00000000100061c8                cyw43_cb_process_async_event
 .text.cyw43_gpio_set
                0x0000000010006398       0x30 CMakeFiles/picow_blink.dir/__/__/lib/pico-sdk/lib/cyw43-driver/src/cyw43_ctrl.c.o
                0x0000000010006398                cyw43_gpio_set
 .text.is_gpio_compatible
                0x00000000100063c8        0x4 CMakeFiles/picow_blink.dir/__/__/lib/pico-sdk/src/rp2_common/hardware_pio/pio.c.o
 .text.is_program_gpio_compatible
                0x00000000100063cc        0x4 CMakeFiles/picow_blink.dir/__/__/lib/pico-sdk/src/rp2_common/hardware_pio/pio.c.o
 .text.add_program_at_offset_check
                0x00000000100063d0       0x64 CMakeFiles/picow_blink.dir/__/__/lib/pico-sdk/src/rp2_common/hardware_pio/pio.c.o
 .text.add_program_at_offset
                0x0000000010006434       0x68 CMakeFiles/picow_blink.dir/__/__/lib/pico-sdk/src/rp2_common/hardware_pio/pio.c.o
 .text.find_offset_for_program
                0x000000001000649c       0x7c CMakeFiles/picow_blink.dir/__/__/lib/pico-sdk/src/rp2_common/hardware_pio/pio.c.o
 .text.pio_sm_unclaim
                0x0000000010006518       0x20 CMakeFiles/picow_blink.dir/__/__/lib/pico-sdk/src/rp2_common/hardware_pio/pio.c.o
                0x0000000010006518                pio_sm_unclaim
 .text.pio_claim_unused_sm
                0x0000000010006538       0x38 CMakeFiles/picow_blink.dir/__/__/lib/pico-sdk/src/rp2_common/hardware_pio/pio.c.o
                0x0000000010006538                pio_claim_unused_sm
 .text.pio_remove_program
                0x0000000010006570       0x54 CMakeFiles/picow_blink.dir/__/__/lib/pico-sdk/src/rp2_common/hardware_pio/pio.c.o
                0x0000000010006570                pio_remove_program
 .text.pio_sm_set_pindirs_with_mask
                0x00000000100065c4       0xa0 CMakeFiles/picow_blink.dir/__/__/lib/pico-sdk/src/rp2_common/hardware_pio/pio.c.o
                0x00000000100065c4                pio_sm_set_pindirs_with_mask
 .text.pio_sm_set_pindirs_with_mask64
                0x0000000010006664        0xa CMakeFiles/picow_blink.dir/__/__/lib/pico-sdk/src/rp2_common/hardware_pio/pio.c.o
                0x0000000010006664                pio_sm_set_pindirs_with_mask64
 *fill*         0x000000001000666e        0x2 
 .text.pio_sm_set_consecutive_pindirs
                0x0000000010006670       0xb4 CMakeFiles/picow_blink.dir/__/__/lib/pico-sdk/src/rp2_common/hardware_pio/pio.c.o
                0x0000000010006670                pio_sm_set_consecutive_pindirs
 .text.pio_claim_free_sm_and_add_program_for_gpio_range
                0x0000000010006724      0x100 CMakeFiles/picow_blink.dir/__/__/lib/pico-sdk/src/rp2_common/hardware_pio/pio.c.o
                0x0000000010006724                pio_claim_free_sm_and_add_program_for_gpio_range
 .text.pio_remove_program_and_unclaim_sm
                0x0000000010006824       0x1a CMakeFiles/picow_blink.dir/__/__/lib/pico-sdk/src/rp2_common/hardware_pio/pio.c.o
                0x0000000010006824                pio_remove_program_and_unclaim_sm
 *fill*         0x000000001000683e        0x2 
 .text.dma_channel_unclaim
                0x0000000010006840       0x10 CMakeFiles/picow_blink.dir/__/__/lib/pico-sdk/src/rp2_common/hardware_dma/dma.c.o
                0x0000000010006840                dma_channel_unclaim
 .text.dma_claim_unused_channel
                0x0000000010006850       0x20 CMakeFiles/picow_blink.dir/__/__/lib/pico-sdk/src/rp2_common/hardware_dma/dma.c.o
                0x0000000010006850                dma_claim_unused_channel
 .text.dma_channel_cleanup
                0x0000000010006870       0x6c CMakeFiles/picow_blink.dir/__/__/lib/pico-sdk/src/rp2_common/hardware_dma/dma.c.o
                0x0000000010006870                dma_channel_cleanup
 .text.exception_is_compile_time_default
                0x00000000100068dc       0x20 CMakeFiles/picow_blink.dir/__/__/lib/pico-sdk/src/rp2_common/hardware_exception/exception.c.o
 .text.set_raw_exception_handler_and_restore_interrupts
                0x00000000100068fc       0x18 CMakeFiles/picow_blink.dir/__/__/lib/pico-sdk/src/rp2_common/hardware_exception/exception.c.o
 .text.exception_get_vtable_handler
                0x0000000010006914       0x10 CMakeFiles/picow_blink.dir/__/__/lib/pico-sdk/src/rp2_common/hardware_exception/exception.c.o
                0x0000000010006914                exception_get_vtable_handler
 .text.exception_set_exclusive_handler
                0x0000000010006924       0x44 CMakeFiles/picow_blink.dir/__/__/lib/pico-sdk/src/rp2_common/hardware_exception/exception.c.o
                0x0000000010006924                exception_set_exclusive_handler
 .text.cyw43_sleep_timeout_reached
                0x0000000010006968       0x50 CMakeFiles/picow_blink.dir/__/__/lib/pico-sdk/src/rp2_common/pico_cyw43_driver/cyw43_driver.c.o
 .text.cyw43_do_poll
                0x00000000100069b8       0x9c CMakeFiles/picow_blink.dir/__/__/lib/pico-sdk/src/rp2_common/pico_cyw43_driver/cyw43_driver.c.o
 .text.cyw43_set_irq_enabled
                0x0000000010006a54        0xe CMakeFiles/picow_blink.dir/__/__/lib/pico-sdk/src/rp2_common/pico_cyw43_driver/cyw43_driver.c.o
 *fill*         0x0000000010006a62        0x2 
 .text.cyw43_irq_init
                0x0000000010006a64       0x50 CMakeFiles/picow_blink.dir/__/__/lib/pico-sdk/src/rp2_common/pico_cyw43_driver/cyw43_driver.c.o
                0x0000000010006a64                cyw43_irq_init
 .text.cyw43_gpio_irq_handler
                0x0000000010006ab4       0x40 CMakeFiles/picow_blink.dir/__/__/lib/pico-sdk/src/rp2_common/pico_cyw43_driver/cyw43_driver.c.o
 .text.cyw43_irq_deinit
                0x0000000010006af4       0x48 CMakeFiles/picow_blink.dir/__/__/lib/pico-sdk/src/rp2_common/pico_cyw43_driver/cyw43_driver.c.o
                0x0000000010006af4                cyw43_irq_deinit
 .text.no_lwip_fail
                0x0000000010006b3c        0xc CMakeFiles/picow_blink.dir/__/__/lib/pico-sdk/src/rp2_common/pico_cyw43_driver/cyw43_driver.c.o
 .text.cyw43_post_poll_hook
                0x0000000010006b48       0x38 CMakeFiles/picow_blink.dir/__/__/lib/pico-sdk/src/rp2_common/pico_cyw43_driver/cyw43_driver.c.o
                0x0000000010006b48                cyw43_post_poll_hook
 .text.cyw43_schedule_internal_poll_dispatch
                0x0000000010006b80       0x3c CMakeFiles/picow_blink.dir/__/__/lib/pico-sdk/src/rp2_common/pico_cyw43_driver/cyw43_driver.c.o
                0x0000000010006b80                cyw43_schedule_internal_poll_dispatch
 .text.cyw43_driver_init
                0x0000000010006bbc       0x38 CMakeFiles/picow_blink.dir/__/__/lib/pico-sdk/src/rp2_common/pico_cyw43_driver/cyw43_driver.c.o
                0x0000000010006bbc                cyw43_driver_init
 .text.cyw43_driver_deinit
                0x0000000010006bf4       0x64 CMakeFiles/picow_blink.dir/__/__/lib/pico-sdk/src/rp2_common/pico_cyw43_driver/cyw43_driver.c.o
                0x0000000010006bf4                cyw43_driver_deinit
 .text.cyw43_hal_generate_laa_mac
                0x0000000010006c58       0x34 CMakeFiles/picow_blink.dir/__/__/lib/pico-sdk/src/rp2_common/pico_cyw43_driver/cyw43_driver.c.o
                0x0000000010006c58                cyw43_hal_generate_laa_mac
 .text.cyw43_thread_enter
                0x0000000010006c8c       0x14 CMakeFiles/picow_blink.dir/__/__/lib/pico-sdk/src/rp2_common/pico_cyw43_driver/cyw43_driver.c.o
                0x0000000010006c8c                cyw43_thread_enter
 .text.cyw43_thread_exit
                0x0000000010006ca0       0x14 CMakeFiles/picow_blink.dir/__/__/lib/pico-sdk/src/rp2_common/pico_cyw43_driver/cyw43_driver.c.o
                0x0000000010006ca0                cyw43_thread_exit
 .text.cyw43_thread_lock_check
                0x0000000010006cb4       0x14 CMakeFiles/picow_blink.dir/__/__/lib/pico-sdk/src/rp2_common/pico_cyw43_driver/cyw43_driver.c.o
                0x0000000010006cb4                cyw43_thread_lock_check
 .text.cyw43_await_background_or_timeout_us
                0x0000000010006cc8       0x68 CMakeFiles/picow_blink.dir/__/__/lib/pico-sdk/src/rp2_common/pico_cyw43_driver/cyw43_driver.c.o
                0x0000000010006cc8                cyw43_await_background_or_timeout_us
 .text.cyw43_delay_ms
                0x0000000010006d30       0x44 CMakeFiles/picow_blink.dir/__/__/lib/pico-sdk/src/rp2_common/pico_cyw43_driver/cyw43_driver.c.o
                0x0000000010006d30                cyw43_delay_ms
 .text.cyw43_cb_tcpip_deinit
                0x0000000010006d74        0x2 CMakeFiles/picow_blink.dir/__/__/lib/pico-sdk/src/rp2_common/pico_cyw43_driver/cyw43_driver.c.o
                0x0000000010006d74                cyw43_cb_tcpip_deinit
 .text.cyw43_cb_tcpip_set_link_up
                0x0000000010006d76        0x6 CMakeFiles/picow_blink.dir/__/__/lib/pico-sdk/src/rp2_common/pico_cyw43_driver/cyw43_driver.c.o
                0x0000000010006d76                cyw43_cb_tcpip_set_link_up
 .text.cyw43_cb_tcpip_set_link_down
                0x0000000010006d7c        0x6 CMakeFiles/picow_blink.dir/__/__/lib/pico-sdk/src/rp2_common/pico_cyw43_driver/cyw43_driver.c.o
                0x0000000010006d7c                cyw43_cb_tcpip_set_link_down
 .text.cyw43_cb_process_ethernet
                0x0000000010006d82        0x6 CMakeFiles/picow_blink.dir/__/__/lib/pico-sdk/src/rp2_common/pico_cyw43_driver/cyw43_driver.c.o
                0x0000000010006d82                cyw43_cb_process_ethernet
 .text.handle_sync_func_call
                0x0000000010006d88       0x22 CMakeFiles/picow_blink.dir/__/__/lib/pico-sdk/src/rp2_common/pico_async_context/async_context_threadsafe_background.c.o
 .text.async_context_threadsafe_background_acquire_lock_blocking
                0x0000000010006daa        0xa CMakeFiles/picow_blink.dir/__/__/lib/pico-sdk/src/rp2_common/pico_async_context/async_context_threadsafe_background.c.o
 .text.async_context_threadsafe_background_lock_check
                0x0000000010006db4       0x24 CMakeFiles/picow_blink.dir/__/__/lib/pico-sdk/src/rp2_common/pico_async_context/async_context_threadsafe_background.c.o
 .text.process_under_lock
                0x0000000010006dd8       0xe0 CMakeFiles/picow_blink.dir/__/__/lib/pico-sdk/src/rp2_common/pico_async_context/async_context_threadsafe_background.c.o
 .text.async_context_threadsafe_background_wake_up
                0x0000000010006eb8       0x4c CMakeFiles/picow_blink.dir/__/__/lib/pico-sdk/src/rp2_common/pico_async_context/async_context_threadsafe_background.c.o
 .text.lock_release
                0x0000000010006f04       0x42 CMakeFiles/picow_blink.dir/__/__/lib/pico-sdk/src/rp2_common/pico_async_context/async_context_threadsafe_background.c.o
 *fill*         0x0000000010006f46        0x2 
 .text.async_context_threadsafe_background_execute_sync
                0x0000000010006f48       0x90 CMakeFiles/picow_blink.dir/__/__/lib/pico-sdk/src/rp2_common/pico_async_context/async_context_threadsafe_background.c.o
                0x0000000010006f48                async_context_threadsafe_background_execute_sync
 .text.async_context_threadsafe_background_release_lock
                0x0000000010006fd8        0x8 CMakeFiles/picow_blink.dir/__/__/lib/pico-sdk/src/rp2_common/pico_async_context/async_context_threadsafe_background.c.o
 .text.alarm_handler
                0x0000000010006fe0       0x16 CMakeFiles/picow_blink.dir/__/__/lib/pico-sdk/src/rp2_common/pico_async_context/async_context_threadsafe_background.c.o
 .text.async_context_threadsafe_background_set_work_pending
                0x0000000010006ff6        0xc CMakeFiles/picow_blink.dir/__/__/lib/pico-sdk/src/rp2_common/pico_async_context/async_context_threadsafe_background.c.o
 *fill*         0x0000000010007002        0x2 
 .text.low_prio_irq_deinit
                0x0000000010007004       0x50 CMakeFiles/picow_blink.dir/__/__/lib/pico-sdk/src/rp2_common/pico_async_context/async_context_threadsafe_background.c.o
 .text.async_context_threadsafe_background_deinit
                0x0000000010007054       0x68 CMakeFiles/picow_blink.dir/__/__/lib/pico-sdk/src/rp2_common/pico_async_context/async_context_threadsafe_background.c.o
 .text.low_priority_irq_handler
                0x00000000100070bc       0x78 CMakeFiles/picow_blink.dir/__/__/lib/pico-sdk/src/rp2_common/pico_async_context/async_context_threadsafe_background.c.o
 .text.async_context_threadsafe_background_wait_for_work_until
                0x0000000010007134        0xa CMakeFiles/picow_blink.dir/__/__/lib/pico-sdk/src/rp2_common/pico_async_context/async_context_threadsafe_background.c.o
 .text.async_context_threadsafe_background_wait_until
                0x000000001000713e       0x1a CMakeFiles/picow_blink.dir/__/__/lib/pico-sdk/src/rp2_common/pico_async_context/async_context_threadsafe_background.c.o
 .text.async_context_threadsafe_background_when_pending_worker
                0x0000000010007158       0x20 CMakeFiles/picow_blink.dir/__/__/lib/pico-sdk/src/rp2_common/pico_async_context/async_context_threadsafe_background.c.o
 .text.async_context_threadsafe_background_add_when_pending_worker
                0x0000000010007178       0x20 CMakeFiles/picow_blink.dir/__/__/lib/pico-sdk/src/rp2_common/pico_async_context/async_context_threadsafe_background.c.o
 .text.async_context_threadsafe_background_remove_at_time_worker
                0x0000000010007198       0x20 CMakeFiles/picow_blink.dir/__/__/lib/pico-sdk/src/rp2_common/pico_async_context/async_context_threadsafe_background.c.o
 .text.async_context_threadsafe_background_add_at_time_worker
                0x00000000100071b8       0x20 CMakeFiles/picow_blink.dir/__/__/lib/pico-sdk/src/rp2_common/pico_async_context/async_context_threadsafe_background.c.o
 .text.low_prio_irq_init
                0x00000000100071d8       0x80 CMakeFiles/picow_blink.dir/__/__/lib/pico-sdk/src/rp2_common/pico_async_context/async_context_threadsafe_background.c.o
 .text.async_context_threadsafe_background_default_config
                0x0000000010007258        0xa CMakeFiles/picow_blink.dir/__/__/lib/pico-sdk/src/rp2_common/pico_async_context/async_context_threadsafe_background.c.o
                0x0000000010007258                async_context_threadsafe_background_default_config
 *fill*         0x0000000010007262        0x2 
 .text.async_context_threadsafe_background_init
                0x0000000010007264       0x94 CMakeFiles/picow_blink.dir/__/__/lib/pico-sdk/src/rp2_common/pico_async_context/async_context_threadsafe_background.c.o
                0x0000000010007264                async_context_threadsafe_background_init
 .text.async_context_base_add_at_time_worker
                0x00000000100072f8       0x1c CMakeFiles/picow_blink.dir/__/__/lib/pico-sdk/src/rp2_common/pico_async_context/async_context_base.c.o
                0x00000000100072f8                async_context_base_add_at_time_worker
 .text.async_context_base_remove_at_time_worker
                0x0000000010007314       0x1c CMakeFiles/picow_blink.dir/__/__/lib/pico-sdk/src/rp2_common/pico_async_context/async_context_base.c.o
                0x0000000010007314                async_context_base_remove_at_time_worker
 .text.async_context_base_add_when_pending_worker
                0x0000000010007330       0x1c CMakeFiles/picow_blink.dir/__/__/lib/pico-sdk/src/rp2_common/pico_async_context/async_context_base.c.o
                0x0000000010007330                async_context_base_add_when_pending_worker
 .text.async_context_base_remove_when_pending_worker
                0x000000001000734c       0x1c CMakeFiles/picow_blink.dir/__/__/lib/pico-sdk/src/rp2_common/pico_async_context/async_context_base.c.o
                0x000000001000734c                async_context_base_remove_when_pending_worker
 .text.async_context_base_remove_ready_at_time_worker
                0x0000000010007368       0x7c CMakeFiles/picow_blink.dir/__/__/lib/pico-sdk/src/rp2_common/pico_async_context/async_context_base.c.o
                0x0000000010007368                async_context_base_remove_ready_at_time_worker
 .text.async_context_base_refresh_next_timeout
                0x00000000100073e4       0x48 CMakeFiles/picow_blink.dir/__/__/lib/pico-sdk/src/rp2_common/pico_async_context/async_context_base.c.o
                0x00000000100073e4                async_context_base_refresh_next_timeout
 .text.async_context_base_execute_once
                0x000000001000742c       0x40 CMakeFiles/picow_blink.dir/__/__/lib/pico-sdk/src/rp2_common/pico_async_context/async_context_base.c.o
                0x000000001000742c                async_context_base_execute_once
 .text.async_context_base_needs_servicing
                0x000000001000746c       0x4c CMakeFiles/picow_blink.dir/__/__/lib/pico-sdk/src/rp2_common/pico_async_context/async_context_base.c.o
                0x000000001000746c                async_context_base_needs_servicing
 .text.prvHeapInit
                0x00000000100074b8       0x58 CMakeFiles/picow_blink.dir/__/__/lib/FreeRTOS-Kernel/portable/MemMang/heap_4.c.o
 .text.prvInsertBlockIntoFreeList
                0x0000000010007510       0x88 CMakeFiles/picow_blink.dir/__/__/lib/FreeRTOS-Kernel/portable/MemMang/heap_4.c.o
 .text.pvPortMalloc
                0x0000000010007598      0x188 CMakeFiles/picow_blink.dir/__/__/lib/FreeRTOS-Kernel/portable/MemMang/heap_4.c.o
                0x0000000010007598                pvPortMalloc
 .text.vPortFree
                0x0000000010007720       0xa8 CMakeFiles/picow_blink.dir/__/__/lib/FreeRTOS-Kernel/portable/MemMang/heap_4.c.o
                0x0000000010007720                vPortFree
 .text.vPortSVCHandler
                0x00000000100077c8        0x2 CMakeFiles/picow_blink.dir/__/__/lib/FreeRTOS-Kernel/portable/ThirdParty/GCC/RP2040/port.c.o
                0x00000000100077c8                vPortSVCHandler
 *fill*         0x00000000100077ca        0x6 
 .text.vPortStartFirstTask
                0x00000000100077d0       0x38 CMakeFiles/picow_blink.dir/__/__/lib/FreeRTOS-Kernel/portable/ThirdParty/GCC/RP2040/port.c.o
 .text.prvFIFOInterruptHandler
                0x0000000010007808       0x28 CMakeFiles/picow_blink.dir/__/__/lib/FreeRTOS-Kernel/portable/ThirdParty/GCC/RP2040/port.c.o
 .text.xPortPendSVHandler
                0x0000000010007830       0x78 CMakeFiles/picow_blink.dir/__/__/lib/FreeRTOS-Kernel/portable/ThirdParty/GCC/RP2040/port.c.o
                0x0000000010007830                xPortPendSVHandler
 .text.prvTaskExitError
                0x00000000100078a8        0x6 CMakeFiles/picow_blink.dir/__/__/lib/FreeRTOS-Kernel/portable/ThirdParty/GCC/RP2040/port.c.o
 *fill*         0x00000000100078ae        0x2 
 .text.xPortSysTickHandler
                0x00000000100078b0       0x24 CMakeFiles/picow_blink.dir/__/__/lib/FreeRTOS-Kernel/portable/ThirdParty/GCC/RP2040/port.c.o
                0x00000000100078b0                xPortSysTickHandler
 .text.prvGetTicksToWaitBefore
                0x00000000100078d4       0x3c CMakeFiles/picow_blink.dir/__/__/lib/FreeRTOS-Kernel/portable/ThirdParty/GCC/RP2040/port.c.o
 .text.pxPortInitialiseStack
                0x0000000010007910       0x20 CMakeFiles/picow_blink.dir/__/__/lib/FreeRTOS-Kernel/portable/ThirdParty/GCC/RP2040/port.c.o
                0x0000000010007910                pxPortInitialiseStack
 .text.vPortYield
                0x0000000010007930       0x18 CMakeFiles/picow_blink.dir/__/__/lib/FreeRTOS-Kernel/portable/ThirdParty/GCC/RP2040/port.c.o
                0x0000000010007930                vPortYield
 .text.ulSetInterruptMaskFromISR
                0x0000000010007948        0x8 CMakeFiles/picow_blink.dir/__/__/lib/FreeRTOS-Kernel/portable/ThirdParty/GCC/RP2040/port.c.o
                0x0000000010007948                ulSetInterruptMaskFromISR
 .text.vClearInterruptMaskFromISR
                0x0000000010007950        0x6 CMakeFiles/picow_blink.dir/__/__/lib/FreeRTOS-Kernel/portable/ThirdParty/GCC/RP2040/port.c.o
                0x0000000010007950                vClearInterruptMaskFromISR
 *fill*         0x0000000010007956        0x2 
 .text.vYieldCore
                0x0000000010007958       0x30 CMakeFiles/picow_blink.dir/__/__/lib/FreeRTOS-Kernel/portable/ThirdParty/GCC/RP2040/port.c.o
                0x0000000010007958                vYieldCore
 .text.vPortSetupTimerInterrupt
                0x0000000010007988       0x34 CMakeFiles/picow_blink.dir/__/__/lib/FreeRTOS-Kernel/portable/ThirdParty/GCC/RP2040/port.c.o
                0x0000000010007988                vPortSetupTimerInterrupt
 .text.xPortStartSchedulerOnCore
                0x00000000100079bc       0xa8 CMakeFiles/picow_blink.dir/__/__/lib/FreeRTOS-Kernel/portable/ThirdParty/GCC/RP2040/port.c.o
 .text.xPortStartScheduler
                0x0000000010007a64       0x68 CMakeFiles/picow_blink.dir/__/__/lib/FreeRTOS-Kernel/portable/ThirdParty/GCC/RP2040/port.c.o
                0x0000000010007a64                xPortStartScheduler
 .text.prvDisableInterruptsAndPortStartSchedulerOnCore
                0x0000000010007acc        0x8 CMakeFiles/picow_blink.dir/__/__/lib/FreeRTOS-Kernel/portable/ThirdParty/GCC/RP2040/port.c.o
 .text.ulPortLockGetCurrentOwnerId
                0x0000000010007ad4       0x30 CMakeFiles/picow_blink.dir/__/__/lib/FreeRTOS-Kernel/portable/ThirdParty/GCC/RP2040/port.c.o
                0x0000000010007ad4                ulPortLockGetCurrentOwnerId
 .text.vPortLockInternalSpinUnlockWithWait
                0x0000000010007b04       0xa4 CMakeFiles/picow_blink.dir/__/__/lib/FreeRTOS-Kernel/portable/ThirdParty/GCC/RP2040/port.c.o
                0x0000000010007b04                vPortLockInternalSpinUnlockWithWait
 .text.vPortLockInternalSpinUnlockWithNotify
                0x0000000010007ba8       0x8c CMakeFiles/picow_blink.dir/__/__/lib/FreeRTOS-Kernel/portable/ThirdParty/GCC/RP2040/port.c.o
                0x0000000010007ba8                vPortLockInternalSpinUnlockWithNotify
 .text.xPortLockInternalSpinUnlockWithBestEffortWaitOrTimeout
                0x0000000010007c34      0x100 CMakeFiles/picow_blink.dir/__/__/lib/FreeRTOS-Kernel/portable/ThirdParty/GCC/RP2040/port.c.o
                0x0000000010007c34                xPortLockInternalSpinUnlockWithBestEffortWaitOrTimeout
 .text.prvRuntimeInitializer
                0x0000000010007d34       0x10 CMakeFiles/picow_blink.dir/__/__/lib/FreeRTOS-Kernel/portable/ThirdParty/GCC/RP2040/port.c.o
 .text.prvTestWaitCondition
                0x0000000010007d44       0x1e CMakeFiles/picow_blink.dir/__/__/lib/FreeRTOS-Kernel/event_groups.c.o
 .text.xEventGroupCreate
                0x0000000010007d62       0x18 CMakeFiles/picow_blink.dir/__/__/lib/FreeRTOS-Kernel/event_groups.c.o
                0x0000000010007d62                xEventGroupCreate
 *fill*         0x0000000010007d7a        0x2 
 .text.xEventGroupWaitBits
                0x0000000010007d7c      0x124 CMakeFiles/picow_blink.dir/__/__/lib/FreeRTOS-Kernel/event_groups.c.o
                0x0000000010007d7c                xEventGroupWaitBits
 .text.xEventGroupSetBits
                0x0000000010007ea0       0x98 CMakeFiles/picow_blink.dir/__/__/lib/FreeRTOS-Kernel/event_groups.c.o
                0x0000000010007ea0                xEventGroupSetBits
 .text.vEventGroupSetBitsCallback
                0x0000000010007f38        0x8 CMakeFiles/picow_blink.dir/__/__/lib/FreeRTOS-Kernel/event_groups.c.o
                0x0000000010007f38                vEventGroupSetBitsCallback
 .text.xEventGroupSetBitsFromISR
                0x0000000010007f40       0x14 CMakeFiles/picow_blink.dir/__/__/lib/FreeRTOS-Kernel/event_groups.c.o
                0x0000000010007f40                xEventGroupSetBitsFromISR
 .text.vListInitialise
                0x0000000010007f54       0x16 CMakeFiles/picow_blink.dir/__/__/lib/FreeRTOS-Kernel/list.c.o
                0x0000000010007f54                vListInitialise
 .text.vListInitialiseItem
                0x0000000010007f6a        0x6 CMakeFiles/picow_blink.dir/__/__/lib/FreeRTOS-Kernel/list.c.o
                0x0000000010007f6a                vListInitialiseItem
 .text.vListInsertEnd
                0x0000000010007f70       0x16 CMakeFiles/picow_blink.dir/__/__/lib/FreeRTOS-Kernel/list.c.o
                0x0000000010007f70                vListInsertEnd
 .text.vListInsert
                0x0000000010007f86       0x2e CMakeFiles/picow_blink.dir/__/__/lib/FreeRTOS-Kernel/list.c.o
                0x0000000010007f86                vListInsert
 .text.uxListRemove
                0x0000000010007fb4       0x24 CMakeFiles/picow_blink.dir/__/__/lib/FreeRTOS-Kernel/list.c.o
                0x0000000010007fb4                uxListRemove
 .text.prvIsQueueEmpty
                0x0000000010007fd8       0x1c CMakeFiles/picow_blink.dir/__/__/lib/FreeRTOS-Kernel/queue.c.o
 .text.prvCopyDataToQueue
                0x0000000010007ff4       0x82 CMakeFiles/picow_blink.dir/__/__/lib/FreeRTOS-Kernel/queue.c.o
 .text.prvCopyDataFromQueue
                0x0000000010008076       0x24 CMakeFiles/picow_blink.dir/__/__/lib/FreeRTOS-Kernel/queue.c.o
 *fill*         0x000000001000809a        0x2 
 .text.prvNotifyQueueSetContainer
                0x000000001000809c       0xa8 CMakeFiles/picow_blink.dir/__/__/lib/FreeRTOS-Kernel/queue.c.o
 .text.prvUnlockQueue
                0x0000000010008144       0x88 CMakeFiles/picow_blink.dir/__/__/lib/FreeRTOS-Kernel/queue.c.o
 .text.xQueueGenericReset
                0x00000000100081cc       0xd8 CMakeFiles/picow_blink.dir/__/__/lib/FreeRTOS-Kernel/queue.c.o
                0x00000000100081cc                xQueueGenericReset
 .text.prvInitialiseNewQueue
                0x00000000100082a4       0x26 CMakeFiles/picow_blink.dir/__/__/lib/FreeRTOS-Kernel/queue.c.o
 *fill*         0x00000000100082ca        0x2 
 .text.xQueueGenericCreate
                0x00000000100082cc       0x90 CMakeFiles/picow_blink.dir/__/__/lib/FreeRTOS-Kernel/queue.c.o
                0x00000000100082cc                xQueueGenericCreate
 .text.xQueueGenericSendFromISR
                0x000000001000835c      0x13c CMakeFiles/picow_blink.dir/__/__/lib/FreeRTOS-Kernel/queue.c.o
                0x000000001000835c                xQueueGenericSendFromISR
 .text.xQueueReceive
                0x0000000010008498      0x150 CMakeFiles/picow_blink.dir/__/__/lib/FreeRTOS-Kernel/queue.c.o
                0x0000000010008498                xQueueReceive
 .text.vQueueAddToRegistry
                0x00000000100085e8       0x64 CMakeFiles/picow_blink.dir/__/__/lib/FreeRTOS-Kernel/queue.c.o
                0x00000000100085e8                vQueueAddToRegistry
 .text.vQueueWaitForMessageRestricted
                0x000000001000864c       0x50 CMakeFiles/picow_blink.dir/__/__/lib/FreeRTOS-Kernel/queue.c.o
                0x000000001000864c                vQueueWaitForMessageRestricted
 .text.prvResetNextTaskUnblockTime
                0x000000001000869c       0x2c CMakeFiles/picow_blink.dir/__/__/lib/FreeRTOS-Kernel/tasks.c.o
 .text.prvDeleteTCB
                0x00000000100086c8       0x12 CMakeFiles/picow_blink.dir/__/__/lib/FreeRTOS-Kernel/tasks.c.o
 *fill*         0x00000000100086da        0x2 
 .text.prvInitialiseNewTask
                0x00000000100086dc       0xd4 CMakeFiles/picow_blink.dir/__/__/lib/FreeRTOS-Kernel/tasks.c.o
 .text.prvCreateTask
                0x00000000100087b0       0x5a CMakeFiles/picow_blink.dir/__/__/lib/FreeRTOS-Kernel/tasks.c.o
 *fill*         0x000000001000880a        0x2 
 .text.prvPassiveIdleTask
                0x000000001000880c       0x1c CMakeFiles/picow_blink.dir/__/__/lib/FreeRTOS-Kernel/tasks.c.o
 .text.prvInitialiseTaskLists
                0x0000000010008828       0x68 CMakeFiles/picow_blink.dir/__/__/lib/FreeRTOS-Kernel/tasks.c.o
 .text.prvYieldForTask
                0x0000000010008890       0xd0 CMakeFiles/picow_blink.dir/__/__/lib/FreeRTOS-Kernel/tasks.c.o
 .text.prvSelectHighestPriorityTask
                0x0000000010008960      0x228 CMakeFiles/picow_blink.dir/__/__/lib/FreeRTOS-Kernel/tasks.c.o
 .text.prvCheckForRunStateChange
                0x0000000010008b88      0x238 CMakeFiles/picow_blink.dir/__/__/lib/FreeRTOS-Kernel/tasks.c.o
 .text.vTaskSuspendAll
                0x0000000010008dc0      0x1a0 CMakeFiles/picow_blink.dir/__/__/lib/FreeRTOS-Kernel/tasks.c.o
                0x0000000010008dc0                vTaskSuspendAll
 .text.xTaskGetTickCount
                0x0000000010008f60        0xc CMakeFiles/picow_blink.dir/__/__/lib/FreeRTOS-Kernel/tasks.c.o
                0x0000000010008f60                xTaskGetTickCount
 .text.uxTaskGetNumberOfTasks
                0x0000000010008f6c        0xc CMakeFiles/picow_blink.dir/__/__/lib/FreeRTOS-Kernel/tasks.c.o
                0x0000000010008f6c                uxTaskGetNumberOfTasks
 .text.xTaskIncrementTick
                0x0000000010008f78      0x1d0 CMakeFiles/picow_blink.dir/__/__/lib/FreeRTOS-Kernel/tasks.c.o
                0x0000000010008f78                xTaskIncrementTick
 .text.vTaskSwitchContext
                0x0000000010009148      0x1e8 CMakeFiles/picow_blink.dir/__/__/lib/FreeRTOS-Kernel/tasks.c.o
                0x0000000010009148                vTaskSwitchContext
 .text.xTaskRemoveFromEventList
                0x0000000010009330       0xfc CMakeFiles/picow_blink.dir/__/__/lib/FreeRTOS-Kernel/tasks.c.o
                0x0000000010009330                xTaskRemoveFromEventList
 .text.vTaskInternalSetTimeOutState
                0x000000001000942c       0x18 CMakeFiles/picow_blink.dir/__/__/lib/FreeRTOS-Kernel/tasks.c.o
                0x000000001000942c                vTaskInternalSetTimeOutState
 .text.vTaskMissedYield
                0x0000000010009444       0x14 CMakeFiles/picow_blink.dir/__/__/lib/FreeRTOS-Kernel/tasks.c.o
                0x0000000010009444                vTaskMissedYield
 .text.xTaskGetCurrentTaskHandle
                0x0000000010009458       0x1c CMakeFiles/picow_blink.dir/__/__/lib/FreeRTOS-Kernel/tasks.c.o
                0x0000000010009458                xTaskGetCurrentTaskHandle
 .text.prvAddCurrentTaskToDelayedList
                0x0000000010009474       0xb8 CMakeFiles/picow_blink.dir/__/__/lib/FreeRTOS-Kernel/tasks.c.o
 .text.vTaskPlaceOnEventList
                0x000000001000952c       0x40 CMakeFiles/picow_blink.dir/__/__/lib/FreeRTOS-Kernel/tasks.c.o
                0x000000001000952c                vTaskPlaceOnEventList
 .text.vTaskPlaceOnUnorderedEventList
                0x000000001000956c       0x8c CMakeFiles/picow_blink.dir/__/__/lib/FreeRTOS-Kernel/tasks.c.o
                0x000000001000956c                vTaskPlaceOnUnorderedEventList
 .text.vTaskPlaceOnEventListRestricted
                0x00000000100095f8       0x68 CMakeFiles/picow_blink.dir/__/__/lib/FreeRTOS-Kernel/tasks.c.o
                0x00000000100095f8                vTaskPlaceOnEventListRestricted
 .text.xTaskPriorityDisinherit
                0x0000000010009660      0x118 CMakeFiles/picow_blink.dir/__/__/lib/FreeRTOS-Kernel/tasks.c.o
                0x0000000010009660                xTaskPriorityDisinherit
 .text.vTaskYieldWithinAPI
                0x0000000010009778       0x34 CMakeFiles/picow_blink.dir/__/__/lib/FreeRTOS-Kernel/tasks.c.o
                0x0000000010009778                vTaskYieldWithinAPI
 .text.vTaskEnterCritical
                0x00000000100097ac      0x130 CMakeFiles/picow_blink.dir/__/__/lib/FreeRTOS-Kernel/tasks.c.o
                0x00000000100097ac                vTaskEnterCritical
 .text.vTaskEnterCriticalFromISR
                0x00000000100098dc       0xb4 CMakeFiles/picow_blink.dir/__/__/lib/FreeRTOS-Kernel/tasks.c.o
                0x00000000100098dc                vTaskEnterCriticalFromISR
 .text.vTaskExitCritical
                0x0000000010009990      0x118 CMakeFiles/picow_blink.dir/__/__/lib/FreeRTOS-Kernel/tasks.c.o
                0x0000000010009990                vTaskExitCritical
 .text.prvCheckTasksWaitingTermination
                0x0000000010009aa8       0x64 CMakeFiles/picow_blink.dir/__/__/lib/FreeRTOS-Kernel/tasks.c.o
 .text.prvIdleTask
                0x0000000010009b0c       0x20 CMakeFiles/picow_blink.dir/__/__/lib/FreeRTOS-Kernel/tasks.c.o
 .text.prvAddNewTaskToReadyList
                0x0000000010009b2c       0x9c CMakeFiles/picow_blink.dir/__/__/lib/FreeRTOS-Kernel/tasks.c.o
 .text.xTaskCreate
                0x0000000010009bc8       0x2a CMakeFiles/picow_blink.dir/__/__/lib/FreeRTOS-Kernel/tasks.c.o
                0x0000000010009bc8                xTaskCreate
 *fill*         0x0000000010009bf2        0x2 
 .text.prvCreateIdleTasks
                0x0000000010009bf4       0x94 CMakeFiles/picow_blink.dir/__/__/lib/FreeRTOS-Kernel/tasks.c.o
 .text.vTaskStartScheduler
                0x0000000010009c88       0x68 CMakeFiles/picow_blink.dir/__/__/lib/FreeRTOS-Kernel/tasks.c.o
                0x0000000010009c88                vTaskStartScheduler
 .text.xTaskCreateAffinitySet
                0x0000000010009cf0       0x28 CMakeFiles/picow_blink.dir/__/__/lib/FreeRTOS-Kernel/tasks.c.o
                0x0000000010009cf0                xTaskCreateAffinitySet
 .text.xTaskResumeAll
                0x0000000010009d18      0x1c8 CMakeFiles/picow_blink.dir/__/__/lib/FreeRTOS-Kernel/tasks.c.o
                0x0000000010009d18                xTaskResumeAll
 .text.vTaskDelay
                0x0000000010009ee0       0x48 CMakeFiles/picow_blink.dir/__/__/lib/FreeRTOS-Kernel/tasks.c.o
                0x0000000010009ee0                vTaskDelay
 .text.vTaskRemoveFromUnorderedEventList
                0x0000000010009f28       0xec CMakeFiles/picow_blink.dir/__/__/lib/FreeRTOS-Kernel/tasks.c.o
                0x0000000010009f28                vTaskRemoveFromUnorderedEventList
 .text.xTaskCheckForTimeOut
                0x000000001000a014       0xbc CMakeFiles/picow_blink.dir/__/__/lib/FreeRTOS-Kernel/tasks.c.o
                0x000000001000a014                xTaskCheckForTimeOut
 .text.xTaskGetSchedulerState
                0x000000001000a0d0       0x30 CMakeFiles/picow_blink.dir/__/__/lib/FreeRTOS-Kernel/tasks.c.o
                0x000000001000a0d0                xTaskGetSchedulerState
 .text.vTaskExitCriticalFromISR
                0x000000001000a100       0xb4 CMakeFiles/picow_blink.dir/__/__/lib/FreeRTOS-Kernel/tasks.c.o
                0x000000001000a100                vTaskExitCriticalFromISR
 .text.uxTaskResetEventItemValue
                0x000000001000a1b4       0x1c CMakeFiles/picow_blink.dir/__/__/lib/FreeRTOS-Kernel/tasks.c.o
                0x000000001000a1b4                uxTaskResetEventItemValue
 .text.prvGetNextExpireTime
                0x000000001000a1d0       0x24 CMakeFiles/picow_blink.dir/__/__/lib/FreeRTOS-Kernel/timers.c.o
 .text.prvInsertTimerInActiveList
                0x000000001000a1f4       0x48 CMakeFiles/picow_blink.dir/__/__/lib/FreeRTOS-Kernel/timers.c.o
 .text.prvReloadTimer
                0x000000001000a23c       0x2a CMakeFiles/picow_blink.dir/__/__/lib/FreeRTOS-Kernel/timers.c.o
 *fill*         0x000000001000a266        0x2 
 .text.prvProcessExpiredTimer
                0x000000001000a268       0x3c CMakeFiles/picow_blink.dir/__/__/lib/FreeRTOS-Kernel/timers.c.o
 .text.prvSwitchTimerLists
                0x000000001000a2a4       0x30 CMakeFiles/picow_blink.dir/__/__/lib/FreeRTOS-Kernel/timers.c.o
 .text.prvSampleTimeNow
                0x000000001000a2d4       0x2c CMakeFiles/picow_blink.dir/__/__/lib/FreeRTOS-Kernel/timers.c.o
 .text.prvProcessTimerOrBlockTask
                0x000000001000a300       0x70 CMakeFiles/picow_blink.dir/__/__/lib/FreeRTOS-Kernel/timers.c.o
 .text.prvProcessReceivedCommands
                0x000000001000a370      0x118 CMakeFiles/picow_blink.dir/__/__/lib/FreeRTOS-Kernel/timers.c.o
 .text.prvTimerTask
                0x000000001000a488       0x16 CMakeFiles/picow_blink.dir/__/__/lib/FreeRTOS-Kernel/timers.c.o
 *fill*         0x000000001000a49e        0x2 
 .text.prvCheckForValidListAndQueue
                0x000000001000a4a0       0x60 CMakeFiles/picow_blink.dir/__/__/lib/FreeRTOS-Kernel/timers.c.o
 .text.xTimerCreateTimerTask
                0x000000001000a500       0x60 CMakeFiles/picow_blink.dir/__/__/lib/FreeRTOS-Kernel/timers.c.o
                0x000000001000a500                xTimerCreateTimerTask
 .text.xTimerPendFunctionCallFromISR
                0x000000001000a560       0x28 CMakeFiles/picow_blink.dir/__/__/lib/FreeRTOS-Kernel/timers.c.o
                0x000000001000a560                xTimerPendFunctionCallFromISR
 .text.core1_trampoline
                0x000000001000a588        0x2 CMakeFiles/picow_blink.dir/__/__/lib/pico-sdk/src/rp2_common/pico_multicore/multicore.c.o
 .text.core1_wrapper
                0x000000001000a58a        0xc CMakeFiles/picow_blink.dir/__/__/lib/pico-sdk/src/rp2_common/pico_multicore/multicore.c.o
                0x000000001000a58a                core1_wrapper
 .text.multicore_fifo_push_blocking
                0x000000001000a596       0x14 CMakeFiles/picow_blink.dir/__/__/lib/pico-sdk/src/rp2_common/pico_multicore/multicore.c.o
                0x000000001000a596                multicore_fifo_push_blocking
 .text.multicore_fifo_pop_blocking
                0x000000001000a5aa       0x16 CMakeFiles/picow_blink.dir/__/__/lib/pico-sdk/src/rp2_common/pico_multicore/multicore.c.o
                0x000000001000a5aa                multicore_fifo_pop_blocking
 .text.multicore_reset_core1
                0x000000001000a5c0       0x6c CMakeFiles/picow_blink.dir/__/__/lib/pico-sdk/src/rp2_common/pico_multicore/multicore.c.o
                0x000000001000a5c0                multicore_reset_core1
 .text.multicore_launch_core1_raw
                0x000000001000a62c       0x70 CMakeFiles/picow_blink.dir/__/__/lib/pico-sdk/src/rp2_common/pico_multicore/multicore.c.o
                0x000000001000a62c                multicore_launch_core1_raw
 .text.multicore_launch_core1_with_stack